<html>
<body>
<pre>
<h1>µVision Build Log</h1>
<h2>Tool Versions:</h2>
IDE-Version: ¦ÌVision V5.14.0.0
Copyright (C) 2015 ARM Ltd and ARM Germany GmbH. All rights reserved.
License Information: a11 Administrator, 12, LIC=03CWF-69IEK-V12P8-3SMXM-Q26W7-CRLRD
 
Tool Versions:
Toolchain:       MDK-ARM Standard  Version: 5.14.0.0
Toolchain Path:  E:\mdk\ARM\ARMCC\Bin
C Compiler:      Armcc.exe V5.05 update 1 (build 106)
Assembler:       Armasm.exe V5.05 update 1 (build 106)
Linker/Locator:  ArmLink.exe V5.05 update 1 (build 106)
Library Manager: ArmAr.exe V5.05 update 1 (build 106)
Hex Converter:   FromElf.exe V5.05 update 1 (build 106)
CPU DLL:         SARMCM3.DLL V5.14.0.0
Dialog DLL:      DCM.DLL V1.13.1.0
Target DLL:      STLink\ST-LINKIII-KEIL_SWO.dll V2.0.14.0_KEIL
Dialog DLL:      TCM.DLL V1.14.4.0
 
<h2>Project:</h2>
D:\ccrepository\32\yjc-stm32f407-learning\demo\2048\USER\Template.uvprojx
Project File Date:  11/01/2020

<h2>Output:</h2>
Rebuild target 'Template'
compiling main.c...
main.c(13): warning:  #177-D: variable "x" was declared but never referenced
        u8 x = 0;
main.c: 1 warning, 0 errors
compiling stm32f4xx_it.c...
compiling system_stm32f4xx.c...
assembling startup_stm32f40_41xxx.s...
compiling misc.c...
compiling stm32f4xx_gpio.c...
compiling stm32f4xx_rcc.c...
compiling stm32f4xx_spi.c...
compiling stm32f4xx_syscfg.c...
compiling stm32f4xx_usart.c...
compiling stm32f4xx_wwdg.c...
compiling stm32f4xx_rng.c...
compiling stm32f4xx_fsmc.c...
compiling delay.c...
compiling sys.c...
compiling usart.c...
compiling led.c...
compiling lcd.c...
compiling rng.c...
compiling game.c...
compiling key.c...
compiling mpu6050.c...
compiling myiic.c...
compiling inv_mpu.c...
compiling inv_mpu_dmp_motion_driver.c...
compiling animation.c...
..\HARDWARE\ANIMATION\animation.c(21): warning:  #174-D: expression has no effect
          for (i = y1; i <= y2, y1 <= end; i++, y1++, y2++)
..\HARDWARE\ANIMATION\animation.c(42): warning:  #174-D: expression has no effect
          for (i = y2; i >= y1, y2 >= end; i--, y1--, y2--)
..\HARDWARE\ANIMATION\animation.c(72): warning:  #174-D: expression has no effect
          for (i = x1-2; i <= x2, x1 <= end; i++, x1++, x2++)
..\HARDWARE\ANIMATION\animation.c(93): warning:  #174-D: expression has no effect
          for (i = x2; i >= x1, x2 >= end; i--, x1--, x2--)
..\HARDWARE\ANIMATION\animation.c: 4 warnings, 0 errors
linking...
Program Size: Code=51448 RO-data=10056 RW-data=184 ZI-data=1864  
FromELF: creating hex file...
"..\OBJ\Template.axf" - 0 Error(s), 5 Warning(s).

<h2>Collection of Component include folders:</h2>
  D:\ccrepository\32\yjc-stm32f407-learning\demo\2048\USER\RTE
  E:\mdk\ARM\PACK\Keil\STM32F4xx_DFP\1.0.8\Device\Include

<h2>Collection of Component Files used:</h2>
</pre>
</body>
</html>
