Component: ARM Compiler 5.05 update 1 (build 106) Tool: armlink [4d0efa]

==============================================================================

Section Cross References

    main.o(.text) refers to misc.o(.text) for NVIC_PriorityGroupConfig
    main.o(.text) refers to delay.o(.text) for delay_init
    main.o(.text) refers to usart.o(.text) for uart_init
    main.o(.text) refers to led.o(.text) for LED_Init
    main.o(.text) refers to lcd.o(.text) for LCD_Init
    main.o(.text) refers to key.o(.text) for KEY_Init
    main.o(.text) refers to mpu6050.o(.text) for MPU_Init
    main.o(.text) refers to inv_mpu.o(.text) for mpu_dmp_init
    main.o(.text) refers to game.o(.text) for initRandom
    main.o(.text) refers to lcd.o(.data) for POINT_COLOR
    system_stm32f4xx.o(.text) refers to system_stm32f4xx.o(.data) for SystemCoreClock
    startup_stm32f40_41xxx.o(STACK) refers (Special) to heapauxi.o(.text) for __use_two_region_memory
    startup_stm32f40_41xxx.o(HEAP) refers (Special) to heapauxi.o(.text) for __use_two_region_memory
    startup_stm32f40_41xxx.o(RESET) refers (Special) to heapauxi.o(.text) for __use_two_region_memory
    startup_stm32f40_41xxx.o(RESET) refers to startup_stm32f40_41xxx.o(STACK) for __initial_sp
    startup_stm32f40_41xxx.o(RESET) refers to startup_stm32f40_41xxx.o(.text) for Reset_Handler
    startup_stm32f40_41xxx.o(RESET) refers to stm32f4xx_it.o(.text) for NMI_Handler
    startup_stm32f40_41xxx.o(RESET) refers to usart.o(.text) for USART1_IRQHandler
    startup_stm32f40_41xxx.o(.text) refers (Special) to heapauxi.o(.text) for __use_two_region_memory
    startup_stm32f40_41xxx.o(.text) refers to system_stm32f4xx.o(.text) for SystemInit
    startup_stm32f40_41xxx.o(.text) refers to __main.o(!!!main) for __main
    startup_stm32f40_41xxx.o(.text) refers to startup_stm32f40_41xxx.o(HEAP) for Heap_Mem
    startup_stm32f40_41xxx.o(.text) refers to startup_stm32f40_41xxx.o(STACK) for Stack_Mem
    stm32f4xx_gpio.o(.text) refers to stm32f4xx_rcc.o(.text) for RCC_AHB1PeriphResetCmd
    stm32f4xx_rcc.o(.text) refers to stm32f4xx_rcc.o(.data) for APBAHBPrescTable
    stm32f4xx_spi.o(.text) refers to stm32f4xx_rcc.o(.text) for RCC_APB2PeriphResetCmd
    stm32f4xx_syscfg.o(.text) refers to stm32f4xx_rcc.o(.text) for RCC_APB2PeriphResetCmd
    stm32f4xx_usart.o(.text) refers to stm32f4xx_rcc.o(.text) for RCC_APB2PeriphResetCmd
    stm32f4xx_wwdg.o(.text) refers to stm32f4xx_rcc.o(.text) for RCC_APB1PeriphResetCmd
    stm32f4xx_rng.o(.text) refers to stm32f4xx_rcc.o(.text) for RCC_AHB2PeriphResetCmd
    stm32f4xx_fsmc.o(.text) refers to stm32f4xx_fsmc.o(.constdata) for FSMC_DefaultTimingStruct
    delay.o(.text) refers to misc.o(.text) for SysTick_CLKSourceConfig
    delay.o(.text) refers to delay.o(.data) for fac_us
    usart.o(.rev16_text) refers (Special) to use_no_semi_2.o(.text) for __use_no_semihosting
    usart.o(.revsh_text) refers (Special) to use_no_semi_2.o(.text) for __use_no_semihosting
    usart.o(.text) refers (Special) to use_no_semi_2.o(.text) for __use_no_semihosting
    usart.o(.text) refers to stm32f4xx_rcc.o(.text) for RCC_AHB1PeriphClockCmd
    usart.o(.text) refers to stm32f4xx_gpio.o(.text) for GPIO_PinAFConfig
    usart.o(.text) refers to stm32f4xx_usart.o(.text) for USART_Init
    usart.o(.text) refers to misc.o(.text) for NVIC_Init
    usart.o(.text) refers to usart.o(.data) for USART_RX_STA
    usart.o(.text) refers to usart.o(.bss) for USART_RX_BUF
    usart.o(.bss) refers (Special) to use_no_semi_2.o(.text) for __use_no_semihosting
    usart.o(.data) refers (Special) to use_no_semi_2.o(.text) for __use_no_semihosting
    led.o(.text) refers to stm32f4xx_rcc.o(.text) for RCC_AHB1PeriphClockCmd
    led.o(.text) refers to stm32f4xx_gpio.o(.text) for GPIO_Init
    lcd.o(.text) refers to _printf_percent.o(.ARM.Collect$$_printf_percent$$00000000) for _printf_percent
    lcd.o(.text) refers to _printf_x.o(.ARM.Collect$$_printf_percent$$0000000C) for _printf_x
    lcd.o(.text) refers to _printf_hex_int.o(.text) for _printf_longlong_hex
    lcd.o(.text) refers to delay.o(.text) for delay_us
    lcd.o(.text) refers to lcd.o(.bss) for lcddev
    lcd.o(.text) refers to lcd.o(.data) for POINT_COLOR
    lcd.o(.text) refers to dflt_clz.o(x$fpl$dfltu) for __aeabi_ui2d
    lcd.o(.text) refers to dmul.o(x$fpl$dmul) for __aeabi_dmul
    lcd.o(.text) refers to dfixu.o(x$fpl$dfixu) for __aeabi_d2uiz
    lcd.o(.text) refers to stm32f4xx_rcc.o(.text) for RCC_AHB1PeriphClockCmd
    lcd.o(.text) refers to stm32f4xx_gpio.o(.text) for GPIO_Init
    lcd.o(.text) refers to stm32f4xx_fsmc.o(.text) for FSMC_NORSRAMInit
    lcd.o(.text) refers to noretval__2printf.o(.text) for __2printf
    lcd.o(.text) refers to lcd.o(.constdata) for asc2_1206
    rng.o(.text) refers to stm32f4xx_rcc.o(.text) for RCC_AHB2PeriphClockCmd
    rng.o(.text) refers to stm32f4xx_rng.o(.text) for RNG_Cmd
    rng.o(.text) refers to delay.o(.text) for delay_us
[...]
    .text                                    0x0800a940   Section        2  use_no_semi_2.o(.text)
    .text                                    0x0800a942   Section       72  llsdiv.o(.text)
    .text                                    0x0800a98c   Section        0  noretval__2printf.o(.text)
    .text                                    0x0800a9a4   Section        0  _printf_pad.o(.text)
    .text                                    0x0800a9f4   Section        0  _printf_dec.o(.text)
    .text                                    0x0800aa6c   Section        0  _printf_hex_int.o(.text)
    .text                                    0x0800aac4   Section        0  __printf_flags_wp.o(.text)
    .text                                    0x0800abfc   Section        0  memcmp.o(.text)
    .text                                    0x0800ac54   Section       16  aeabi_memset.o(.text)
    .text                                    0x0800ac64   Section        0  heapauxi.o(.text)
    .text                                    0x0800ac6a   Section        2  use_no_semi.o(.text)
    .text                                    0x0800ac6c   Section      238  lludivv7m.o(.text)
    .text                                    0x0800ad5a   Section        0  _rserrno.o(.text)
    .text                                    0x0800ad70   Section        0  _printf_intcommon.o(.text)
    .text                                    0x0800ae24   Section        0  _printf_char_file.o(.text)
    .text                                    0x0800ae48   Section       68  rt_memclr.o(.text)
    .text                                    0x0800ae8c   Section        8  rt_errno_addr_intlibspace.o(.text)
    .text                                    0x0800ae94   Section        0  _printf_char_common.o(.text)
    _printf_input_char                       0x0800ae95   Thumb Code    10  _printf_char_common.o(.text)
    .text                                    0x0800aec4   Section        0  ferror.o(.text)
    .text                                    0x0800aecc   Section       78  rt_memclr_w.o(.text)
    .text                                    0x0800af1c   Section        8  libspace.o(.text)
    .text                                    0x0800af24   Section       74  sys_stackheap_outer.o(.text)
    .text                                    0x0800af6e   Section        0  exit.o(.text)
    i.__ARM_fpclassify                       0x0800af7a   Section        0  fpclassify.o(i.__ARM_fpclassify)
    i.__hardfp_asin                          0x0800afb0   Section        0  asin.o(i.__hardfp_asin)
    i.__hardfp_atan                          0x0800b310   Section        0  atan.o(i.__hardfp_atan)
    i.__hardfp_atan2                         0x0800b5e8   Section        0  atan2.o(i.__hardfp_atan2)
    i.__kernel_poly                          0x0800b7d8   Section        0  poly.o(i.__kernel_poly)
    i.__mathlib_dbl_infnan                   0x0800b8d0   Section        0  dunder.o(i.__mathlib_dbl_infnan)
    i.__mathlib_dbl_infnan2                  0x0800b8e4   Section        0  dunder.o(i.__mathlib_dbl_infnan2)
    i.__mathlib_dbl_invalid                  0x0800b8f8   Section        0  dunder.o(i.__mathlib_dbl_invalid)
    i.__mathlib_dbl_underflow                0x0800b918   Section        0  dunder.o(i.__mathlib_dbl_underflow)
    i._is_digit                              0x0800b938   Section        0  __printf_wp.o(i._is_digit)
    i.atan                                   0x0800b946   Section        0  atan.o(i.atan)
    i.fabs                                   0x0800b956   Section        0  fabs.o(i.fabs)
    i.sqrt                                   0x0800b96e   Section        0  sqrt.o(i.sqrt)
    x$fpl$basic                              0x0800b9dc   Section       24  basic.o(x$fpl$basic)
    $v0                                      0x0800b9dc   Number         0  basic.o(x$fpl$basic)
    x$fpl$d2f                                0x0800b9f4   Section       98  d2f.o(x$fpl$d2f)
    $v0                                      0x0800b9f4   Number         0  d2f.o(x$fpl$d2f)
    x$fpl$dadd                               0x0800ba58   Section      336  daddsub_clz.o(x$fpl$dadd)
    $v0                                      0x0800ba58   Number         0  daddsub_clz.o(x$fpl$dadd)
    _dadd1                                   0x0800ba69   Thumb Code     0  daddsub_clz.o(x$fpl$dadd)
    x$fpl$ddiv                               0x0800bba8   Section      688  ddiv.o(x$fpl$ddiv)
    $v0                                      0x0800bba8   Number         0  ddiv.o(x$fpl$ddiv)
    ddiv_entry                               0x0800bbaf   Thumb Code     0  ddiv.o(x$fpl$ddiv)
    x$fpl$dfixu                              0x0800be58   Section       90  dfixu.o(x$fpl$dfixu)
    $v0                                      0x0800be58   Number         0  dfixu.o(x$fpl$dfixu)
    x$fpl$dflt                               0x0800beb2   Section       46  dflt_clz.o(x$fpl$dflt)
    $v0                                      0x0800beb2   Number         0  dflt_clz.o(x$fpl$dflt)
    x$fpl$dfltu                              0x0800bee0   Section       38  dflt_clz.o(x$fpl$dfltu)
    $v0                                      0x0800bee0   Number         0  dflt_clz.o(x$fpl$dfltu)
    x$fpl$dmul                               0x0800bf08   Section      340  dmul.o(x$fpl$dmul)
    $v0                                      0x0800bf08   Number         0  dmul.o(x$fpl$dmul)
    x$fpl$dnaninf                            0x0800c05c   Section      156  dnaninf.o(x$fpl$dnaninf)
    $v0                                      0x0800c05c   Number         0  dnaninf.o(x$fpl$dnaninf)
    x$fpl$dretinf                            0x0800c0f8   Section       12  dretinf.o(x$fpl$dretinf)
    $v0                                      0x0800c0f8   Number         0  dretinf.o(x$fpl$dretinf)
    x$fpl$drsb                               0x0800c104   Section       22  daddsub_clz.o(x$fpl$drsb)
    $v0                                      0x0800c104   Number         0  daddsub_clz.o(x$fpl$drsb)
    x$fpl$dsqrt                              0x0800c11c   Section      408  dsqrt_umaal.o(x$fpl$dsqrt)
    $v0                                      0x0800c11c   Number         0  dsqrt_umaal.o(x$fpl$dsqrt)
    x$fpl$dsub                               0x0800c2b4   Section      468  daddsub_clz.o(x$fpl$dsub)
    $v0                                      0x0800c2b4   Number         0  daddsub_clz.o(x$fpl$dsub)
    _dsub1                                   0x0800c2c5   Thumb Code     0  daddsub_clz.o(x$fpl$dsub)
    x$fpl$f2d                                0x0800c488   Section       86  f2d.o(x$fpl$f2d)
    $v0                                      0x0800c488   Number         0  f2d.o(x$fpl$f2d)
    x$fpl$fnaninf                            0x0800c4de   Section      140  fnaninf.o(x$fpl$fnaninf)
    $v0                                      0x0800c4de   Number         0  fnaninf.o(x$fpl$fnaninf)
    x$fpl$fpinit                             0x0800c56a   Section       10  fpinit.o(x$fpl$fpinit)
    $v0                                      0x0800c56a   Number         0  fpinit.o(x$fpl$fpinit)
    x$fpl$fretinf                            0x0800c574   Section       10  fretinf.o(x$fpl$fretinf)
    $v0                                      0x0800c574   Number         0  fretinf.o(x$fpl$fretinf)
    x$fpl$usenofp                            0x0800c57e   Section        0  usenofp.o(x$fpl$usenofp)
    .constdata                               0x0800c580   Section       28  stm32f4xx_fsmc.o(.constdata)
    .constdata                               0x0800c59c   Section     6080  lcd.o(.constdata)
    .constdata                               0x0800dd5c   Section       80  inv_mpu.o(.constdata)
    .constdata                               0x0800ddac   Section     3062  inv_mpu_dmp_motion_driver.o(.constdata)
    dmp_memory                               0x0800ddac   Data        3062  inv_mpu_dmp_motion_driver.o(.constdata)
    .constdata                               0x0800e9a2   Section       40  _printf_hex_int.o(.constdata)
    uc_hextab                                0x0800e9a2   Data          20  _printf_hex_int.o(.constdata)
    lc_hextab                                0x0800e9b6   Data          20  _printf_hex_int.o(.constdata)
    .constdata                               0x0800e9ca   Section       17  __printf_flags_wp.o(.constdata)
    maptable                                 0x0800e9ca   Data          17  __printf_flags_wp.o(.constdata)
    .constdata                               0x0800e9e0   Section       80  asin.o(.constdata)
    pS                                       0x0800e9e0   Data          48  asin.o(.constdata)
    qS                                       0x0800ea10   Data          32  asin.o(.constdata)
    .constdata                               0x0800ea30   Section      152  atan.o(.constdata)
    atanhi                                   0x0800ea30   Data          32  atan.o(.constdata)
    atanlo                                   0x0800ea50   Data          32  atan.o(.constdata)
    aTodd                                    0x0800ea70   Data          40  atan.o(.constdata)
    aTeven                                   0x0800ea98   Data          48  atan.o(.constdata)
    .constdata                               0x0800eac8   Section        8  qnan.o(.constdata)
    .conststring                             0x0800ead0   Section       77  inv_mpu.o(.conststring)
    .data                                    0x20000000   Section       20  system_stm32f4xx.o(.data)
    .data                                    0x20000014   Section       16  stm32f4xx_rcc.o(.data)
    APBAHBPrescTable                         0x20000014   Data          16  stm32f4xx_rcc.o(.data)
    .data                                    0x20000024   Section        4  delay.o(.data)
    fac_us                                   0x20000024   Data           1  delay.o(.data)
    fac_ms                                   0x20000026   Data           2  delay.o(.data)
    .data                                    0x20000028   Section        6  usart.o(.data)
    .data                                    0x2000002e   Section        4  lcd.o(.data)
    .data                                    0x20000034   Section       68  game.o(.data)
    .data                                    0x20000078   Section        1  key.o(.data)
    key_up                                   0x20000078   Data           1  key.o(.data)
    .data                                    0x2000007c   Section       53  inv_mpu.o(.data)
    st                                       0x2000007c   Data          44  inv_mpu.o(.data)
    gyro_orientation                         0x200000a8   Data           9  inv_mpu.o(.data)
    .bss                                     0x200000b4   Section      200  usart.o(.bss)
    .bss                                     0x2000017c   Section       14  lcd.o(.bss)
    .bss                                     0x2000018c   Section       16  inv_mpu_dmp_motion_driver.o(.bss)
    dmp                                      0x2000018c   Data          16  inv_mpu_dmp_motion_driver.o(.bss)
    .bss                                     0x2000019c   Section       96  libspace.o(.bss)
    HEAP                                     0x20000200   Section      512  startup_stm32f40_41xxx.o(HEAP)
    Heap_Mem                                 0x20000200   Data         512  startup_stm32f40_41xxx.o(HEAP)
    STACK                                    0x20000400   Section     1024  startup_stm32f40_41xxx.o(STACK)
    Stack_Mem                                0x20000400   Data        1024  startup_stm32f40_41xxx.o(STACK)
    __initial_sp                             0x20000800   Data           0  startup_stm32f40_41xxx.o(STACK)

    Global Symbols

    Symbol Name                              Value     Ov Type        Size  Object(Section)

    BuildAttributes$$THM_ISAv4$E$P$D$K$B$S$7EM$VFPi3$EXTD16$VFPS$VFMA$PE$A:L22UL41UL21$X:L11$S22US41US21$IEEE1$IW$USESV6$~STKCKD$USESV7$~SHL$OTIME$ROPI$IEEEX$EBA8$UX$STANDARDLIB$REQ8$PRES8$EABIv2 0x00000000   Number         0  anon$$obj.o ABSOLUTE
    __ARM_use_no_argv                        0x00000000   Number         0  main.o ABSOLUTE
    _printf_flags                            0x00000000   Number         0  printf_stubs.o ABSOLUTE
    _printf_return_value                     0x00000000   Number         0  printf_stubs.o ABSOLUTE
    _printf_sizespec                         0x00000000   Number         0  printf_stubs.o ABSOLUTE
    _printf_widthprec                        0x00000000   Number         0  printf_stubs.o ABSOLUTE
    __ARM_exceptions_init                     - Undefined Weak Reference
    __alloca_initialize                       - Undefined Weak Reference
    __arm_preinit_                            - Undefined Weak Reference
    __cpp_initialize__aeabi_                  - Undefined Weak Reference
    __cxa_finalize                            - Undefined Weak Reference
    __rt_locale                               - Undefined Weak Reference
    __sigvec_lookup                           - Undefined Weak Reference
    _atexit_init                              - Undefined Weak Reference
    _call_atexit_fns                          - Undefined Weak Reference
    _clock_init                               - Undefined Weak Reference
    _fp_trap_init                             - Undefined Weak Reference
    _fp_trap_shutdown                         - Undefined Weak Reference
    _get_lc_collate                           - Undefined Weak Reference
    _get_lc_ctype                             - Undefined Weak Reference
    _get_lc_monetary                          - Undefined Weak Reference
    _get_lc_numeric                           - Undefined Weak Reference
    _get_lc_time                              - Undefined Weak Reference
    _getenv_init                              - Undefined Weak Reference
    _handle_redirection                       - Undefined Weak Reference
    _init_alloc                               - Undefined Weak Reference
    _init_user_alloc                          - Undefined Weak Reference
    _initio                                   - Undefined Weak Reference
    _mutex_acquire                            - Undefined Weak Reference
    _mutex_release                            - Undefined Weak Reference
    _printf_truncate_signed                   - Undefined Weak Reference
    _printf_truncate_unsigned                 - Undefined Weak Reference
    _rand_init                                - Undefined Weak Reference
    _signal_finish                            - Undefined Weak Reference
    _signal_init                              - Undefined Weak Reference
    _terminate_alloc                          - Undefined Weak Reference
    _terminate_user_alloc                     - Undefined Weak Reference
    _terminateio                              - Undefined Weak Reference
    __Vectors_Size                           0x00000188   Number         0  startup_stm32f40_41xxx.o ABSOLUTE
    __Vectors                                0x08000000   Data           4  startup_stm32f40_41xxx.o(RESET)
    __Vectors_End                            0x08000188   Data           0  startup_stm32f40_41xxx.o(RESET)
    __main                                   0x08000189   Thumb Code     8  __main.o(!!!main)
    __scatterload                            0x08000191   Thumb Code     0  __scatter.o(!!!scatter)
    __scatterload_rt2                        0x08000191   Thumb Code    44  __scatter.o(!!!scatter)
    __scatterload_rt2_thumb_only             0x08000191   Thumb Code     0  __scatter.o(!!!scatter)
    __scatterload_null                       0x0800019f   Thumb Code     0  __scatter.o(!!!scatter)
    __scatterload_copy                       0x080001c5   Thumb Code    26  __scatter_copy.o(!!handler_copy)
    __scatterload_zeroinit                   0x080001e1   Thumb Code    28  __scatter_zi.o(!!handler_zi)
    _printf_d                                0x080001fd   Thumb Code     0  _printf_d.o(.ARM.Collect$$_printf_percent$$00000009)
    _printf_percent                          0x080001fd   Thumb Code     0  _printf_percent.o(.ARM.Collect$$_printf_percent$$00000000)
    _printf_x                                0x08000203   Thumb Code     0  _printf_x.o(.ARM.Collect$$_printf_percent$$0000000C)
    _printf_percent_end                      0x08000209   Thumb Code     0  _printf_percent_end.o(.ARM.Collect$$_printf_percent$$00000017)
    __rt_lib_init                            0x0800020d   Thumb Code     0  libinit.o(.ARM.Collect$$libinit$$00000000)
    __rt_lib_init_fp_1                       0x0800020f   Thumb Code     0  libinit2.o(.ARM.Collect$$libinit$$00000001)
    __rt_lib_init_alloca_1                   0x08000213   Thumb Code     0  libinit2.o(.ARM.Collect$$libinit$$0000002E)
    __rt_lib_init_argv_1                     0x08000213   Thumb Code     0  libinit2.o(.ARM.Collect$$libinit$$0000002C)
    __rt_lib_init_atexit_1                   0x08000213   Thumb Code     0  libinit2.o(.ARM.Collect$$libinit$$0000001B)
    __rt_lib_init_clock_1                    0x08000213   Thumb Code     0  libinit2.o(.ARM.Collect$$libinit$$00000021)
    __rt_lib_init_cpp_1                      0x08000213   Thumb Code     0  libinit2.o(.ARM.Collect$$libinit$$00000032)
    __rt_lib_init_exceptions_1               0x08000213   Thumb Code     0  libinit2.o(.ARM.Collect$$libinit$$00000030)
    __rt_lib_init_fp_trap_1                  0x08000213   Thumb Code     0  libinit2.o(.ARM.Collect$$libinit$$0000001F)
    __rt_lib_init_getenv_1                   0x08000213   Thumb Code     0  libinit2.o(.ARM.Collect$$libinit$$00000023)
    __rt_lib_init_heap_1                     0x08000213   Thumb Code     0  libinit2.o(.ARM.Collect$$libinit$$0000000A)
    __rt_lib_init_lc_collate_1               0x08000213   Thumb Code     0  libinit2.o(.ARM.Collect$$libinit$$00000011)
    __rt_lib_init_lc_ctype_1                 0x08000213   Thumb Code     0  libinit2.o(.ARM.Collect$$libinit$$00000013)
    __rt_lib_init_lc_monetary_1              0x08000213   Thumb Code     0  libinit2.o(.ARM.Collect$$libinit$$00000015)
    __rt_lib_init_lc_numeric_1               0x08000213   Thumb Code     0  libinit2.o(.ARM.Collect$$libinit$$00000017)
    __rt_lib_init_lc_time_1                  0x08000213   Thumb Code     0  libinit2.o(.ARM.Collect$$libinit$$00000019)
    __rt_lib_init_preinit_1                  0x08000213   Thumb Code     0  libinit2.o(.ARM.Collect$$libinit$$00000004)
    __rt_lib_init_rand_1                     0x08000213   Thumb Code     0  libinit2.o(.ARM.Collect$$libinit$$0000000E)
    __rt_lib_init_return                     0x08000213   Thumb Code     0  libinit2.o(.ARM.Collect$$libinit$$00000033)
    __rt_lib_init_signal_1                   0x08000213   Thumb Code     0  libinit2.o(.ARM.Collect$$libinit$$0000001D)
    __rt_lib_init_stdio_1                    0x08000213   Thumb Code     0  libinit2.o(.ARM.Collect$$libinit$$00000025)
    __rt_lib_init_user_alloc_1               0x08000213   Thumb Code     0  libinit2.o(.ARM.Collect$$libinit$$0000000C)
    __rt_lib_shutdown                        0x08000215   Thumb Code     0  libshutdown.o(.ARM.Collect$$libshutdown$$00000000)
    __rt_lib_shutdown_fp_trap_1              0x08000217   Thumb Code     0  libshutdown2.o(.ARM.Collect$$libshutdown$$00000006)
    __rt_lib_shutdown_heap_1                 0x08000217   Thumb Code     0  libshutdown2.o(.ARM.Collect$$libshutdown$$0000000E)
    __rt_lib_shutdown_return                 0x08000217   Thumb Code     0  libshutdown2.o(.ARM.Collect$$libshutdown$$0000000F)
    __rt_lib_shutdown_signal_1               0x08000217   Thumb Code     0  libshutdown2.o(.ARM.Collect$$libshutdown$$00000009)
    __rt_lib_shutdown_stdio_1                0x08000217   Thumb Code     0  libshutdown2.o(.ARM.Collect$$libshutdown$$00000003)
    __rt_lib_shutdown_user_alloc_1           0x08000217   Thumb Code     0  libshutdown2.o(.ARM.Collect$$libshutdown$$0000000B)
    __rt_entry                               0x08000219   Thumb Code     0  __rtentry.o(.ARM.Collect$$rtentry$$00000000)
    __rt_entry_presh_1                       0x08000219   Thumb Code     0  __rtentry2.o(.ARM.Collect$$rtentry$$00000002)
    __rt_entry_sh                            0x08000219   Thumb Code     0  __rtentry4.o(.ARM.Collect$$rtentry$$00000004)
    __rt_entry_li                            0x0800021f   Thumb Code     0  __rtentry2.o(.ARM.Collect$$rtentry$$0000000A)
    __rt_entry_postsh_1                      0x0800021f   Thumb Code     0  __rtentry2.o(.ARM.Collect$$rtentry$$00000009)
    __rt_entry_main                          0x08000223   Thumb Code     0  __rtentry2.o(.ARM.Collect$$rtentry$$0000000D)
    __rt_entry_postli_1                      0x08000223   Thumb Code     0  __rtentry2.o(.ARM.Collect$$rtentry$$0000000C)
    __rt_exit                                0x0800022b   Thumb Code     0  rtexit.o(.ARM.Collect$$rtexit$$00000000)
    __rt_exit_ls                             0x0800022d   Thumb Code     0  rtexit2.o(.ARM.Collect$$rtexit$$00000003)
    __rt_exit_prels_1                        0x0800022d   Thumb Code     0  rtexit2.o(.ARM.Collect$$rtexit$$00000002)
    __rt_exit_exit                           0x08000231   Thumb Code     0  rtexit2.o(.ARM.Collect$$rtexit$$00000004)
    main                                     0x08000239   Thumb Code   298  main.o(.text)
    NMI_Handler                              0x080003f5   Thumb Code     2  stm32f4xx_it.o(.text)
    HardFault_Handler                        0x080003f7   Thumb Code     4  stm32f4xx_it.o(.text)
    MemManage_Handler                        0x080003fb   Thumb Code     4  stm32f4xx_it.o(.text)
    BusFault_Handler                         0x080003ff   Thumb Code     4  stm32f4xx_it.o(.text)
    UsageFault_Handler                       0x08000403   Thumb Code     4  stm32f4xx_it.o(.text)
    SVC_Handler                              0x08000407   Thumb Code     2  stm32f4xx_it.o(.text)
    DebugMon_Handler                         0x08000409   Thumb Code     2  stm32f4xx_it.o(.text)
    PendSV_Handler                           0x0800040b   Thumb Code     2  stm32f4xx_it.o(.text)
    SysTick_Handler                          0x0800040d   Thumb Code     2  stm32f4xx_it.o(.text)
    SystemInit                               0x080004ed   Thumb Code    88  system_stm32f4xx.o(.text)
    SystemCoreClockUpdate                    0x08000545   Thumb Code   174  system_stm32f4xx.o(.text)
    Reset_Handler                            0x08000621   Thumb Code     8  startup_stm32f40_41xxx.o(.text)
    ADC_IRQHandler                           0x0800063b   Thumb Code     0  startup_stm32f40_41xxx.o(.text)
    CAN1_RX0_IRQHandler                      0x0800063b   Thumb Code     0  startup_stm32f40_41xxx.o(.text)
    CAN1_RX1_IRQHandler                      0x0800063b   Thumb Code     0  startup_stm32f40_41xxx.o(.text)
    CAN1_SCE_IRQHandler                      0x0800063b   Thumb Code     0  startup_stm32f40_41xxx.o(.text)
    CAN1_TX_IRQHandler                       0x0800063b   Thumb Code     0  startup_stm32f40_41xxx.o(.text)
    CAN2_RX0_IRQHandler                      0x0800063b   Thumb Code     0  startup_stm32f40_41xxx.o(.text)
    CAN2_RX1_IRQHandler                      0x0800063b   Thumb Code     0  startup_stm32f40_41xxx.o(.text)
    CAN2_SCE_IRQHandler                      0x0800063b   Thumb Code     0  startup_stm32f40_41xxx.o(.text)
    CAN2_TX_IRQHandler                       0x0800063b   Thumb Code     0  startup_stm32f40_41xxx.o(.text)
    CRYP_IRQHandler                          0x0800063b   Thumb Code     0  startup_stm32f40_41xxx.o(.text)
    DCMI_IRQHandler                          0x0800063b   Thumb Code     0  startup_stm32f40_41xxx.o(.text)
    DMA1_Stream0_IRQHandler                  0x0800063b   Thumb Code     0  startup_stm32f40_41xxx.o(.text)
    DMA1_Stream1_IRQHandler                  0x0800063b   Thumb Code     0  startup_stm32f40_41xxx.o(.text)
    DMA1_Stream2_IRQHandler                  0x0800063b   Thumb Code     0  startup_stm32f40_41xxx.o(.text)
    DMA1_Stream3_IRQHandler                  0x0800063b   Thumb Code     0  startup_stm32f40_41xxx.o(.text)
    DMA1_Stream4_IRQHandler                  0x0800063b   Thumb Code     0  startup_stm32f40_41xxx.o(.text)
    DMA1_Stream5_IRQHandler                  0x0800063b   Thumb Code     0  startup_stm32f40_41xxx.o(.text)
    DMA1_Stream6_IRQHandler                  0x0800063b   Thumb Code     0  startup_stm32f40_41xxx.o(.text)
    DMA1_Stream7_IRQHandler                  0x0800063b   Thumb Code     0  startup_stm32f40_41xxx.o(.text)
    DMA2_Stream0_IRQHandler                  0x0800063b   Thumb Code     0  startup_stm32f40_41xxx.o(.text)
    DMA2_Stream1_IRQHandler                  0x0800063b   Thumb Code     0  startup_stm32f40_41xxx.o(.text)
    DMA2_Stream2_IRQHandler                  0x0800063b   Thumb Code     0  startup_stm32f40_41xxx.o(.text)
    DMA2_Stream3_IRQHandler                  0x0800063b   Thumb Code     0  startup_stm32f40_41xxx.o(.text)
    DMA2_Stream4_IRQHandler                  0x0800063b   Thumb Code     0  startup_stm32f40_41xxx.o(.text)
    DMA2_Stream5_IRQHandler                  0x0800063b   Thumb Code     0  startup_stm32f40_41xxx.o(.text)
    DMA2_Stream6_IRQHandler                  0x0800063b   Thumb Code     0  startup_stm32f40_41xxx.o(.text)
    DMA2_Stream7_IRQHandler                  0x0800063b   Thumb Code     0  startup_stm32f40_41xxx.o(.text)
    ETH_IRQHandler                           0x0800063b   Thumb Code     0  startup_stm32f40_41xxx.o(.text)
    ETH_WKUP_IRQHandler                      0x0800063b   Thumb Code     0  startup_stm32f40_41xxx.o(.text)
    EXTI0_IRQHandler                         0x0800063b   Thumb Code     0  startup_stm32f40_41xxx.o(.text)
    EXTI15_10_IRQHandler                     0x0800063b   Thumb Code     0  startup_stm32f40_41xxx.o(.text)
    EXTI1_IRQHandler                         0x0800063b   Thumb Code     0  startup_stm32f40_41xxx.o(.text)
    EXTI2_IRQHandler                         0x0800063b   Thumb Code     0  startup_stm32f40_41xxx.o(.text)
    EXTI3_IRQHandler                         0x0800063b   Thumb Code     0  startup_stm32f40_41xxx.o(.text)
    EXTI4_IRQHandler                         0x0800063b   Thumb Code     0  startup_stm32f40_41xxx.o(.text)
    EXTI9_5_IRQHandler                       0x0800063b   Thumb Code     0  startup_stm32f40_41xxx.o(.text)
    FLASH_IRQHandler                         0x0800063b   Thumb Code     0  startup_stm32f40_41xxx.o(.text)
    FPU_IRQHandler                           0x0800063b   Thumb Code     0  startup_stm32f40_41xxx.o(.text)
    FSMC_IRQHandler                          0x0800063b   Thumb Code     0  startup_stm32f40_41xxx.o(.text)
    HASH_RNG_IRQHandler                      0x0800063b   Thumb Code     0  startup_stm32f40_41xxx.o(.text)
    I2C1_ER_IRQHandler                       0x0800063b   Thumb Code     0  startup_stm32f40_41xxx.o(.text)
    I2C1_EV_IRQHandler                       0x0800063b   Thumb Code     0  startup_stm32f40_41xxx.o(.text)
    I2C2_ER_IRQHandler                       0x0800063b   Thumb Code     0  startup_stm32f40_41xxx.o(.text)
    I2C2_EV_IRQHandler                       0x0800063b   Thumb Code     0  startup_stm32f40_41xxx.o(.text)
    I2C3_ER_IRQHandler                       0x0800063b   Thumb Code     0  startup_stm32f40_41xxx.o(.text)
    I2C3_EV_IRQHandler                       0x0800063b   Thumb Code     0  startup_stm32f40_41xxx.o(.text)
    OTG_FS_IRQHandler                        0x0800063b   Thumb Code     0  startup_stm32f40_41xxx.o(.text)
    OTG_FS_WKUP_IRQHandler                   0x0800063b   Thumb Code     0  startup_stm32f40_41xxx.o(.text)
    OTG_HS_EP1_IN_IRQHandler                 0x0800063b   Thumb Code     0  startup_stm32f40_41xxx.o(.text)
    OTG_HS_EP1_OUT_IRQHandler                0x0800063b   Thumb Code     0  startup_stm32f40_41xxx.o(.text)
    OTG_HS_IRQHandler                        0x0800063b   Thumb Code     0  startup_stm32f40_41xxx.o(.text)
    OTG_HS_WKUP_IRQHandler                   0x0800063b   Thumb Code     0  startup_stm32f40_41xxx.o(.text)
    PVD_IRQHandler                           0x0800063b   Thumb Code     0  startup_stm32f40_41xxx.o(.text)
    RCC_IRQHandler                           0x0800063b   Thumb Code     0  startup_stm32f40_41xxx.o(.text)
    RTC_Alarm_IRQHandler                     0x0800063b   Thumb Code     0  startup_stm32f40_41xxx.o(.text)
    RTC_WKUP_IRQHandler                      0x0800063b   Thumb Code     0  startup_stm32f40_41xxx.o(.text)
    SDIO_IRQHandler                          0x0800063b   Thumb Code     0  startup_stm32f40_41xxx.o(.text)
    SPI1_IRQHandler                          0x0800063b   Thumb Code     0  startup_stm32f40_41xxx.o(.text)
    SPI2_IRQHandler                          0x0800063b   Thumb Code     0  startup_stm32f40_41xxx.o(.text)
    SPI3_IRQHandler                          0x0800063b   Thumb Code     0  startup_stm32f40_41xxx.o(.text)
    TAMP_STAMP_IRQHandler                    0x0800063b   Thumb Code     0  startup_stm32f40_41xxx.o(.text)
    TIM1_BRK_TIM9_IRQHandler                 0x0800063b   Thumb Code     0  startup_stm32f40_41xxx.o(.text)
    TIM1_CC_IRQHandler                       0x0800063b   Thumb Code     0  startup_stm32f40_41xxx.o(.text)
    TIM1_TRG_COM_TIM11_IRQHandler            0x0800063b   Thumb Code     0  startup_stm32f40_41xxx.o(.text)
    TIM1_UP_TIM10_IRQHandler                 0x0800063b   Thumb Code     0  startup_stm32f40_41xxx.o(.text)
    TIM2_IRQHandler                          0x0800063b   Thumb Code     0  startup_stm32f40_41xxx.o(.text)
    TIM3_IRQHandler                          0x0800063b   Thumb Code     0  startup_stm32f40_41xxx.o(.text)
    TIM4_IRQHandler                          0x0800063b   Thumb Code     0  startup_stm32f40_41xxx.o(.text)
    TIM5_IRQHandler                          0x0800063b   Thumb Code     0  startup_stm32f40_41xxx.o(.text)
    TIM6_DAC_IRQHandler                      0x0800063b   Thumb Code     0  startup_stm32f40_41xxx.o(.text)
    TIM7_IRQHandler                          0x0800063b   Thumb Code     0  startup_stm32f40_41xxx.o(.text)
    TIM8_BRK_TIM12_IRQHandler                0x0800063b   Thumb Code     0  startup_stm32f40_41xxx.o(.text)
    TIM8_CC_IRQHandler                       0x0800063b   Thumb Code     0  startup_stm32f40_41xxx.o(.text)
    TIM8_TRG_COM_TIM14_IRQHandler            0x0800063b   Thumb Code     0  startup_stm32f40_41xxx.o(.text)
    TIM8_UP_TIM13_IRQHandler                 0x0800063b   Thumb Code     0  startup_stm32f40_41xxx.o(.text)
    UART4_IRQHandler                         0x0800063b   Thumb Code     0  startup_stm32f40_41xxx.o(.text)
    UART5_IRQHandler                         0x0800063b   Thumb Code     0  startup_stm32f40_41xxx.o(.text)
    USART2_IRQHandler                        0x0800063b   Thumb Code     0  startup_stm32f40_41xxx.o(.text)
    USART3_IRQHandler                        0x0800063b   Thumb Code     0  startup_stm32f40_41xxx.o(.text)
    USART6_IRQHandler                        0x0800063b   Thumb Code     0  startup_stm32f40_41xxx.o(.text)
    WWDG_IRQHandler                          0x0800063b   Thumb Code     0  startup_stm32f40_41xxx.o(.text)
    __user_initial_stackheap                 0x0800063d   Thumb Code     0  startup_stm32f40_41xxx.o(.text)
    NVIC_PriorityGroupConfig                 0x08000661   Thumb Code    10  misc.o(.text)
    NVIC_Init                                0x0800066b   Thumb Code   106  misc.o(.text)
    NVIC_SetVectorTable                      0x080006d5   Thumb Code    14  misc.o(.text)
    NVIC_SystemLPConfig                      0x080006e3   Thumb Code    34  misc.o(.text)
    SysTick_CLKSourceConfig                  0x08000705   Thumb Code    40  misc.o(.text)
    GPIO_DeInit                              0x08000741   Thumb Code   268  stm32f4xx_gpio.o(.text)
    GPIO_Init                                0x0800084d   Thumb Code   144  stm32f4xx_gpio.o(.text)
    GPIO_StructInit                          0x080008dd   Thumb Code    18  stm32f4xx_gpio.o(.text)
    GPIO_PinLockConfig                       0x080008ef   Thumb Code    34  stm32f4xx_gpio.o(.text)
    GPIO_ReadInputDataBit                    0x08000911   Thumb Code    18  stm32f4xx_gpio.o(.text)
    GPIO_ReadInputData                       0x08000923   Thumb Code     8  stm32f4xx_gpio.o(.text)
    GPIO_ReadOutputDataBit                   0x0800092b   Thumb Code    18  stm32f4xx_gpio.o(.text)
    GPIO_ReadOutputData                      0x0800093d   Thumb Code     8  stm32f4xx_gpio.o(.text)
    GPIO_SetBits                             0x08000945   Thumb Code     4  stm32f4xx_gpio.o(.text)
    GPIO_ResetBits                           0x08000949   Thumb Code     4  stm32f4xx_gpio.o(.text)
    GPIO_WriteBit                            0x0800094d   Thumb Code    10  stm32f4xx_gpio.o(.text)
    GPIO_Write                               0x08000957   Thumb Code     4  stm32f4xx_gpio.o(.text)
    GPIO_ToggleBits                          0x0800095b   Thumb Code     8  stm32f4xx_gpio.o(.text)
    GPIO_PinAFConfig                         0x08000963   Thumb Code    70  stm32f4xx_gpio.o(.text)
    RCC_DeInit                               0x080009d5   Thumb Code    82  stm32f4xx_rcc.o(.text)
    RCC_HSEConfig                            0x08000a27   Thumb Code    14  stm32f4xx_rcc.o(.text)
    RCC_GetFlagStatus                        0x08000a35   Thumb Code    60  stm32f4xx_rcc.o(.text)
    RCC_WaitForHSEStartUp                    0x08000a71   Thumb Code    56  stm32f4xx_rcc.o(.text)
    RCC_AdjustHSICalibrationValue            0x08000aa9   Thumb Code    20  stm32f4xx_rcc.o(.text)
    RCC_HSICmd                               0x08000abd   Thumb Code     6  stm32f4xx_rcc.o(.text)
    RCC_LSEConfig                            0x08000ac3   Thumb Code    46  stm32f4xx_rcc.o(.text)
    RCC_LSICmd                               0x08000af1   Thumb Code     6  stm32f4xx_rcc.o(.text)
    RCC_PLLConfig                            0x08000af7   Thumb Code    32  stm32f4xx_rcc.o(.text)
    RCC_PLLCmd                               0x08000b17   Thumb Code     6  stm32f4xx_rcc.o(.text)
    RCC_PLLI2SConfig                         0x08000b1d   Thumb Code    14  stm32f4xx_rcc.o(.text)
    RCC_PLLI2SCmd                            0x08000b2b   Thumb Code     6  stm32f4xx_rcc.o(.text)
    RCC_PLLSAIConfig                         0x08000b31   Thumb Code    20  stm32f4xx_rcc.o(.text)
    RCC_PLLSAICmd                            0x08000b45   Thumb Code     6  stm32f4xx_rcc.o(.text)
    RCC_ClockSecuritySystemCmd               0x08000b4b   Thumb Code     6  stm32f4xx_rcc.o(.text)
    RCC_MCO1Config                           0x08000b51   Thumb Code    28  stm32f4xx_rcc.o(.text)
    RCC_MCO2Config                           0x08000b6d   Thumb Code    28  stm32f4xx_rcc.o(.text)
    RCC_SYSCLKConfig                         0x08000b89   Thumb Code    20  stm32f4xx_rcc.o(.text)
    RCC_GetSYSCLKSource                      0x08000b9d   Thumb Code    12  stm32f4xx_rcc.o(.text)
    RCC_HCLKConfig                           0x08000ba9   Thumb Code    20  stm32f4xx_rcc.o(.text)
    RCC_PCLK1Config                          0x08000bbd   Thumb Code    20  stm32f4xx_rcc.o(.text)
    RCC_PCLK2Config                          0x08000bd1   Thumb Code    22  stm32f4xx_rcc.o(.text)
    RCC_GetClocksFreq                        0x08000be7   Thumb Code   222  stm32f4xx_rcc.o(.text)
    RCC_RTCCLKConfig                         0x08000cc5   Thumb Code    54  stm32f4xx_rcc.o(.text)
    RCC_RTCCLKCmd                            0x08000cfb   Thumb Code     8  stm32f4xx_rcc.o(.text)
    RCC_BackupResetCmd                       0x08000d03   Thumb Code     8  stm32f4xx_rcc.o(.text)
    RCC_I2SCLKConfig                         0x08000d0b   Thumb Code     6  stm32f4xx_rcc.o(.text)
    RCC_SAIPLLI2SClkDivConfig                0x08000d11   Thumb Code    26  stm32f4xx_rcc.o(.text)
    RCC_SAIPLLSAIClkDivConfig                0x08000d2b   Thumb Code    28  stm32f4xx_rcc.o(.text)
    RCC_SAIBlockACLKConfig                   0x08000d47   Thumb Code    20  stm32f4xx_rcc.o(.text)
    RCC_SAIBlockBCLKConfig                   0x08000d5b   Thumb Code    20  stm32f4xx_rcc.o(.text)
    RCC_LTDCCLKDivConfig                     0x08000d6f   Thumb Code    20  stm32f4xx_rcc.o(.text)
    RCC_TIMCLKPresConfig                     0x08000d83   Thumb Code     6  stm32f4xx_rcc.o(.text)
    RCC_AHB1PeriphClockCmd                   0x08000d89   Thumb Code    34  stm32f4xx_rcc.o(.text)
    RCC_AHB2PeriphClockCmd                   0x08000dab   Thumb Code    78  stm32f4xx_rcc.o(.text)
    RCC_AHB3PeriphClockCmd                   0x08000df9   Thumb Code    34  stm32f4xx_rcc.o(.text)
    RCC_APB1PeriphClockCmd                   0x08000e1b   Thumb Code    34  stm32f4xx_rcc.o(.text)
    RCC_APB2PeriphClockCmd                   0x08000e3d   Thumb Code    34  stm32f4xx_rcc.o(.text)
    RCC_AHB1PeriphResetCmd                   0x08000e5f   Thumb Code    34  stm32f4xx_rcc.o(.text)
    RCC_AHB2PeriphResetCmd                   0x08000e81   Thumb Code    34  stm32f4xx_rcc.o(.text)
    RCC_AHB3PeriphResetCmd                   0x08000ea3   Thumb Code    34  stm32f4xx_rcc.o(.text)
    RCC_APB1PeriphResetCmd                   0x08000ec5   Thumb Code    34  stm32f4xx_rcc.o(.text)
    RCC_APB2PeriphResetCmd                   0x08000ee7   Thumb Code    34  stm32f4xx_rcc.o(.text)
    RCC_AHB1PeriphClockLPModeCmd             0x08000f09   Thumb Code    34  stm32f4xx_rcc.o(.text)
    RCC_AHB2PeriphClockLPModeCmd             0x08000f2b   Thumb Code    34  stm32f4xx_rcc.o(.text)
    RCC_AHB3PeriphClockLPModeCmd             0x08000f4d   Thumb Code    34  stm32f4xx_rcc.o(.text)
    RCC_APB1PeriphClockLPModeCmd             0x08000f6f   Thumb Code    34  stm32f4xx_rcc.o(.text)
    RCC_APB2PeriphClockLPModeCmd             0x08000f91   Thumb Code    34  stm32f4xx_rcc.o(.text)
    RCC_LSEModeConfig                        0x08000fb3   Thumb Code    40  stm32f4xx_rcc.o(.text)
    RCC_ITConfig                             0x08000fdb   Thumb Code    34  stm32f4xx_rcc.o(.text)
    RCC_ClearFlag                            0x08000ffd   Thumb Code    18  stm32f4xx_rcc.o(.text)
    RCC_GetITStatus                          0x0800100f   Thumb Code    22  stm32f4xx_rcc.o(.text)
    RCC_ClearITPendingBit                    0x08001025   Thumb Code     8  stm32f4xx_rcc.o(.text)
    USART_DeInit                             0x08001031   Thumb Code   206  stm32f4xx_usart.o(.text)
    USART_Init                               0x080010ff   Thumb Code   204  stm32f4xx_usart.o(.text)
    USART_StructInit                         0x080011cb   Thumb Code    24  stm32f4xx_usart.o(.text)
    USART_ClockInit                          0x080011e3   Thumb Code    32  stm32f4xx_usart.o(.text)
    USART_ClockStructInit                    0x08001203   Thumb Code    12  stm32f4xx_usart.o(.text)
    USART_Cmd                                0x0800120f   Thumb Code    24  stm32f4xx_usart.o(.text)
    USART_SetPrescaler                       0x08001227   Thumb Code    16  stm32f4xx_usart.o(.text)
    USART_OverSampling8Cmd                   0x08001237   Thumb Code    22  stm32f4xx_usart.o(.text)
    USART_OneBitMethodCmd                    0x0800124d   Thumb Code    24  stm32f4xx_usart.o(.text)
    USART_SendData                           0x08001265   Thumb Code     8  stm32f4xx_usart.o(.text)
    USART_ReceiveData                        0x0800126d   Thumb Code    10  stm32f4xx_usart.o(.text)
    USART_SetAddress                         0x08001277   Thumb Code    18  stm32f4xx_usart.o(.text)
    USART_ReceiverWakeUpCmd                  0x08001289   Thumb Code    24  stm32f4xx_usart.o(.text)
    USART_WakeUpConfig                       0x080012a1   Thumb Code    18  stm32f4xx_usart.o(.text)
    USART_LINBreakDetectLengthConfig         0x080012b3   Thumb Code    18  stm32f4xx_usart.o(.text)
    USART_LINCmd                             0x080012c5   Thumb Code    24  stm32f4xx_usart.o(.text)
    USART_SendBreak                          0x080012dd   Thumb Code    10  stm32f4xx_usart.o(.text)
    USART_HalfDuplexCmd                      0x080012e7   Thumb Code    24  stm32f4xx_usart.o(.text)
    USART_SetGuardTime                       0x080012ff   Thumb Code    16  stm32f4xx_usart.o(.text)
    USART_SmartCardCmd                       0x0800130f   Thumb Code    24  stm32f4xx_usart.o(.text)
    USART_SmartCardNACKCmd                   0x08001327   Thumb Code    24  stm32f4xx_usart.o(.text)
    USART_IrDAConfig                         0x0800133f   Thumb Code    18  stm32f4xx_usart.o(.text)
    USART_IrDACmd                            0x08001351   Thumb Code    24  stm32f4xx_usart.o(.text)
    USART_DMACmd                             0x08001369   Thumb Code    18  stm32f4xx_usart.o(.text)
    USART_ITConfig                           0x0800137b   Thumb Code    74  stm32f4xx_usart.o(.text)
    USART_GetFlagStatus                      0x080013c5   Thumb Code    26  stm32f4xx_usart.o(.text)
    USART_ClearFlag                          0x080013df   Thumb Code    18  stm32f4xx_usart.o(.text)
    USART_GetITStatus                        0x080013f1   Thumb Code   118  stm32f4xx_usart.o(.text)
    USART_ClearITPendingBit                  0x08001467   Thumb Code    30  stm32f4xx_usart.o(.text)
    RNG_DeInit                               0x08001485   Thumb Code    20  stm32f4xx_rng.o(.text)
    RNG_Cmd                                  0x08001499   Thumb Code    30  stm32f4xx_rng.o(.text)
    RNG_GetRandomNumber                      0x080014b7   Thumb Code     8  stm32f4xx_rng.o(.text)
    RNG_ITConfig                             0x080014bf   Thumb Code    30  stm32f4xx_rng.o(.text)
    RNG_GetFlagStatus                        0x080014dd   Thumb Code    22  stm32f4xx_rng.o(.text)
    RNG_ClearFlag                            0x080014f3   Thumb Code    12  stm32f4xx_rng.o(.text)
    RNG_GetITStatus                          0x080014ff   Thumb Code    22  stm32f4xx_rng.o(.text)
    RNG_ClearITPendingBit                    0x08001515   Thumb Code    12  stm32f4xx_rng.o(.text)
    FSMC_NORSRAMDeInit                       0x08001525   Thumb Code    54  stm32f4xx_fsmc.o(.text)
    FSMC_NORSRAMInit                         0x0800155b   Thumb Code   230  stm32f4xx_fsmc.o(.text)
    FSMC_NORSRAMStructInit                   0x08001641   Thumb Code    48  stm32f4xx_fsmc.o(.text)
    FSMC_NORSRAMCmd                          0x08001671   Thumb Code    46  stm32f4xx_fsmc.o(.text)
    FSMC_NANDDeInit                          0x0800169f   Thumb Code    62  stm32f4xx_fsmc.o(.text)
    FSMC_NANDInit                            0x080016dd   Thumb Code   132  stm32f4xx_fsmc.o(.text)
    FSMC_NANDStructInit                      0x08001761   Thumb Code    54  stm32f4xx_fsmc.o(.text)
    FSMC_NANDCmd                             0x08001797   Thumb Code    86  stm32f4xx_fsmc.o(.text)
    FSMC_NANDECCCmd                          0x080017ed   Thumb Code    86  stm32f4xx_fsmc.o(.text)
    FSMC_GetECC                              0x08001843   Thumb Code    24  stm32f4xx_fsmc.o(.text)
    FSMC_PCCARDDeInit                        0x0800185b   Thumb Code    36  stm32f4xx_fsmc.o(.text)
    FSMC_PCCARDInit                          0x0800187f   Thumb Code   130  stm32f4xx_fsmc.o(.text)
    FSMC_PCCARDStructInit                    0x08001901   Thumb Code    60  stm32f4xx_fsmc.o(.text)
    FSMC_PCCARDCmd                           0x0800193d   Thumb Code    44  stm32f4xx_fsmc.o(.text)
    FSMC_ITConfig                            0x08001969   Thumb Code   128  stm32f4xx_fsmc.o(.text)
    FSMC_GetFlagStatus                       0x080019e9   Thumb Code    54  stm32f4xx_fsmc.o(.text)
    FSMC_ClearFlag                           0x08001a1f   Thumb Code    74  stm32f4xx_fsmc.o(.text)
    FSMC_GetITStatus                         0x08001a69   Thumb Code    62  stm32f4xx_fsmc.o(.text)
    FSMC_ClearITPendingBit                   0x08001aa7   Thumb Code    66  stm32f4xx_fsmc.o(.text)
    delay_init                               0x08001aed   Thumb Code    52  delay.o(.text)
    delay_us                                 0x08001b21   Thumb Code    72  delay.o(.text)
    delay_xms                                0x08001b69   Thumb Code    72  delay.o(.text)
    delay_ms                                 0x08001bb1   Thumb Code    56  delay.o(.text)
    _sys_exit                                0x08001bf1   Thumb Code     4  usart.o(.text)
    fputc                                    0x08001bf5   Thumb Code    22  usart.o(.text)
    uart_init                                0x08001c0b   Thumb Code   164  usart.o(.text)
    USART1_IRQHandler                        0x08001caf   Thumb Code   122  usart.o(.text)
    LED_Init                                 0x08001d39   Thumb Code    60  led.o(.text)
    LCD_WR_REG                               0x08001d79   Thumb Code    18  lcd.o(.text)
    LCD_WR_DATA                              0x08001d8b   Thumb Code    20  lcd.o(.text)
    LCD_RD_DATA                              0x08001d9f   Thumb Code    16  lcd.o(.text)
    LCD_WriteReg                             0x08001daf   Thumb Code    14  lcd.o(.text)
    LCD_ReadReg                              0x08001dbd   Thumb Code    22  lcd.o(.text)
    LCD_WriteRAM_Prepare                     0x08001dd3   Thumb Code    10  lcd.o(.text)
    LCD_WriteRAM                             0x08001ddd   Thumb Code     8  lcd.o(.text)
    LCD_BGR2RGB                              0x08001de5   Thumb Code    26  lcd.o(.text)
    opt_delay                                0x08001dff   Thumb Code    14  lcd.o(.text)
    LCD_SetCursor                            0x08001e0d   Thumb Code   418  lcd.o(.text)
    LCD_ReadPoint                            0x08001faf   Thumb Code   360  lcd.o(.text)
    LCD_DisplayOn                            0x08002117   Thumb Code   102  lcd.o(.text)
    LCD_DisplayOff                           0x0800217d   Thumb Code    90  lcd.o(.text)
    LCD_Scan_Dir                             0x080021d7   Thumb Code   744  lcd.o(.text)
    LCD_DrawPoint                            0x080024bf   Thumb Code    28  lcd.o(.text)
    LCD_Fast_DrawPoint                       0x080024db   Thumb Code   388  lcd.o(.text)
    LCD_SSD_BackLightSet                     0x0800265f   Thumb Code    88  lcd.o(.text)
    LCD_Display_Dir                          0x080026b7   Thumb Code   444  lcd.o(.text)
    LCD_Set_Window                           0x08002873   Thumb Code   546  lcd.o(.text)
    LCD_Clear                                0x08002a95   Thumb Code   100  lcd.o(.text)
    LCD_Init                                 0x08002af9   Thumb Code 14696  lcd.o(.text)
    LCD_Fill                                 0x08006461   Thumb Code   180  lcd.o(.text)
    LCD_Color_Fill                           0x08006515   Thumb Code   100  lcd.o(.text)
    LCD_DrawLine                             0x08006579   Thumb Code   176  lcd.o(.text)
    LCD_DrawRectangle                        0x08006629   Thumb Code    60  lcd.o(.text)
    LCD_Draw_Circle                          0x08006665   Thumb Code   170  lcd.o(.text)
    LCD_ShowChar                             0x0800670f   Thumb Code   272  lcd.o(.text)
    LCD_Pow                                  0x0800681f   Thumb Code    22  lcd.o(.text)
    LCD_ShowNum                              0x08006835   Thumb Code   148  lcd.o(.text)
    LCD_ShowxNum                             0x080068c9   Thumb Code   220  lcd.o(.text)
    LCD_ShowString                           0x080069a5   Thumb Code   102  lcd.o(.text)
    RNG_Init                                 0x08006a0b   Thumb Code    62  rng.o(.text)
    RNG_Get_RandomNum                        0x08006a49   Thumb Code    20  rng.o(.text)
    RNG_Get_RandomRange                      0x08006a5d   Thumb Code    26  rng.o(.text)
    getRandom                                0x08006a79   Thumb Code    14  game.o(.text)
    initRect                                 0x08006a87   Thumb Code    42  game.o(.text)
    moveLeft                                 0x08006ab1   Thumb Code   222  game.o(.text)
    moveRight                                0x08006b8f   Thumb Code   222  game.o(.text)
    moveUp                                   0x08006c6d   Thumb Code   218  game.o(.text)
    moveDown                                 0x08006d47   Thumb Code   218  game.o(.text)
    moveListen                               0x08006e21   Thumb Code   670  game.o(.text)
    rectPrint                                0x080070bf   Thumb Code   208  game.o(.text)
    initRandom                               0x0800718f   Thumb Code    60  game.o(.text)
    KEY_Init                                 0x0800720d   Thumb Code    60  key.o(.text)
    KEY_Scan                                 0x08007249   Thumb Code   188  key.o(.text)
    MPU_Write_Byte                           0x08007311   Thumb Code    68  mpu6050.o(.text)
    MPU_Set_LPF                              0x08007355   Thumb Code    58  mpu6050.o(.text)
    MPU_Set_Rate                             0x0800738f   Thumb Code    58  mpu6050.o(.text)
    MPU_Read_Byte                            0x080073c9   Thumb Code    58  mpu6050.o(.text)
    MPU_Set_Accel_Fsr                        0x08007403   Thumb Code    16  mpu6050.o(.text)
    MPU_Set_Gyro_Fsr                         0x08007413   Thumb Code    16  mpu6050.o(.text)
    MPU_Init                                 0x08007423   Thumb Code   122  mpu6050.o(.text)
    MPU_Read_Len                             0x0800749d   Thumb Code   116  mpu6050.o(.text)
    MPU_Get_Temperature                      0x08007511   Thumb Code   110  mpu6050.o(.text)
    MPU_Get_Gyroscope                        0x0800757f   Thumb Code    80  mpu6050.o(.text)
    MPU_Get_Accelerometer                    0x080075cf   Thumb Code    80  mpu6050.o(.text)
    MPU_Write_Len                            0x0800761f   Thumb Code    96  mpu6050.o(.text)
    IIC_Init                                 0x08007695   Thumb Code    62  myiic.o(.text)
    IIC_Start                                0x080076d3   Thumb Code    68  myiic.o(.text)
    IIC_Stop                                 0x08007717   Thumb Code    62  myiic.o(.text)
    IIC_Wait_Ack                             0x08007755   Thumb Code    82  myiic.o(.text)
    IIC_Ack                                  0x080077a7   Thumb Code    66  myiic.o(.text)
    IIC_NAck                                 0x080077e9   Thumb Code    66  myiic.o(.text)
    IIC_Send_Byte                            0x0800782b   Thumb Code    90  myiic.o(.text)
    IIC_Read_Byte                            0x08007885   Thumb Code    94  myiic.o(.text)
    mpu_reg_dump                             0x0800797b   Thumb Code    84  inv_mpu.o(.text)
    mpu_read_reg                             0x080079cf   Thumb Code    66  inv_mpu.o(.text)
    mpu_set_int_latched                      0x08007a11   Thumb Code   102  inv_mpu.o(.text)
    mpu_set_sensors                          0x08007a77   Thumb Code   202  inv_mpu.o(.text)
    mpu_set_bypass                           0x08007b41   Thumb Code   328  inv_mpu.o(.text)
    mpu_reset_fifo                           0x08007c89   Thumb Code   472  inv_mpu.o(.text)
    mpu_configure_fifo                       0x08007e61   Thumb Code   106  inv_mpu.o(.text)
    mpu_set_lpf                              0x08007ecb   Thumb Code   126  inv_mpu.o(.text)
    mpu_lp_accel_mode                        0x08007f49   Thumb Code   218  inv_mpu.o(.text)
    mpu_set_sample_rate                      0x08008023   Thumb Code   152  inv_mpu.o(.text)
    mpu_set_accel_fsr                        0x080080bb   Thumb Code   132  inv_mpu.o(.text)
    mpu_set_gyro_fsr                         0x0800813f   Thumb Code   132  inv_mpu.o(.text)
    mpu_init                                 0x080081c3   Thumb Code   416  inv_mpu.o(.text)
    mget_ms                                  0x08008363   Thumb Code     2  inv_mpu.o(.text)
    mpu_get_gyro_reg                         0x08008365   Thumb Code   110  inv_mpu.o(.text)
    mpu_get_accel_reg                        0x080083d3   Thumb Code   110  inv_mpu.o(.text)
    mpu_get_temperature                      0x08008441   Thumb Code   142  inv_mpu.o(.text)
    mpu_set_accel_bias                       0x080084cf   Thumb Code   472  inv_mpu.o(.text)
    mpu_get_gyro_fsr                         0x080086a7   Thumb Code    64  inv_mpu.o(.text)
    mpu_get_accel_fsr                        0x080086e7   Thumb Code    72  inv_mpu.o(.text)
    mpu_get_lpf                              0x0800872f   Thumb Code    74  inv_mpu.o(.text)
    mpu_get_sample_rate                      0x08008779   Thumb Code    26  inv_mpu.o(.text)
    mpu_get_compass_sample_rate              0x08008793   Thumb Code    10  inv_mpu.o(.text)
    mpu_set_compass_sample_rate              0x0800879d   Thumb Code     8  inv_mpu.o(.text)
    mpu_get_gyro_sens                        0x080087a5   Thumb Code    74  inv_mpu.o(.text)
    mpu_get_accel_sens                       0x080087ef   Thumb Code    78  inv_mpu.o(.text)
    mpu_get_fifo_config                      0x0800883d   Thumb Code    12  inv_mpu.o(.text)
    mpu_get_power_state                      0x08008849   Thumb Code    22  inv_mpu.o(.text)
    mpu_get_int_status                       0x0800885f   Thumb Code    64  inv_mpu.o(.text)
    mpu_read_fifo                            0x0800889f   Thumb Code   520  inv_mpu.o(.text)
    mpu_read_fifo_stream                     0x08008aa7   Thumb Code   186  inv_mpu.o(.text)
    mpu_set_int_level                        0x08008b61   Thumb Code    12  inv_mpu.o(.text)
    mpu_set_dmp_state                        0x08009271   Thumb Code   138  inv_mpu.o(.text)
    mpu_run_self_test                        0x080092fb   Thumb Code   278  inv_mpu.o(.text)
    mpu_write_mem                            0x08009411   Thumb Code   122  inv_mpu.o(.text)
    mpu_read_mem                             0x0800948b   Thumb Code   122  inv_mpu.o(.text)
    mpu_load_firmware                        0x08009505   Thumb Code   190  inv_mpu.o(.text)
    mpu_get_dmp_state                        0x080095c3   Thumb Code    14  inv_mpu.o(.text)
    setup_compass                            0x080095d1   Thumb Code     6  inv_mpu.o(.text)
    mpu_get_compass_reg                      0x080095d7   Thumb Code     8  inv_mpu.o(.text)
    mpu_get_compass_fsr                      0x080095df   Thumb Code     8  inv_mpu.o(.text)
    mpu_lp_motion_interrupt                  0x080095e7   Thumb Code   512  inv_mpu.o(.text)
    run_self_test                            0x080097e7   Thumb Code   154  inv_mpu.o(.text)
    inv_row_2_scale                          0x08009881   Thumb Code    78  inv_mpu.o(.text)
    inv_orientation_matrix_to_scalar         0x080098cf   Thumb Code    40  inv_mpu.o(.text)
    mpu_dmp_init                             0x080098f7   Thumb Code   160  inv_mpu.o(.text)
    mpu_dmp_get_data                         0x08009997   Thumb Code   520  inv_mpu.o(.text)
    dmp_load_motion_driver_firmware          0x08009bb1   Thumb Code    20  inv_mpu_dmp_motion_driver.o(.text)
    dmp_set_orientation                      0x08009bc5   Thumb Code   290  inv_mpu_dmp_motion_driver.o(.text)
    dmp_set_gyro_bias                        0x08009ce7   Thumb Code   294  inv_mpu_dmp_motion_driver.o(.text)
    dmp_set_accel_bias                       0x08009e0d   Thumb Code   300  inv_mpu_dmp_motion_driver.o(.text)
    dmp_set_fifo_rate                        0x08009f39   Thumb Code   136  inv_mpu_dmp_motion_driver.o(.text)
    dmp_get_fifo_rate                        0x08009fc1   Thumb Code    12  inv_mpu_dmp_motion_driver.o(.text)
    dmp_set_tap_thresh                       0x08009fcd   Thumb Code   412  inv_mpu_dmp_motion_driver.o(.text)
    dmp_set_tap_axes                         0x0800a169   Thumb Code    70  inv_mpu_dmp_motion_driver.o(.text)
    dmp_set_tap_count                        0x0800a1af   Thumb Code    38  inv_mpu_dmp_motion_driver.o(.text)
    dmp_set_tap_time                         0x0800a1d5   Thumb Code    38  inv_mpu_dmp_motion_driver.o(.text)
    dmp_set_tap_time_multi                   0x0800a1fb   Thumb Code    38  inv_mpu_dmp_motion_driver.o(.text)
    dmp_set_shake_reject_thresh              0x0800a221   Thumb Code    56  inv_mpu_dmp_motion_driver.o(.text)
    dmp_set_shake_reject_time                0x0800a259   Thumb Code    38  inv_mpu_dmp_motion_driver.o(.text)
    dmp_set_shake_reject_timeout             0x0800a27f   Thumb Code    38  inv_mpu_dmp_motion_driver.o(.text)
    dmp_get_pedometer_step_count             0x0800a2a5   Thumb Code    66  inv_mpu_dmp_motion_driver.o(.text)
    dmp_set_pedometer_step_count             0x0800a2e7   Thumb Code    42  inv_mpu_dmp_motion_driver.o(.text)
    dmp_get_pedometer_walk_time              0x0800a311   Thumb Code    72  inv_mpu_dmp_motion_driver.o(.text)
    dmp_set_pedometer_walk_time              0x0800a359   Thumb Code    48  inv_mpu_dmp_motion_driver.o(.text)
    dmp_enable_6x_lp_quat                    0x0800a389   Thumb Code   100  inv_mpu_dmp_motion_driver.o(.text)
    dmp_enable_lp_quat                       0x0800a3ed   Thumb Code    60  inv_mpu_dmp_motion_driver.o(.text)
    dmp_enable_gyro_cal                      0x0800a429   Thumb Code    62  inv_mpu_dmp_motion_driver.o(.text)
    dmp_enable_feature                       0x0800a467   Thumb Code   530  inv_mpu_dmp_motion_driver.o(.text)
    dmp_get_enabled_features                 0x0800a679   Thumb Code    12  inv_mpu_dmp_motion_driver.o(.text)
    dmp_set_interrupt_mode                   0x0800a6e3   Thumb Code    66  inv_mpu_dmp_motion_driver.o(.text)
    dmp_read_fifo                            0x0800a725   Thumb Code   514  inv_mpu_dmp_motion_driver.o(.text)
    dmp_register_tap_cb                      0x0800a927   Thumb Code    10  inv_mpu_dmp_motion_driver.o(.text)
    dmp_register_android_orient_cb           0x0800a931   Thumb Code    10  inv_mpu_dmp_motion_driver.o(.text)
    __use_no_semihosting                     0x0800a941   Thumb Code     2  use_no_semi_2.o(.text)
    __aeabi_ldivmod                          0x0800a943   Thumb Code     0  llsdiv.o(.text)
    _ll_sdiv                                 0x0800a943   Thumb Code    72  llsdiv.o(.text)
    __2printf                                0x0800a98d   Thumb Code    20  noretval__2printf.o(.text)
    _printf_pre_padding                      0x0800a9a5   Thumb Code    44  _printf_pad.o(.text)
    _printf_post_padding                     0x0800a9d1   Thumb Code    34  _printf_pad.o(.text)
    _printf_int_dec                          0x0800a9f5   Thumb Code   104  _printf_dec.o(.text)
    _printf_int_hex                          0x0800aa6d   Thumb Code    84  _printf_hex_int.o(.text)
    _printf_longlong_hex                     0x0800aa6d   Thumb Code     0  _printf_hex_int.o(.text)
    __printf                                 0x0800aac5   Thumb Code   308  __printf_flags_wp.o(.text)
    memcmp                                   0x0800abfd   Thumb Code    88  memcmp.o(.text)
    __aeabi_memset                           0x0800ac55   Thumb Code    16  aeabi_memset.o(.text)
    __use_two_region_memory                  0x0800ac65   Thumb Code     2  heapauxi.o(.text)
    __rt_heap_escrow$2region                 0x0800ac67   Thumb Code     2  heapauxi.o(.text)
    __rt_heap_expand$2region                 0x0800ac69   Thumb Code     2  heapauxi.o(.text)
    __I$use$semihosting                      0x0800ac6b   Thumb Code     0  use_no_semi.o(.text)
    __use_no_semihosting_swi                 0x0800ac6b   Thumb Code     2  use_no_semi.o(.text)
    __aeabi_uldivmod                         0x0800ac6d   Thumb Code     0  lludivv7m.o(.text)
    _ll_udiv                                 0x0800ac6d   Thumb Code   238  lludivv7m.o(.text)
    __read_errno                             0x0800ad5b   Thumb Code    10  _rserrno.o(.text)
    __set_errno                              0x0800ad65   Thumb Code    12  _rserrno.o(.text)
    _printf_int_common                       0x0800ad71   Thumb Code   178  _printf_intcommon.o(.text)
    _printf_char_file                        0x0800ae25   Thumb Code    32  _printf_char_file.o(.text)
    __aeabi_memclr                           0x0800ae49   Thumb Code     0  rt_memclr.o(.text)
    __rt_memclr                              0x0800ae49   Thumb Code    68  rt_memclr.o(.text)
    _memset                                  0x0800ae4d   Thumb Code     0  rt_memclr.o(.text)
    __aeabi_errno_addr                       0x0800ae8d   Thumb Code     8  rt_errno_addr_intlibspace.o(.text)
    __errno$intlibspace                      0x0800ae8d   Thumb Code     0  rt_errno_addr_intlibspace.o(.text)
    __rt_errno_addr$intlibspace              0x0800ae8d   Thumb Code     0  rt_errno_addr_intlibspace.o(.text)
    _printf_char_common                      0x0800ae9f   Thumb Code    32  _printf_char_common.o(.text)
    ferror                                   0x0800aec5   Thumb Code     8  ferror.o(.text)
    __aeabi_memclr4                          0x0800aecd   Thumb Code     0  rt_memclr_w.o(.text)
    __aeabi_memclr8                          0x0800aecd   Thumb Code     0  rt_memclr_w.o(.text)
    __rt_memclr_w                            0x0800aecd   Thumb Code    78  rt_memclr_w.o(.text)
    _memset_w                                0x0800aed1   Thumb Code     0  rt_memclr_w.o(.text)
    __user_libspace                          0x0800af1d   Thumb Code     8  libspace.o(.text)
    __user_perproc_libspace                  0x0800af1d   Thumb Code     0  libspace.o(.text)
    __user_perthread_libspace                0x0800af1d   Thumb Code     0  libspace.o(.text)
    __user_setup_stackheap                   0x0800af25   Thumb Code    74  sys_stackheap_outer.o(.text)
    exit                                     0x0800af6f   Thumb Code    12  exit.o(.text)
    __ARM_fpclassify                         0x0800af7b   Thumb Code    48  fpclassify.o(i.__ARM_fpclassify)
    __hardfp_asin                            0x0800afb1   Thumb Code   770  asin.o(i.__hardfp_asin)
    __hardfp_atan                            0x0800b311   Thumb Code   622  atan.o(i.__hardfp_atan)
    __hardfp_atan2                           0x0800b5e9   Thumb Code   432  atan2.o(i.__hardfp_atan2)
    __kernel_poly                            0x0800b7d9   Thumb Code   248  poly.o(i.__kernel_poly)
    __mathlib_dbl_infnan                     0x0800b8d1   Thumb Code    20  dunder.o(i.__mathlib_dbl_infnan)
    __mathlib_dbl_infnan2                    0x0800b8e5   Thumb Code    20  dunder.o(i.__mathlib_dbl_infnan2)
    __mathlib_dbl_invalid                    0x0800b8f9   Thumb Code    24  dunder.o(i.__mathlib_dbl_invalid)
    __mathlib_dbl_underflow                  0x0800b919   Thumb Code    24  dunder.o(i.__mathlib_dbl_underflow)
    _is_digit                                0x0800b939   Thumb Code    14  __printf_wp.o(i._is_digit)
    atan                                     0x0800b947   Thumb Code    16  atan.o(i.atan)
    fabs                                     0x0800b957   Thumb Code    24  fabs.o(i.fabs)
    sqrt                                     0x0800b96f   Thumb Code   110  sqrt.o(i.sqrt)
    __aeabi_dneg                             0x0800b9dd   Thumb Code     0  basic.o(x$fpl$basic)
    _dneg                                    0x0800b9dd   Thumb Code     6  basic.o(x$fpl$basic)
    __aeabi_fneg                             0x0800b9e3   Thumb Code     0  basic.o(x$fpl$basic)
    _fneg                                    0x0800b9e3   Thumb Code     6  basic.o(x$fpl$basic)
    _dabs                                    0x0800b9e9   Thumb Code     6  basic.o(x$fpl$basic)
    _fabs                                    0x0800b9ef   Thumb Code     6  basic.o(x$fpl$basic)
    __aeabi_d2f                              0x0800b9f5   Thumb Code     0  d2f.o(x$fpl$d2f)
    _d2f                                     0x0800b9f5   Thumb Code    98  d2f.o(x$fpl$d2f)
    __aeabi_dadd                             0x0800ba59   Thumb Code     0  daddsub_clz.o(x$fpl$dadd)
    _dadd                                    0x0800ba59   Thumb Code   332  daddsub_clz.o(x$fpl$dadd)
    __aeabi_ddiv                             0x0800bba9   Thumb Code     0  ddiv.o(x$fpl$ddiv)
    _ddiv                                    0x0800bba9   Thumb Code   552  ddiv.o(x$fpl$ddiv)
    __aeabi_d2uiz                            0x0800be59   Thumb Code     0  dfixu.o(x$fpl$dfixu)
    _dfixu                                   0x0800be59   Thumb Code    90  dfixu.o(x$fpl$dfixu)
    __aeabi_i2d                              0x0800beb3   Thumb Code     0  dflt_clz.o(x$fpl$dflt)
    _dflt                                    0x0800beb3   Thumb Code    46  dflt_clz.o(x$fpl$dflt)
    __aeabi_ui2d                             0x0800bee1   Thumb Code     0  dflt_clz.o(x$fpl$dfltu)
    _dfltu                                   0x0800bee1   Thumb Code    38  dflt_clz.o(x$fpl$dfltu)
    __aeabi_dmul                             0x0800bf09   Thumb Code     0  dmul.o(x$fpl$dmul)
    _dmul                                    0x0800bf09   Thumb Code   332  dmul.o(x$fpl$dmul)
    __fpl_dnaninf                            0x0800c05d   Thumb Code   156  dnaninf.o(x$fpl$dnaninf)
    __fpl_dretinf                            0x0800c0f9   Thumb Code    12  dretinf.o(x$fpl$dretinf)
    __aeabi_drsub                            0x0800c105   Thumb Code     0  daddsub_clz.o(x$fpl$drsb)
    _drsb                                    0x0800c105   Thumb Code    22  daddsub_clz.o(x$fpl$drsb)
    _dsqrt                                   0x0800c11d   Thumb Code   404  dsqrt_umaal.o(x$fpl$dsqrt)
    __aeabi_dsub                             0x0800c2b5   Thumb Code     0  daddsub_clz.o(x$fpl$dsub)
    _dsub                                    0x0800c2b5   Thumb Code   464  daddsub_clz.o(x$fpl$dsub)
    __aeabi_f2d                              0x0800c489   Thumb Code     0  f2d.o(x$fpl$f2d)
    _f2d                                     0x0800c489   Thumb Code    86  f2d.o(x$fpl$f2d)
    __fpl_fnaninf                            0x0800c4df   Thumb Code   140  fnaninf.o(x$fpl$fnaninf)
    _fp_init                                 0x0800c56b   Thumb Code    10  fpinit.o(x$fpl$fpinit)
    __fplib_config_fpu_vfp                   0x0800c573   Thumb Code     0  fpinit.o(x$fpl$fpinit)
    __fplib_config_pureend_doubles           0x0800c573   Thumb Code     0  fpinit.o(x$fpl$fpinit)
    __fpl_fretinf                            0x0800c575   Thumb Code    10  fretinf.o(x$fpl$fretinf)
    __I$use$fp                               0x0800c57e   Number         0  usenofp.o(x$fpl$usenofp)
    FSMC_DefaultTimingStruct                 0x0800c580   Data          28  stm32f4xx_fsmc.o(.constdata)
    asc2_1206                                0x0800c59c   Data        1140  lcd.o(.constdata)
    asc2_1608                                0x0800ca10   Data        1520  lcd.o(.constdata)
    asc2_2412                                0x0800d000   Data        3420  lcd.o(.constdata)
    reg                                      0x0800dd5c   Data          27  inv_mpu.o(.constdata)
    hw                                       0x0800dd78   Data          12  inv_mpu.o(.constdata)
    test                                     0x0800dd84   Data          40  inv_mpu.o(.constdata)
    __mathlib_zero                           0x0800eac8   Data           8  qnan.o(.constdata)
    Region$$Table$$Base                      0x0800eb20   Number         0  anon$$obj.o(Region$$Table)
    Region$$Table$$Limit                     0x0800eb40   Number         0  anon$$obj.o(Region$$Table)
    SystemCoreClock                          0x20000000   Data           4  system_stm32f4xx.o(.data)
    AHBPrescTable                            0x20000004   Data          16  system_stm32f4xx.o(.data)
    __stdout                                 0x20000028   Data           4  usart.o(.data)
    USART_RX_STA                             0x2000002c   Data           2  usart.o(.data)
    POINT_COLOR                              0x2000002e   Data           2  lcd.o(.data)
    BACK_COLOR                               0x20000030   Data           2  lcd.o(.data)
    rectArr                                  0x20000034   Data          16  game.o(.data)
    colorTable                               0x20000044   Data          24  game.o(.data)
    newTile                                  0x2000005c   Data           1  game.o(.data)
    t                                        0x20000060   Data           4  game.o(.data)
    click                                    0x20000064   Data           1  game.o(.data)
    temp                                     0x20000066   Data           2  game.o(.data)
    move                                     0x20000068   Data           1  game.o(.data)
    pitch                                    0x2000006c   Data           4  game.o(.data)
    roll                                     0x20000070   Data           4  game.o(.data)
    yaw                                      0x20000074   Data           4  game.o(.data)
    USART_RX_BUF                             0x200000b4   Data         200  usart.o(.bss)
    lcddev                                   0x2000017c   Data          14  lcd.o(.bss)
    __libspace_start                         0x2000019c   Data          96  libspace.o(.bss)
    __temporary_stack_top$libspace           0x200001fc   Data           0  libspace.o(.bss)



==============================================================================

Memory Map of the image

  Image Entry point : 0x08000189

  Load Region LR_IROM1 (Base: 0x08000000, Size: 0x0000ebf4, Max: 0x00100000, ABSOLUTE)

    Execution Region ER_IROM1 (Base: 0x08000000, Size: 0x0000eb40, Max: 0x00100000, ABSOLUTE)

    Base Addr    Size         Type   Attr      Idx    E Section Name        Object

    0x08000000   0x00000188   Data   RO          250    RESET               startup_stm32f40_41xxx.o
    0x08000188   0x00000008   Code   RO          807  * !!!main             c_w.l(__main.o)
    0x08000190   0x00000034   Code   RO         1117    !!!scatter          c_w.l(__scatter.o)
    0x080001c4   0x0000001a   Code   RO         1119    !!handler_copy      c_w.l(__scatter_copy.o)
    0x080001de   0x00000002   PAD
    0x080001e0   0x0000001c   Code   RO         1121    !!handler_zi        c_w.l(__scatter_zi.o)
    0x080001fc   0x00000000   Code   RO          800    .ARM.Collect$$_printf_percent$$00000000  c_w.l(_printf_percent.o)
    0x080001fc   0x00000006   Code   RO          799    .ARM.Collect$$_printf_percent$$00000009  c_w.l(_printf_d.o)
    0x08000202   0x00000006   Code   RO          798    .ARM.Collect$$_printf_percent$$0000000C  c_w.l(_printf_x.o)
    0x08000208   0x00000004   Code   RO          872    .ARM.Collect$$_printf_percent$$00000017  c_w.l(_printf_percent_end.o)
    0x0800020c   0x00000002   Code   RO          989    .ARM.Collect$$libinit$$00000000  c_w.l(libinit.o)
    0x0800020e   0x00000004   Code   RO          998    .ARM.Collect$$libinit$$00000001  c_w.l(libinit2.o)
    0x08000212   0x00000000   Code   RO         1001    .ARM.Collect$$libinit$$00000004  c_w.l(libinit2.o)
    0x08000212   0x00000000   Code   RO         1004    .ARM.Collect$$libinit$$0000000A  c_w.l(libinit2.o)
    0x08000212   0x00000000   Code   RO         1006    .ARM.Collect$$libinit$$0000000C  c_w.l(libinit2.o)
    0x08000212   0x00000000   Code   RO         1008    .ARM.Collect$$libinit$$0000000E  c_w.l(libinit2.o)
    0x08000212   0x00000000   Code   RO         1011    .ARM.Collect$$libinit$$00000011  c_w.l(libinit2.o)
    0x08000212   0x00000000   Code   RO         1013    .ARM.Collect$$libinit$$00000013  c_w.l(libinit2.o)
    0x08000212   0x00000000   Code   RO         1015    .ARM.Collect$$libinit$$00000015  c_w.l(libinit2.o)
    0x08000212   0x00000000   Code   RO         1017    .ARM.Collect$$libinit$$00000017  c_w.l(libinit2.o)
    0x08000212   0x00000000   Code   RO         1019    .ARM.Collect$$libinit$$00000019  c_w.l(libinit2.o)
    0x08000212   0x00000000   Code   RO         1021    .ARM.Collect$$libinit$$0000001B  c_w.l(libinit2.o)
    0x08000212   0x00000000   Code   RO         1023    .ARM.Collect$$libinit$$0000001D  c_w.l(libinit2.o)
    0x08000212   0x00000000   Code   RO         1025    .ARM.Collect$$libinit$$0000001F  c_w.l(libinit2.o)
    0x08000212   0x00000000   Code   RO         1027    .ARM.Collect$$libinit$$00000021  c_w.l(libinit2.o)
    0x08000212   0x00000000   Code   RO         1029    .ARM.Collect$$libinit$$00000023  c_w.l(libinit2.o)
    0x08000212   0x00000000   Code   RO         1031    .ARM.Collect$$libinit$$00000025  c_w.l(libinit2.o)
    0x08000212   0x00000000   Code   RO         1035    .ARM.Collect$$libinit$$0000002C  c_w.l(libinit2.o)
    0x08000212   0x00000000   Code   RO         1037    .ARM.Collect$$libinit$$0000002E  c_w.l(libinit2.o)
    0x08000212   0x00000000   Code   RO         1039    .ARM.Collect$$libinit$$00000030  c_w.l(libinit2.o)
    0x08000212   0x00000000   Code   RO         1041    .ARM.Collect$$libinit$$00000032  c_w.l(libinit2.o)
    0x08000212   0x00000002   Code   RO         1042    .ARM.Collect$$libinit$$00000033  c_w.l(libinit2.o)
    0x08000214   0x00000002   Code   RO         1070    .ARM.Collect$$libshutdown$$00000000  c_w.l(libshutdown.o)
    0x08000216   0x00000000   Code   RO         1085    .ARM.Collect$$libshutdown$$00000003  c_w.l(libshutdown2.o)
    0x08000216   0x00000000   Code   RO         1088    .ARM.Collect$$libshutdown$$00000006  c_w.l(libshutdown2.o)
    0x08000216   0x00000000   Code   RO         1091    .ARM.Collect$$libshutdown$$00000009  c_w.l(libshutdown2.o)
    0x08000216   0x00000000   Code   RO         1093    .ARM.Collect$$libshutdown$$0000000B  c_w.l(libshutdown2.o)
    0x08000216   0x00000000   Code   RO         1096    .ARM.Collect$$libshutdown$$0000000E  c_w.l(libshutdown2.o)
    0x08000216   0x00000002   Code   RO         1097    .ARM.Collect$$libshutdown$$0000000F  c_w.l(libshutdown2.o)
    0x08000218   0x00000000   Code   RO          863    .ARM.Collect$$rtentry$$00000000  c_w.l(__rtentry.o)
    0x08000218   0x00000000   Code   RO          938    .ARM.Collect$$rtentry$$00000002  c_w.l(__rtentry2.o)
    0x08000218   0x00000006   Code   RO          950    .ARM.Collect$$rtentry$$00000004  c_w.l(__rtentry4.o)
    0x0800021e   0x00000000   Code   RO          940    .ARM.Collect$$rtentry$$00000009  c_w.l(__rtentry2.o)
    0x0800021e   0x00000004   Code   RO          941    .ARM.Collect$$rtentry$$0000000A  c_w.l(__rtentry2.o)
    0x08000222   0x00000000   Code   RO          943    .ARM.Collect$$rtentry$$0000000C  c_w.l(__rtentry2.o)
    0x08000222   0x00000008   Code   RO          944    .ARM.Collect$$rtentry$$0000000D  c_w.l(__rtentry2.o)
    0x0800022a   0x00000002   Code   RO          992    .ARM.Collect$$rtexit$$00000000  c_w.l(rtexit.o)
    0x0800022c   0x00000000   Code   RO         1044    .ARM.Collect$$rtexit$$00000002  c_w.l(rtexit2.o)
    0x0800022c   0x00000004   Code   RO         1045    .ARM.Collect$$rtexit$$00000003  c_w.l(rtexit2.o)
    0x08000230   0x00000006   Code   RO         1046    .ARM.Collect$$rtexit$$00000004  c_w.l(rtexit2.o)
    0x08000236   0x00000002   PAD
    0x08000238   0x000001bc   Code   RO            3    .text               main.o
    0x080003f4   0x0000001a   Code   RO          175    .text               stm32f4xx_it.o
    0x0800040e   0x00000002   PAD
    0x08000410   0x00000210   Code   RO          224    .text               system_stm32f4xx.o
    0x08000620   0x00000040   Code   RO          251    .text               startup_stm32f40_41xxx.o
    0x08000660   0x000000e0   Code   RO          257    .text               misc.o
    0x08000740   0x00000294   Code   RO          277    .text               stm32f4xx_gpio.o
    0x080009d4   0x0000065c   Code   RO          297    .text               stm32f4xx_rcc.o
    0x08001030   0x00000454   Code   RO          359    .text               stm32f4xx_usart.o
    0x08001484   0x000000a0   Code   RO          399    .text               stm32f4xx_rng.o
    0x08001524   0x000005c8   Code   RO          419    .text               stm32f4xx_fsmc.o
    0x08001aec   0x00000104   Code   RO          442    .text               delay.o
    0x08001bf0   0x00000148   Code   RO          482    .text               usart.o
    0x08001d38   0x00000040   Code   RO          513    .text               led.o
    0x08001d78   0x00004c92   Code   RO          533    .text               lcd.o
    0x08006a0a   0x0000006c   Code   RO          571    .text               rng.o
    0x08006a76   0x00000002   PAD
    0x08006a78   0x00000794   Code   RO          591    .text               game.o
    0x0800720c   0x00000104   Code   RO          614    .text               key.o
    0x08007310   0x00000384   Code   RO          635    .text               mpu6050.o
    0x08007694   0x0000025c   Code   RO          655    .text               myiic.o
    0x080078f0   0x000022c0   Code   RO          675    .text               inv_mpu.o
    0x08009bb0   0x00000d90   Code   RO          710    .text               inv_mpu_dmp_motion_driver.o
    0x0800a940   0x00000002   Code   RO          743    .text               c_w.l(use_no_semi_2.o)
    0x0800a942   0x00000048   Code   RO          745    .text               c_w.l(llsdiv.o)
    0x0800a98a   0x00000002   PAD
    0x0800a98c   0x00000018   Code   RO          749    .text               c_w.l(noretval__2printf.o)
    0x0800a9a4   0x0000004e   Code   RO          753    .text               c_w.l(_printf_pad.o)
    0x0800a9f2   0x00000002   PAD
    0x0800a9f4   0x00000078   Code   RO          755    .text               c_w.l(_printf_dec.o)
    0x0800aa6c   0x00000058   Code   RO          760    .text               c_w.l(_printf_hex_int.o)
    0x0800aac4   0x00000138   Code   RO          790    .text               c_w.l(__printf_flags_wp.o)
    0x0800abfc   0x00000058   Code   RO          801    .text               c_w.l(memcmp.o)
    0x0800ac54   0x00000010   Code   RO          803    .text               c_w.l(aeabi_memset.o)
    0x0800ac64   0x00000006   Code   RO          805    .text               c_w.l(heapauxi.o)
    0x0800ac6a   0x00000002   Code   RO          861    .text               c_w.l(use_no_semi.o)
    0x0800ac6c   0x000000ee   Code   RO          864    .text               c_w.l(lludivv7m.o)
    0x0800ad5a   0x00000016   Code   RO          866    .text               c_w.l(_rserrno.o)
    0x0800ad70   0x000000b2   Code   RO          868    .text               c_w.l(_printf_intcommon.o)
    0x0800ae22   0x00000002   PAD
    0x0800ae24   0x00000024   Code   RO          870    .text               c_w.l(_printf_char_file.o)
    0x0800ae48   0x00000044   Code   RO          873    .text               c_w.l(rt_memclr.o)
    0x0800ae8c   0x00000008   Code   RO          959    .text               c_w.l(rt_errno_addr_intlibspace.o)
    0x0800ae94   0x00000030   Code   RO          961    .text               c_w.l(_printf_char_common.o)
    0x0800aec4   0x00000008   Code   RO          963    .text               c_w.l(ferror.o)
    0x0800aecc   0x0000004e   Code   RO          967    .text               c_w.l(rt_memclr_w.o)
    0x0800af1a   0x00000002   PAD
    0x0800af1c   0x00000008   Code   RO          973    .text               c_w.l(libspace.o)
    0x0800af24   0x0000004a   Code   RO          976    .text               c_w.l(sys_stackheap_outer.o)
    0x0800af6e   0x0000000c   Code   RO          982    .text               c_w.l(exit.o)
    0x0800af7a   0x00000030   Code   RO          920    i.__ARM_fpclassify  m_wm.l(fpclassify.o)
    0x0800afaa   0x00000006   PAD
    0x0800afb0   0x00000360   Code   RO          835    i.__hardfp_asin     m_wm.l(asin.o)
    0x0800b310   0x000002d8   Code   RO          886    i.__hardfp_atan     m_wm.l(atan.o)
    0x0800b5e8   0x000001f0   Code   RO          849    i.__hardfp_atan2    m_wm.l(atan2.o)
    0x0800b7d8   0x000000f8   Code   RO          922    i.__kernel_poly     m_wm.l(poly.o)
    0x0800b8d0   0x00000014   Code   RO          901    i.__mathlib_dbl_infnan  m_wm.l(dunder.o)
    0x0800b8e4   0x00000014   Code   RO          902    i.__mathlib_dbl_infnan2  m_wm.l(dunder.o)
    0x0800b8f8   0x00000020   Code   RO          903    i.__mathlib_dbl_invalid  m_wm.l(dunder.o)
    0x0800b918   0x00000020   Code   RO          906    i.__mathlib_dbl_underflow  m_wm.l(dunder.o)
    0x0800b938   0x0000000e   Code   RO          788    i._is_digit         c_w.l(__printf_wp.o)
    0x0800b946   0x00000010   Code   RO          888    i.atan              m_wm.l(atan.o)
    0x0800b956   0x00000018   Code   RO          916    i.fabs              m_wm.l(fabs.o)
    0x0800b96e   0x0000006e   Code   RO          927    i.sqrt              m_wm.l(sqrt.o)
    0x0800b9dc   0x00000018   Code   RO          875    x$fpl$basic         fz_wm.l(basic.o)
    0x0800b9f4   0x00000062   Code   RO          809    x$fpl$d2f           fz_wm.l(d2f.o)
    0x0800ba56   0x00000002   PAD
    0x0800ba58   0x00000150   Code   RO          811    x$fpl$dadd          fz_wm.l(daddsub_clz.o)
    0x0800bba8   0x000002b0   Code   RO          818    x$fpl$ddiv          fz_wm.l(ddiv.o)
    0x0800be58   0x0000005a   Code   RO          821    x$fpl$dfixu         fz_wm.l(dfixu.o)
    0x0800beb2   0x0000002e   Code   RO          826    x$fpl$dflt          fz_wm.l(dflt_clz.o)
    0x0800bee0   0x00000026   Code   RO          825    x$fpl$dfltu         fz_wm.l(dflt_clz.o)
    0x0800bf06   0x00000002   PAD
    0x0800bf08   0x00000154   Code   RO          831    x$fpl$dmul          fz_wm.l(dmul.o)
    0x0800c05c   0x0000009c   Code   RO          877    x$fpl$dnaninf       fz_wm.l(dnaninf.o)
    0x0800c0f8   0x0000000c   Code   RO          879    x$fpl$dretinf       fz_wm.l(dretinf.o)
    0x0800c104   0x00000016   Code   RO          812    x$fpl$drsb          fz_wm.l(daddsub_clz.o)
    0x0800c11a   0x00000002   PAD
    0x0800c11c   0x00000198   Code   RO          971    x$fpl$dsqrt         fz_wm.l(dsqrt_umaal.o)
    0x0800c2b4   0x000001d4   Code   RO          813    x$fpl$dsub          fz_wm.l(daddsub_clz.o)
    0x0800c488   0x00000056   Code   RO          833    x$fpl$f2d           fz_wm.l(f2d.o)
    0x0800c4de   0x0000008c   Code   RO          881    x$fpl$fnaninf       fz_wm.l(fnaninf.o)
    0x0800c56a   0x0000000a   Code   RO         1058    x$fpl$fpinit        fz_wm.l(fpinit.o)
    0x0800c574   0x0000000a   Code   RO          883    x$fpl$fretinf       fz_wm.l(fretinf.o)
    0x0800c57e   0x00000000   Code   RO          885    x$fpl$usenofp       fz_wm.l(usenofp.o)
    0x0800c57e   0x00000002   PAD
    0x0800c580   0x0000001c   Data   RO          420    .constdata          stm32f4xx_fsmc.o
    0x0800c59c   0x000017c0   Data   RO          535    .constdata          lcd.o
    0x0800dd5c   0x00000050   Data   RO          676    .constdata          inv_mpu.o
    0x0800ddac   0x00000bf6   Data   RO          712    .constdata          inv_mpu_dmp_motion_driver.o
    0x0800e9a2   0x00000028   Data   RO          761    .constdata          c_w.l(_printf_hex_int.o)
    0x0800e9ca   0x00000011   Data   RO          791    .constdata          c_w.l(__printf_flags_wp.o)
    0x0800e9db   0x00000005   PAD
    0x0800e9e0   0x00000050   Data   RO          838    .constdata          m_wm.l(asin.o)
    0x0800ea30   0x00000098   Data   RO          889    .constdata          m_wm.l(atan.o)
    0x0800eac8   0x00000008   Data   RO          924    .constdata          m_wm.l(qnan.o)
    0x0800ead0   0x0000004d   Data   RO          677    .conststring        inv_mpu.o
    0x0800eb1d   0x00000003   PAD
    0x0800eb20   0x00000020   Data   RO         1115    Region$$Table       anon$$obj.o


    Execution Region RW_IRAM1 (Base: 0x20000000, Size: 0x00000800, Max: 0x00020000, ABSOLUTE)

    Base Addr    Size         Type   Attr      Idx    E Section Name        Object

    0x20000000   0x00000014   Data   RW          225    .data               system_stm32f4xx.o
    0x20000014   0x00000010   Data   RW          298    .data               stm32f4xx_rcc.o
    0x20000024   0x00000004   Data   RW          443    .data               delay.o
    0x20000028   0x00000006   Data   RW          484    .data               usart.o
    0x2000002e   0x00000004   Data   RW          536    .data               lcd.o
    0x20000032   0x00000002   PAD
    0x20000034   0x00000044   Data   RW          592    .data               game.o
    0x20000078   0x00000001   Data   RW          615    .data               key.o
    0x20000079   0x00000003   PAD
    0x2000007c   0x00000035   Data   RW          678    .data               inv_mpu.o
    0x200000b1   0x00000003   PAD
    0x200000b4   0x000000c8   Zero   RW          483    .bss                usart.o
    0x2000017c   0x0000000e   Zero   RW          534    .bss                lcd.o
    0x2000018a   0x00000002   PAD
    0x2000018c   0x00000010   Zero   RW          711    .bss                inv_mpu_dmp_motion_driver.o
    0x2000019c   0x00000060   Zero   RW          974    .bss                c_w.l(libspace.o)
    0x200001fc   0x00000004   PAD
    0x20000200   0x00000200   Zero   RW          249    HEAP                startup_stm32f40_41xxx.o
    0x20000400   0x00000400   Zero   RW          248    STACK               startup_stm32f40_41xxx.o


==============================================================================

Image component sizes


      Code (inc. data)   RO Data    RW Data    ZI Data      Debug   Object Name

       260          8          0          4          0       1457   delay.o
      1940         98          0         68          0       4006   game.o
      8896        222        157         53          0      23861   inv_mpu.o
      3472        142       3062          0         16      15231   inv_mpu_dmp_motion_driver.o
       260         12          0          1          0        876   key.o
     19602        174       6080          4         14      21934   lcd.o
        64          4          0          0          0        535   led.o
       444        146          0          0          0     270363   main.o
       224         20          0          0          0       1837   misc.o
       900         22          0          0          0       4271   mpu6050.o
       604         14          0          0          0       1908   myiic.o
       108          0          0          0          0        997   rng.o
        64         26        392          0       1536        848   startup_stm32f40_41xxx.o
      1480         18         28          0          0       5646   stm32f4xx_fsmc.o
       660         44          0          0          0       4113   stm32f4xx_gpio.o
        26          0          0          0          0       1234   stm32f4xx_it.o
      1628         52          0         16          0      12912   stm32f4xx_rcc.o
       160          4          0          0          0       1800   stm32f4xx_rng.o
      1108         34          0          0          0       7816   stm32f4xx_usart.o
       528         46          0         20          0       1807   system_stm32f4xx.o
       328         16          0          6        200       3314   usart.o

    ----------------------------------------------------------------------
     42760       1102       9754        180       1768     386766   Object Totals
         0          0         32          0          0          0   (incl. Generated)
         4          0          3          8          2          0   (incl. Padding)

    ----------------------------------------------------------------------

      Code (inc. data)   RO Data    RW Data    ZI Data      Debug   Library Member Name

         8          0          0          0          0         68   __main.o
       312          4         17          0          0         92   __printf_flags_wp.o
        14          0          0          0          0         68   __printf_wp.o
         0          0          0          0          0          0   __rtentry.o
        12          0          0          0          0          0   __rtentry2.o
         6          0          0          0          0          0   __rtentry4.o
        52          8          0          0          0          0   __scatter.o
        26          0          0          0          0          0   __scatter_copy.o
        28          0          0          0          0          0   __scatter_zi.o
        48          6          0          0          0         96   _printf_char_common.o
        36          4          0          0          0         80   _printf_char_file.o
         6          0          0          0          0          0   _printf_d.o
       120         16          0          0          0         92   _printf_dec.o
        88          4         40          0          0         88   _printf_hex_int.o
       178          0          0          0          0         88   _printf_intcommon.o
        78          0          0          0          0        108   _printf_pad.o
         0          0          0          0          0          0   _printf_percent.o
         4          0          0          0          0          0   _printf_percent_end.o
         6          0          0          0          0          0   _printf_x.o
        22          0          0          0          0        100   _rserrno.o
        16          0          0          0          0         68   aeabi_memset.o
        12          0          0          0          0         72   exit.o
         8          0          0          0          0         68   ferror.o
         6          0          0          0          0        152   heapauxi.o
         2          0          0          0          0          0   libinit.o
         6          0          0          0          0          0   libinit2.o
         2          0          0          0          0          0   libshutdown.o
         2          0          0          0          0          0   libshutdown2.o
         8          4          0          0         96         68   libspace.o
        72          0          0          0          0         76   llsdiv.o
       238          0          0          0          0        100   lludivv7m.o
        88          0          0          0          0         76   memcmp.o
        24          4          0          0          0         84   noretval__2printf.o
         8          4          0          0          0         68   rt_errno_addr_intlibspace.o
        68          0          0          0          0         68   rt_memclr.o
        78          0          0          0          0         80   rt_memclr_w.o
         2          0          0          0          0          0   rtexit.o
        10          0          0          0          0          0   rtexit2.o
        74          0          0          0          0         80   sys_stackheap_outer.o
         2          0          0          0          0         68   use_no_semi.o
         2          0          0          0          0         68   use_no_semi_2.o
        24          0          0          0          0        164   basic.o
        98          4          0          0          0        140   d2f.o
       826         16          0          0          0        492   daddsub_clz.o
       688        140          0          0          0        256   ddiv.o
        90          4          0          0          0        140   dfixu.o
        84          0          0          0          0        232   dflt_clz.o
       340         12          0          0          0        152   dmul.o
       156          4          0          0          0        140   dnaninf.o
        12          0          0          0          0        116   dretinf.o
       408         56          0          0          0        168   dsqrt_umaal.o
        86          4          0          0          0        132   f2d.o
       140          4          0          0          0        132   fnaninf.o
        10          0          0          0          0        116   fpinit.o
        10          0          0          0          0        116   fretinf.o
         0          0          0          0          0          0   usenofp.o
       864         94         80          0          0        280   asin.o
       744        106        152          0          0        352   atan.o
       496         64          0          0          0        192   atan2.o
       104         16          0          0          0        496   dunder.o
        24          0          0          0          0        124   fabs.o
        48          0          0          0          0        124   fpclassify.o
       248          0          0          0          0        152   poly.o
         0          0          8          0          0          0   qnan.o
       110          0          0          0          0        148   sqrt.o

    ----------------------------------------------------------------------
      7408        578        302          0        100       6440   Library Totals
        26          0          5          0          4          0   (incl. Padding)

    ----------------------------------------------------------------------

      Code (inc. data)   RO Data    RW Data    ZI Data      Debug   Library Name

      1772         54         57          0         96       2076   c_w.l
      2972        244          0          0          0       2496   fz_wm.l
      2638        280        240          0          0       1868   m_wm.l

    ----------------------------------------------------------------------
      7408        578        302          0        100       6440   Library Totals

    ----------------------------------------------------------------------

==============================================================================


      Code (inc. data)   RO Data    RW Data    ZI Data      Debug   

     50168       1680      10056        180       1868     385314   Grand Totals
     50168       1680      10056        180       1868     385314   ELF Image Totals
     50168       1680      10056        180          0          0   ROM Totals

==============================================================================

    Total RO  Size (Code + RO Data)                60224 (  58.81kB)
    Total RW  Size (RW Data + ZI Data)              2048 (   2.00kB)
    Total ROM Size (Code + RO Data + RW Data)      60404 (  58.99kB)

==============================================================================

