Component: ARM Compiler 5.05 update 1 (build 106) Tool: armlink [4d0efa]

==============================================================================

Section Cross References

    main.o(.text) refers to snake.o(.text) for initSnake
    main.o(.text) refers to misc.o(.text) for NVIC_PriorityGroupConfig
    main.o(.text) refers to delay.o(.text) for delay_init
    main.o(.text) refers to usart.o(.text) for uart_init
    main.o(.text) refers to led.o(.text) for LED_Init
    main.o(.text) refers to lcd.o(.text) for LCD_Init
    main.o(.text) refers to key.o(.text) for KEY_Init
    system_stm32f4xx.o(.text) refers to system_stm32f4xx.o(.data) for SystemCoreClock
    led.o(.text) refers to stm32f4xx_rcc.o(.text) for RCC_AHB1PeriphClockCmd
    led.o(.text) refers to stm32f4xx_gpio.o(.text) for GPIO_Init
    lcd.o(.text) refers to delay.o(.text) for delay_us
    lcd.o(.text) refers to lcd.o(.bss) for lcddev
    lcd.o(.text) refers to lcd.o(.data) for POINT_COLOR
    lcd.o(.text) refers to dfltui.o(.text) for __aeabi_ui2d
    lcd.o(.text) refers to dmul.o(.text) for __aeabi_dmul
    lcd.o(.text) refers to dfixui.o(.text) for __aeabi_d2uiz
    lcd.o(.text) refers to stm32f4xx_rcc.o(.text) for RCC_AHB1PeriphClockCmd
    lcd.o(.text) refers to stm32f4xx_gpio.o(.text) for GPIO_Init
    lcd.o(.text) refers to stm32f4xx_fsmc.o(.text) for FSMC_NORSRAMInit
    lcd.o(.text) refers to printf5.o(i.__0printf$5) for __2printf
    lcd.o(.text) refers to lcd.o(.constdata) for asc2_1206
    snake.o(.text) refers to lcd.o(.text) for LCD_ShowString
    snake.o(.text) refers to key.o(.text) for KEY_Scan
    snake.o(.text) refers to malloc.o(i.malloc) for malloc
    snake.o(.text) refers to rand.o(.text) for rand
    snake.o(.text) refers to malloc.o(i.free) for free
    snake.o(.text) refers to printf5.o(i.__0printf$5) for __2printf
    snake.o(.text) refers to snake.o(.data) for title
    snake.o(.text) refers to lcd.o(.data) for BACK_COLOR
    key.o(.text) refers to stm32f4xx_rcc.o(.text) for RCC_AHB1PeriphClockCmd
    key.o(.text) refers to stm32f4xx_gpio.o(.text) for GPIO_Init
    key.o(.text) refers to delay.o(.text) for delay_ms
    key.o(.text) refers to key.o(.data) for key_up
    delay.o(.text) refers to misc.o(.text) for SysTick_CLKSourceConfig
    delay.o(.text) refers to delay.o(.data) for fac_us
    usart.o(.text) refers to stm32f4xx_rcc.o(.text) for RCC_AHB1PeriphClockCmd
    usart.o(.text) refers to stm32f4xx_gpio.o(.text) for GPIO_PinAFConfig
    usart.o(.text) refers to stm32f4xx_usart.o(.text) for USART_Init
    usart.o(.text) refers to misc.o(.text) for NVIC_Init
    usart.o(.text) refers to usart.o(.data) for USART_RX_STA
    usart.o(.text) refers to usart.o(.bss) for USART_RX_BUF
    startup_stm32f40_41xxx.o(RESET) refers to startup_stm32f40_41xxx.o(STACK) for __initial_sp
    startup_stm32f40_41xxx.o(RESET) refers to startup_stm32f40_41xxx.o(.text) for Reset_Handler
    startup_stm32f40_41xxx.o(RESET) refers to stm32f4xx_it.o(.text) for NMI_Handler
    startup_stm32f40_41xxx.o(RESET) refers to usart.o(.text) for USART1_IRQHandler
    startup_stm32f40_41xxx.o(.text) refers to system_stm32f4xx.o(.text) for SystemInit
    startup_stm32f40_41xxx.o(.text) refers to entry.o(.ARM.Collect$$$$00000000) for __main
    stm32f4xx_gpio.o(.text) refers to stm32f4xx_rcc.o(.text) for RCC_AHB1PeriphResetCmd
    stm32f4xx_fsmc.o(.text) refers to stm32f4xx_fsmc.o(.constdata) for FSMC_DefaultTimingStruct
    stm32f4xx_rcc.o(.text) refers to stm32f4xx_rcc.o(.data) for APBAHBPrescTable
    stm32f4xx_syscfg.o(.text) refers to stm32f4xx_rcc.o(.text) for RCC_APB2PeriphResetCmd
    stm32f4xx_usart.o(.text) refers to stm32f4xx_rcc.o(.text) for RCC_APB2PeriphResetCmd
    entry.o(.ARM.Collect$$$$00000000) refers (Special) to entry10a.o(.ARM.Collect$$$$0000000D) for __rt_final_cpp
    entry.o(.ARM.Collect$$$$00000000) refers (Special) to entry11a.o(.ARM.Collect$$$$0000000F) for __rt_final_exit
    entry.o(.ARM.Collect$$$$00000000) refers (Special) to entry7b.o(.ARM.Collect$$$$00000008) for _main_clock
    entry.o(.ARM.Collect$$$$00000000) refers (Special) to entry8b.o(.ARM.Collect$$$$0000000A) for _main_cpp_init
    entry.o(.ARM.Collect$$$$00000000) refers (Special) to entry9a.o(.ARM.Collect$$$$0000000B) for _main_init
    entry.o(.ARM.Collect$$$$00000000) refers (Special) to entry5.o(.ARM.Collect$$$$00000004) for _main_scatterload
    entry.o(.ARM.Collect$$$$00000000) refers (Special) to entry2.o(.ARM.Collect$$$$00000001) for _main_stk
    rand.o(.text) refers to rand.o(.data) for .data
    printfb.o(i.__0fprintf$bare) refers to printfb.o(i._printf_core) for _printf_core
    printfb.o(i.__0fprintf$bare) refers to usart.o(.text) for fputc
    printfb.o(i.__0printf$bare) refers to printfb.o(i._printf_core) for _printf_core
    printfb.o(i.__0printf$bare) refers to usart.o(.text) for fputc
    printfb.o(i.__0printf$bare) refers to usart.o(.data) for __stdout
    printfb.o(i.__0snprintf$bare) refers to printfb.o(i._printf_core) for _printf_core
    printfb.o(i.__0snprintf$bare) refers to printfb.o(i._snputc) for _snputc
    printfb.o(i.__0sprintf$bare) refers to printfb.o(i._printf_core) for _printf_core
    printfb.o(i.__0sprintf$bare) refers to printfb.o(i._sputc) for _sputc
    printfb.o(i.__0vfprintf$bare) refers to printfb.o(i._printf_core) for _printf_core
    printfb.o(i.__0vfprintf$bare) refers to usart.o(.text) for fputc
    printfb.o(i.__0vprintf$bare) refers to printfb.o(i._printf_core) for _printf_core
    printfb.o(i.__0vprintf$bare) refers to usart.o(.text) for fputc
    printfb.o(i.__0vprintf$bare) refers to usart.o(.data) for __stdout
    printfb.o(i.__0vsnprintf$bare) refers to printfb.o(i._printf_core) for _printf_core
    printfb.o(i.__0vsnprintf$bare) refers to printfb.o(i._snputc) for _snputc
    printfb.o(i.__0vsprintf$bare) refers to printfb.o(i._printf_core) for _printf_core
    printfb.o(i.__0vsprintf$bare) refers to printfb.o(i._sputc) for _sputc
    printf0.o(i.__0fprintf$0) refers to printf0.o(i._printf_core) for _printf_core
    printf0.o(i.__0fprintf$0) refers to usart.o(.text) for fputc
    printf0.o(i.__0printf$0) refers to printf0.o(i._printf_core) for _printf_core
    printf0.o(i.__0printf$0) refers to usart.o(.text) for fputc
    printf0.o(i.__0printf$0) refers to usart.o(.data) for __stdout
    printf0.o(i.__0snprintf$0) refers to printf0.o(i._printf_core) for _printf_core
    printf0.o(i.__0snprintf$0) refers to printf0.o(i._snputc) for _snputc
    printf0.o(i.__0sprintf$0) refers to printf0.o(i._printf_core) for _printf_core
    printf0.o(i.__0sprintf$0) refers to printf0.o(i._sputc) for _sputc
    printf0.o(i.__0vfprintf$0) refers to printf0.o(i._printf_core) for _printf_core
    printf0.o(i.__0vfprintf$0) refers to usart.o(.text) for fputc
    printf0.o(i.__0vprintf$0) refers to printf0.o(i._printf_core) for _printf_core
    printf0.o(i.__0vprintf$0) refers to usart.o(.text) for fputc
    printf0.o(i.__0vprintf$0) refers to usart.o(.data) for __stdout
    printf0.o(i.__0vsnprintf$0) refers to printf0.o(i._printf_core) for _printf_core
    printf0.o(i.__0vsnprintf$0) refers to printf0.o(i._snputc) for _snputc
    printf0.o(i.__0vsprintf$0) refers to printf0.o(i._printf_core) for _printf_core
    printf0.o(i.__0vsprintf$0) refers to printf0.o(i._sputc) for _sputc
    printf1.o(i.__0fprintf$1) refers to printf1.o(i._printf_core) for _printf_core
    printf1.o(i.__0fprintf$1) refers to usart.o(.text) for fputc
    printf1.o(i.__0printf$1) refers to printf1.o(i._printf_core) for _printf_core
    printf1.o(i.__0printf$1) refers to usart.o(.text) for fputc
    printf1.o(i.__0printf$1) refers to usart.o(.data) for __stdout
    printf1.o(i.__0snprintf$1) refers to printf1.o(i._printf_core) for _printf_core
    printf1.o(i.__0snprintf$1) refers to printf1.o(i._snputc) for _snputc
    printf1.o(i.__0sprintf$1) refers to printf1.o(i._printf_core) for _printf_core
    printf1.o(i.__0sprintf$1) refers to printf1.o(i._sputc) for _sputc
    printf1.o(i.__0vfprintf$1) refers to printf1.o(i._printf_core) for _printf_core
    printf1.o(i.__0vfprintf$1) refers to usart.o(.text) for fputc
    printf1.o(i.__0vprintf$1) refers to printf1.o(i._printf_core) for _printf_core
    printf1.o(i.__0vprintf$1) refers to usart.o(.text) for fputc
    printf1.o(i.__0vprintf$1) refers to usart.o(.data) for __stdout
    printf1.o(i.__0vsnprintf$1) refers to printf1.o(i._printf_core) for _printf_core
    printf1.o(i.__0vsnprintf$1) refers to printf1.o(i._snputc) for _snputc
    printf1.o(i.__0vsprintf$1) refers to printf1.o(i._printf_core) for _printf_core
    printf1.o(i.__0vsprintf$1) refers to printf1.o(i._sputc) for _sputc
    printf1.o(i._printf_core) refers to uidiv.o(.text) for __aeabi_uidivmod
    printf2.o(i.__0fprintf$2) refers to printf2.o(i._printf_core) for _printf_core
    printf2.o(i.__0fprintf$2) refers to usart.o(.text) for fputc
    printf2.o(i.__0printf$2) refers to printf2.o(i._printf_core) for _printf_core
    printf2.o(i.__0printf$2) refers to usart.o(.text) for fputc
    printf2.o(i.__0printf$2) refers to usart.o(.data) for __stdout
    printf2.o(i.__0snprintf$2) refers to printf2.o(i._printf_core) for _printf_core
    printf2.o(i.__0snprintf$2) refers to printf2.o(i._snputc) for _snputc
    printf2.o(i.__0sprintf$2) refers to printf2.o(i._printf_core) for _printf_core
    printf2.o(i.__0sprintf$2) refers to printf2.o(i._sputc) for _sputc
    printf2.o(i.__0vfprintf$2) refers to printf2.o(i._printf_core) for _printf_core
    printf2.o(i.__0vfprintf$2) refers to usart.o(.text) for fputc
    printf2.o(i.__0vprintf$2) refers to printf2.o(i._printf_core) for _printf_core
    printf2.o(i.__0vprintf$2) refers to usart.o(.text) for fputc
    printf2.o(i.__0vprintf$2) refers to usart.o(.data) for __stdout
    printf2.o(i.__0vsnprintf$2) refers to printf2.o(i._printf_core) for _printf_core
    printf2.o(i.__0vsnprintf$2) refers to printf2.o(i._snputc) for _snputc
    printf2.o(i.__0vsprintf$2) refers to printf2.o(i._printf_core) for _printf_core
    printf2.o(i.__0vsprintf$2) refers to printf2.o(i._sputc) for _sputc
    printf3.o(i.__0fprintf$3) refers to printf3.o(i._printf_core) for _printf_core
    printf3.o(i.__0fprintf$3) refers to usart.o(.text) for fputc
    printf3.o(i.__0printf$3) refers to printf3.o(i._printf_core) for _printf_core
    printf3.o(i.__0printf$3) refers to usart.o(.text) for fputc
    printf3.o(i.__0printf$3) refers to usart.o(.data) for __stdout
    printf3.o(i.__0snprintf$3) refers to printf3.o(i._printf_core) for _printf_core
    printf3.o(i.__0snprintf$3) refers to printf3.o(i._snputc) for _snputc
    printf3.o(i.__0sprintf$3) refers to printf3.o(i._printf_core) for _printf_core
    printf3.o(i.__0sprintf$3) refers to printf3.o(i._sputc) for _sputc
    printf3.o(i.__0vfprintf$3) refers to printf3.o(i._printf_core) for _printf_core
    printf3.o(i.__0vfprintf$3) refers to usart.o(.text) for fputc
    printf3.o(i.__0vprintf$3) refers to printf3.o(i._printf_core) for _printf_core
    printf3.o(i.__0vprintf$3) refers to usart.o(.text) for fputc
    printf3.o(i.__0vprintf$3) refers to usart.o(.data) for __stdout
    printf3.o(i.__0vsnprintf$3) refers to printf3.o(i._printf_core) for _printf_core
    printf3.o(i.__0vsnprintf$3) refers to printf3.o(i._snputc) for _snputc
    printf3.o(i.__0vsprintf$3) refers to printf3.o(i._printf_core) for _printf_core
    printf3.o(i.__0vsprintf$3) refers to printf3.o(i._sputc) for _sputc
    printf3.o(i._printf_core) refers to uidiv.o(.text) for __aeabi_uidivmod
    printf4.o(i.__0fprintf$4) refers to printf4.o(i._printf_core) for _printf_core
    printf4.o(i.__0fprintf$4) refers to usart.o(.text) for fputc
    printf4.o(i.__0printf$4) refers to printf4.o(i._printf_core) for _printf_core
    printf4.o(i.__0printf$4) refers to usart.o(.text) for fputc
    printf4.o(i.__0printf$4) refers to usart.o(.data) for __stdout
    printf4.o(i.__0snprintf$4) refers to printf4.o(i._printf_core) for _printf_core
    printf4.o(i.__0snprintf$4) refers to printf4.o(i._snputc) for _snputc
    printf4.o(i.__0sprintf$4) refers to printf4.o(i._printf_core) for _printf_core
    printf4.o(i.__0sprintf$4) refers to printf4.o(i._sputc) for _sputc
    printf4.o(i.__0vfprintf$4) refers to printf4.o(i._printf_core) for _printf_core
    printf4.o(i.__0vfprintf$4) refers to usart.o(.text) for fputc
    printf4.o(i.__0vprintf$4) refers to printf4.o(i._printf_core) for _printf_core
    printf4.o(i.__0vprintf$4) refers to usart.o(.text) for fputc
    printf4.o(i.__0vprintf$4) refers to usart.o(.data) for __stdout
    printf4.o(i.__0vsnprintf$4) refers to printf4.o(i._printf_core) for _printf_core
    printf4.o(i.__0vsnprintf$4) refers to printf4.o(i._snputc) for _snputc
    printf4.o(i.__0vsprintf$4) refers to printf4.o(i._printf_core) for _printf_core
    printf4.o(i.__0vsprintf$4) refers to printf4.o(i._sputc) for _sputc
    printf4.o(i._printf_core) refers to uldiv.o(.text) for __aeabi_uldivmod
    printf5.o(i.__0fprintf$5) refers to printf5.o(i._printf_core) for _printf_core
    printf5.o(i.__0fprintf$5) refers to usart.o(.text) for fputc
    printf5.o(i.__0printf$5) refers to printf5.o(i._printf_core) for _printf_core
    printf5.o(i.__0printf$5) refers to usart.o(.text) for fputc
    printf5.o(i.__0printf$5) refers to usart.o(.data) for __stdout
    printf5.o(i.__0snprintf$5) refers to printf5.o(i._printf_core) for _printf_core
    printf5.o(i.__0snprintf$5) refers to printf5.o(i._snputc) for _snputc
    printf5.o(i.__0sprintf$5) refers to printf5.o(i._printf_core) for _printf_core
    printf5.o(i.__0sprintf$5) refers to printf5.o(i._sputc) for _sputc
    printf5.o(i.__0vfprintf$5) refers to printf5.o(i._printf_core) for _printf_core
    printf5.o(i.__0vfprintf$5) refers to usart.o(.text) for fputc
    printf5.o(i.__0vprintf$5) refers to printf5.o(i._printf_core) for _printf_core
    printf5.o(i.__0vprintf$5) refers to usart.o(.text) for fputc
    printf5.o(i.__0vprintf$5) refers to usart.o(.data) for __stdout
    printf5.o(i.__0vsnprintf$5) refers to printf5.o(i._printf_core) for _printf_core
    printf5.o(i.__0vsnprintf$5) refers to printf5.o(i._snputc) for _snputc
    printf5.o(i.__0vsprintf$5) refers to printf5.o(i._printf_core) for _printf_core
    printf5.o(i.__0vsprintf$5) refers to printf5.o(i._sputc) for _sputc
    printf5.o(i._printf_core) refers to uldiv.o(.text) for __aeabi_uldivmod
    printf6.o(i.__0fprintf$6) refers to printf6.o(i._printf_core) for _printf_core
    printf6.o(i.__0fprintf$6) refers to usart.o(.text) for fputc
    printf6.o(i.__0printf$6) refers to printf6.o(i._printf_core) for _printf_core
    printf6.o(i.__0printf$6) refers to usart.o(.text) for fputc
    printf6.o(i.__0printf$6) refers to usart.o(.data) for __stdout
    printf6.o(i.__0snprintf$6) refers to printf6.o(i._printf_core) for _printf_core
    printf6.o(i.__0snprintf$6) refers to printf6.o(i._snputc) for _snputc
    printf6.o(i.__0sprintf$6) refers to printf6.o(i._printf_core) for _printf_core
    printf6.o(i.__0sprintf$6) refers to printf6.o(i._sputc) for _sputc
    printf6.o(i.__0vfprintf$6) refers to printf6.o(i._printf_core) for _printf_core
    printf6.o(i.__0vfprintf$6) refers to usart.o(.text) for fputc
    printf6.o(i.__0vprintf$6) refers to printf6.o(i._printf_core) for _printf_core
    printf6.o(i.__0vprintf$6) refers to usart.o(.text) for fputc
    printf6.o(i.__0vprintf$6) refers to usart.o(.data) for __stdout
    printf6.o(i.__0vsnprintf$6) refers to printf6.o(i._printf_core) for _printf_core
    printf6.o(i.__0vsnprintf$6) refers to printf6.o(i._snputc) for _snputc
    printf6.o(i.__0vsprintf$6) refers to printf6.o(i._printf_core) for _printf_core
    printf6.o(i.__0vsprintf$6) refers to printf6.o(i._sputc) for _sputc
    printf6.o(i._printf_core) refers to printf6.o(i._printf_pre_padding) for _printf_pre_padding
    printf6.o(i._printf_core) refers to uidiv.o(.text) for __aeabi_uidivmod
    printf6.o(i._printf_core) refers to printf6.o(i._printf_post_padding) for _printf_post_padding
    printf7.o(i.__0fprintf$7) refers to printf7.o(i._printf_core) for _printf_core
    printf7.o(i.__0fprintf$7) refers to usart.o(.text) for fputc
    printf7.o(i.__0printf$7) refers to printf7.o(i._printf_core) for _printf_core
    printf7.o(i.__0printf$7) refers to usart.o(.text) for fputc
    printf7.o(i.__0printf$7) refers to usart.o(.data) for __stdout
    printf7.o(i.__0snprintf$7) refers to printf7.o(i._printf_core) for _printf_core
    printf7.o(i.__0snprintf$7) refers to printf7.o(i._snputc) for _snputc
    printf7.o(i.__0sprintf$7) refers to printf7.o(i._printf_core) for _printf_core
    printf7.o(i.__0sprintf$7) refers to printf7.o(i._sputc) for _sputc
    printf7.o(i.__0vfprintf$7) refers to printf7.o(i._printf_core) for _printf_core
    printf7.o(i.__0vfprintf$7) refers to usart.o(.text) for fputc
    printf7.o(i.__0vprintf$7) refers to printf7.o(i._printf_core) for _printf_core
    printf7.o(i.__0vprintf$7) refers to usart.o(.text) for fputc
    printf7.o(i.__0vprintf$7) refers to usart.o(.data) for __stdout
    printf7.o(i.__0vsnprintf$7) refers to printf7.o(i._printf_core) for _printf_core
    printf7.o(i.__0vsnprintf$7) refers to printf7.o(i._snputc) for _snputc
    printf7.o(i.__0vsprintf$7) refers to printf7.o(i._printf_core) for _printf_core
    printf7.o(i.__0vsprintf$7) refers to printf7.o(i._sputc) for _sputc
    printf7.o(i._printf_core) refers to printf7.o(i._printf_pre_padding) for _printf_pre_padding
    printf7.o(i._printf_core) refers to uldiv.o(.text) for __aeabi_uldivmod
    printf7.o(i._printf_core) refers to printf7.o(i._printf_post_padding) for _printf_post_padding
    printf8.o(i.__0fprintf$8) refers to printf8.o(i._printf_core) for _printf_core
    printf8.o(i.__0fprintf$8) refers to usart.o(.text) for fputc
    printf8.o(i.__0printf$8) refers to printf8.o(i._printf_core) for _printf_core
    printf8.o(i.__0printf$8) refers to usart.o(.text) for fputc
    printf8.o(i.__0printf$8) refers to usart.o(.data) for __stdout
    printf8.o(i.__0snprintf$8) refers to printf8.o(i._printf_core) for _printf_core
    printf8.o(i.__0snprintf$8) refers to printf8.o(i._snputc) for _snputc
    printf8.o(i.__0sprintf$8) refers to printf8.o(i._printf_core) for _printf_core
    printf8.o(i.__0sprintf$8) refers to printf8.o(i._sputc) for _sputc
    printf8.o(i.__0vfprintf$8) refers to printf8.o(i._printf_core) for _printf_core
    printf8.o(i.__0vfprintf$8) refers to usart.o(.text) for fputc
    printf8.o(i.__0vprintf$8) refers to printf8.o(i._printf_core) for _printf_core
    printf8.o(i.__0vprintf$8) refers to usart.o(.text) for fputc
    printf8.o(i.__0vprintf$8) refers to usart.o(.data) for __stdout
    printf8.o(i.__0vsnprintf$8) refers to printf8.o(i._printf_core) for _printf_core
    printf8.o(i.__0vsnprintf$8) refers to printf8.o(i._snputc) for _snputc
    printf8.o(i.__0vsprintf$8) refers to printf8.o(i._printf_core) for _printf_core
    printf8.o(i.__0vsprintf$8) refers to printf8.o(i._sputc) for _sputc
    printf8.o(i._printf_core) refers to printf8.o(i._printf_pre_padding) for _printf_pre_padding
    printf8.o(i._printf_core) refers to uldiv.o(.text) for __aeabi_uldivmod
    printf8.o(i._printf_core) refers to printf8.o(i._printf_post_padding) for _printf_post_padding
    printfa.o(i.__0fprintf) refers (Special) to iusefp.o(.text) for __I$use$fp
    printfa.o(i.__0fprintf) refers to printfa.o(i._printf_core) for _printf_core
    printfa.o(i.__0fprintf) refers to usart.o(.text) for fputc
    printfa.o(i.__0printf) refers (Special) to iusefp.o(.text) for __I$use$fp
    printfa.o(i.__0printf) refers to printfa.o(i._printf_core) for _printf_core
    printfa.o(i.__0printf) refers to usart.o(.text) for fputc
    printfa.o(i.__0printf) refers to usart.o(.data) for __stdout
    printfa.o(i.__0snprintf) refers (Special) to iusefp.o(.text) for __I$use$fp
    printfa.o(i.__0snprintf) refers to printfa.o(i._printf_core) for _printf_core
    printfa.o(i.__0snprintf) refers to printfa.o(i._snputc) for _snputc
    printfa.o(i.__0sprintf) refers (Special) to iusefp.o(.text) for __I$use$fp
    printfa.o(i.__0sprintf) refers to printfa.o(i._printf_core) for _printf_core
    printfa.o(i.__0sprintf) refers to printfa.o(i._sputc) for _sputc
    printfa.o(i.__0vfprintf) refers (Special) to iusefp.o(.text) for __I$use$fp
    printfa.o(i.__0vfprintf) refers to printfa.o(i._printf_core) for _printf_core
    printfa.o(i.__0vfprintf) refers to usart.o(.text) for fputc
    printfa.o(i.__0vprintf) refers (Special) to iusefp.o(.text) for __I$use$fp
    printfa.o(i.__0vprintf) refers to printfa.o(i._printf_core) for _printf_core
    printfa.o(i.__0vprintf) refers to usart.o(.text) for fputc
    printfa.o(i.__0vprintf) refers to usart.o(.data) for __stdout
    printfa.o(i.__0vsnprintf) refers (Special) to iusefp.o(.text) for __I$use$fp
    printfa.o(i.__0vsnprintf) refers to printfa.o(i._printf_core) for _printf_core
    printfa.o(i.__0vsnprintf) refers to printfa.o(i._snputc) for _snputc
    printfa.o(i.__0vsprintf) refers (Special) to iusefp.o(.text) for __I$use$fp
    printfa.o(i.__0vsprintf) refers to printfa.o(i._printf_core) for _printf_core
    printfa.o(i.__0vsprintf) refers to printfa.o(i._sputc) for _sputc
    printfa.o(i._fp_digits) refers (Special) to iusefp.o(.text) for __I$use$fp
    printfa.o(i._fp_digits) refers to dmul.o(.text) for __aeabi_dmul
    printfa.o(i._fp_digits) refers to ddiv.o(.text) for __aeabi_ddiv
    printfa.o(i._fp_digits) refers to cdrcmple.o(.text) for __aeabi_cdrcmple
    printfa.o(i._fp_digits) refers to dadd.o(.text) for __aeabi_dadd
    printfa.o(i._fp_digits) refers to dfixul.o(.text) for __aeabi_d2ulz
    printfa.o(i._fp_digits) refers to uldiv.o(.text) for __aeabi_uldivmod
    printfa.o(i._printf_core) refers (Special) to iusefp.o(.text) for __I$use$fp
    printfa.o(i._printf_core) refers to printfa.o(i._printf_pre_padding) for _printf_pre_padding
    printfa.o(i._printf_core) refers to uldiv.o(.text) for __aeabi_uldivmod
    printfa.o(i._printf_core) refers to printfa.o(i._printf_post_padding) for _printf_post_padding
    printfa.o(i._printf_core) refers to printfa.o(i._fp_digits) for _fp_digits
    printfa.o(i._printf_core) refers to uidiv.o(.text) for __aeabi_uidivmod
    printfa.o(i._printf_post_padding) refers (Special) to iusefp.o(.text) for __I$use$fp
    printfa.o(i._printf_pre_padding) refers (Special) to iusefp.o(.text) for __I$use$fp
    printfa.o(i._snputc) refers (Special) to iusefp.o(.text) for __I$use$fp
    printfa.o(i._sputc) refers (Special) to iusefp.o(.text) for __I$use$fp
    malloc.o(i.free) refers to mvars.o(.data) for __microlib_freelist
    malloc.o(i.malloc) refers to mvars.o(.data) for __microlib_freelist_initialised
    malloc.o(i.malloc) refers to mvars.o(.data) for __microlib_freelist
    malloc.o(i.malloc) refers to startup_stm32f40_41xxx.o(HEAP) for __heap_base
    mallocr.o(i.__free$realloc) refers to mvars.o(.data) for __microlib_freelist
    mallocr.o(i.__malloc$realloc) refers to mallocr.o(i.internal_alloc) for internal_alloc
    mallocr.o(i.__malloc$realloc) refers to mvars.o(.data) for __microlib_freelist_initialised
    mallocr.o(i.__malloc$realloc) refers to startup_stm32f40_41xxx.o(HEAP) for __heap_base
    mallocr.o(i.__malloc$realloc) refers to mvars.o(.data) for __microlib_freelist
    mallocr.o(i.internal_alloc) refers to memcpya.o(.text) for __aeabi_memcpy
    mallocr.o(i.internal_alloc) refers to mvars.o(.data) for __microlib_freelist
    mallocr.o(i.realloc) refers to mallocr.o(i.__free$realloc) for __free$realloc
    mallocr.o(i.realloc) refers to mallocr.o(i.internal_alloc) for internal_alloc
    mallocr.o(i.realloc) refers to mallocr.o(i.__malloc$realloc) for __malloc$realloc
    mallocr.o(i.realloc) refers to mvars.o(.data) for __microlib_freelist
    malloca.o(i.__aligned_malloc) refers to mvars.o(.data) for __microlib_freelist_initialised
    malloca.o(i.__aligned_malloc) refers to mvars.o(.data) for __microlib_freelist
    malloca.o(i.__aligned_malloc) refers to startup_stm32f40_41xxx.o(HEAP) for __heap_base
    malloca.o(i.__free$memalign) refers to mvars.o(.data) for __microlib_freelist
    malloca.o(i.__malloc$memalign) refers to malloca.o(i.__aligned_malloc) for __aligned_malloc
    mallocra.o(i.__aligned_malloc$realloc) refers to mallocra.o(i.internal_alloc) for internal_alloc
    mallocra.o(i.__aligned_malloc$realloc) refers to mvars.o(.data) for __microlib_freelist_initialised
    mallocra.o(i.__aligned_malloc$realloc) refers to startup_stm32f40_41xxx.o(HEAP) for __heap_base
    mallocra.o(i.__aligned_malloc$realloc) refers to mvars.o(.data) for __microlib_freelist
    mallocra.o(i.__free$realloc$memalign) refers to mvars.o(.data) for __microlib_freelist
    mallocra.o(i.__malloc$realloc$memalign) refers to mallocra.o(i.__aligned_malloc$realloc) for __aligned_malloc$realloc
    mallocra.o(i.__realloc$memalign) refers to mallocra.o(i.__free$realloc$memalign) for __free$realloc$memalign
    mallocra.o(i.__realloc$memalign) refers to mallocra.o(i.internal_alloc) for internal_alloc
    mallocra.o(i.__realloc$memalign) refers to mallocra.o(i.__malloc$realloc$memalign) for __malloc$realloc$memalign
    mallocra.o(i.__realloc$memalign) refers to mvars.o(.data) for __microlib_freelist
    mallocra.o(i.internal_alloc) refers to memcpya.o(.text) for __aeabi_memcpy
    mallocra.o(i.internal_alloc) refers to mvars.o(.data) for __microlib_freelist
    dmul.o(.text) refers (Special) to iusefp.o(.text) for __I$use$fp
    dmul.o(.text) refers to depilogue.o(.text) for _double_epilogue
    dfltui.o(.text) refers (Special) to iusefp.o(.text) for __I$use$fp
    dfltui.o(.text) refers to depilogue.o(.text) for _double_epilogue
    dfixui.o(.text) refers (Special) to iusefp.o(.text) for __I$use$fp
    dfixui.o(.text) refers to llushr.o(.text) for __aeabi_llsr
    entry2.o(.ARM.Collect$$$$00000001) refers to entry2.o(.ARM.Collect$$$$00002712) for __lit__00000000
    entry2.o(.ARM.Collect$$$$00002712) refers to startup_stm32f40_41xxx.o(STACK) for __initial_sp
    entry2.o(__vectab_stack_and_reset_area) refers to startup_stm32f40_41xxx.o(STACK) for __initial_sp
    entry2.o(__vectab_stack_and_reset_area) refers to entry.o(.ARM.Collect$$$$00000000) for __main
    entry5.o(.ARM.Collect$$$$00000004) refers to init.o(.text) for __scatterload
    entry9a.o(.ARM.Collect$$$$0000000B) refers to main.o(.text) for main
    entry9b.o(.ARM.Collect$$$$0000000C) refers to main.o(.text) for main
    uldiv.o(.text) refers to llushr.o(.text) for __aeabi_llsr
    uldiv.o(.text) refers to llshl.o(.text) for __aeabi_llsl
    depilogue.o(.text) refers to llshl.o(.text) for __aeabi_llsl
    depilogue.o(.text) refers to llushr.o(.text) for __aeabi_llsr
    dadd.o(.text) refers to llshl.o(.text) for __aeabi_llsl
    dadd.o(.text) refers to llsshr.o(.text) for __aeabi_lasr
    dadd.o(.text) refers to depilogue.o(.text) for _double_epilogue
    ddiv.o(.text) refers to depilogue.o(.text) for _double_round
    dfixul.o(.text) refers to llushr.o(.text) for __aeabi_llsr
    dfixul.o(.text) refers to llshl.o(.text) for __aeabi_llsl
    init.o(.text) refers to entry5.o(.ARM.Collect$$$$00000004) for __main_after_scatterload


==============================================================================

Removing Unused input sections from the image.

    Removing main.o(.rev16_text), (4 bytes).
    Removing main.o(.revsh_text), (4 bytes).
    Removing stm32f4xx_it.o(.rev16_text), (4 bytes).
    Removing stm32f4xx_it.o(.revsh_text), (4 bytes).
    Removing system_stm32f4xx.o(.rev16_text), (4 bytes).
    Removing system_stm32f4xx.o(.revsh_text), (4 bytes).
    Removing led.o(.rev16_text), (4 bytes).
    Removing led.o(.revsh_text), (4 bytes).
    Removing lcd.o(.rev16_text), (4 bytes).
    Removing lcd.o(.revsh_text), (4 bytes).
    Removing snake.o(.rev16_text), (4 bytes).
    Removing snake.o(.revsh_text), (4 bytes).
    Removing key.o(.rev16_text), (4 bytes).
    Removing key.o(.revsh_text), (4 bytes).
    Removing delay.o(.rev16_text), (4 bytes).
    Removing delay.o(.revsh_text), (4 bytes).
    Removing sys.o(.rev16_text), (4 bytes).
    Removing sys.o(.revsh_text), (4 bytes).
    Removing sys.o(.emb_text), (16 bytes).
    Removing usart.o(.rev16_text), (4 bytes).
    Removing usart.o(.revsh_text), (4 bytes).
    Removing misc.o(.rev16_text), (4 bytes).
    Removing misc.o(.revsh_text), (4 bytes).
    Removing stm32f4xx_gpio.o(.rev16_text), (4 bytes).
    Removing stm32f4xx_gpio.o(.revsh_text), (4 bytes).
    Removing stm32f4xx_fsmc.o(.rev16_text), (4 bytes).
    Removing stm32f4xx_fsmc.o(.revsh_text), (4 bytes).
    Removing stm32f4xx_rcc.o(.rev16_text), (4 bytes).
    Removing stm32f4xx_rcc.o(.revsh_text), (4 bytes).
    Removing stm32f4xx_syscfg.o(.rev16_text), (4 bytes).
    Removing stm32f4xx_syscfg.o(.revsh_text), (4 bytes).
    Removing stm32f4xx_syscfg.o(.text), (148 bytes).
    Removing stm32f4xx_usart.o(.rev16_text), (4 bytes).
    Removing stm32f4xx_usart.o(.revsh_text), (4 bytes).
    Removing dadd.o(.text), (334 bytes).
    Removing ddiv.o(.text), (222 bytes).
    Removing dfixul.o(.text), (48 bytes).
    Removing cdrcmple.o(.text), (48 bytes).

38 unused section(s) (total 944 bytes) removed from the image.

==============================================================================

Image Symbol Table

    Local Symbols

    Symbol Name                              Value     Ov Type        Size  Object(Section)

    ../clib/microlib/division.c              0x00000000   Number         0  uldiv.o ABSOLUTE
    ../clib/microlib/division.c              0x00000000   Number         0  uidiv.o ABSOLUTE
    ../clib/microlib/init/entry.s            0x00000000   Number         0  entry11a.o ABSOLUTE
    ../clib/microlib/init/entry.s            0x00000000   Number         0  entry10b.o ABSOLUTE
    ../clib/microlib/init/entry.s            0x00000000   Number         0  entry.o ABSOLUTE
    ../clib/microlib/init/entry.s            0x00000000   Number         0  entry8b.o ABSOLUTE
    ../clib/microlib/init/entry.s            0x00000000   Number         0  entry5.o ABSOLUTE
    ../clib/microlib/init/entry.s            0x00000000   Number         0  entry7a.o ABSOLUTE
    ../clib/microlib/init/entry.s            0x00000000   Number         0  entry7b.o ABSOLUTE
    ../clib/microlib/init/entry.s            0x00000000   Number         0  entry8a.o ABSOLUTE
    ../clib/microlib/init/entry.s            0x00000000   Number         0  entry2.o ABSOLUTE
    ../clib/microlib/init/entry.s            0x00000000   Number         0  entry9a.o ABSOLUTE
    ../clib/microlib/init/entry.s            0x00000000   Number         0  entry9b.o ABSOLUTE
    ../clib/microlib/init/entry.s            0x00000000   Number         0  entry10a.o ABSOLUTE
    ../clib/microlib/init/entry.s            0x00000000   Number         0  entry11b.o ABSOLUTE
    ../clib/microlib/longlong.c              0x00000000   Number         0  llsshr.o ABSOLUTE
    ../clib/microlib/longlong.c              0x00000000   Number         0  llushr.o ABSOLUTE
    ../clib/microlib/longlong.c              0x00000000   Number         0  llshl.o ABSOLUTE
    ../clib/microlib/malloc/malloc.c         0x00000000   Number         0  mallocra.o ABSOLUTE
    ../clib/microlib/malloc/malloc.c         0x00000000   Number         0  mallocr.o ABSOLUTE
    ../clib/microlib/malloc/malloc.c         0x00000000   Number         0  malloc.o ABSOLUTE
    ../clib/microlib/malloc/malloc.c         0x00000000   Number         0  malloca.o ABSOLUTE
    ../clib/microlib/malloc/mvars.c          0x00000000   Number         0  mvars.o ABSOLUTE
    ../clib/microlib/printf/printf.c         0x00000000   Number         0  printf0.o ABSOLUTE
    ../clib/microlib/printf/printf.c         0x00000000   Number         0  printf8.o ABSOLUTE
    ../clib/microlib/printf/printf.c         0x00000000   Number         0  printfa.o ABSOLUTE
    ../clib/microlib/printf/printf.c         0x00000000   Number         0  printf7.o ABSOLUTE
    ../clib/microlib/printf/printf.c         0x00000000   Number         0  printf6.o ABSOLUTE
    ../clib/microlib/printf/printf.c         0x00000000   Number         0  printf5.o ABSOLUTE
    ../clib/microlib/printf/printf.c         0x00000000   Number         0  printf4.o ABSOLUTE
    ../clib/microlib/printf/printf.c         0x00000000   Number         0  printf3.o ABSOLUTE
    ../clib/microlib/printf/printf.c         0x00000000   Number         0  printf2.o ABSOLUTE
    ../clib/microlib/printf/printf.c         0x00000000   Number         0  printf1.o ABSOLUTE
    ../clib/microlib/printf/printf.c         0x00000000   Number         0  printfb.o ABSOLUTE
    ../clib/microlib/printf/stubs.s          0x00000000   Number         0  stubs.o ABSOLUTE
    ../clib/microlib/stdlib/rand.c           0x00000000   Number         0  rand.o ABSOLUTE
    ../clib/microlib/string/memcpy.c         0x00000000   Number         0  memcpyb.o ABSOLUTE
    ../clib/microlib/string/memcpy.c         0x00000000   Number         0  memcpya.o ABSOLUTE
    ../clib/microlib/stubs.s                 0x00000000   Number         0  iusefp.o ABSOLUTE
    ../clib/microlib/stubs.s                 0x00000000   Number         0  useno.o ABSOLUTE
    ../fplib/microlib/fpadd.c                0x00000000   Number         0  dadd.o ABSOLUTE
    ../fplib/microlib/fpdiv.c                0x00000000   Number         0  ddiv.o ABSOLUTE
    ../fplib/microlib/fpepilogue.c           0x00000000   Number         0  depilogue.o ABSOLUTE
    ../fplib/microlib/fpfix.c                0x00000000   Number         0  dfixul.o ABSOLUTE
    ../fplib/microlib/fpfix.c                0x00000000   Number         0  dfixui.o ABSOLUTE
    ../fplib/microlib/fpflt.c                0x00000000   Number         0  dfltui.o ABSOLUTE
    ../fplib/microlib/fpmul.c                0x00000000   Number         0  dmul.o ABSOLUTE
    ..\CORE\startup_stm32f40_41xxx.s         0x00000000   Number         0  startup_stm32f40_41xxx.o ABSOLUTE
    ..\FWLIB\src\misc.c                      0x00000000   Number         0  misc.o ABSOLUTE
    ..\FWLIB\src\stm32f4xx_fsmc.c            0x00000000   Number         0  stm32f4xx_fsmc.o ABSOLUTE
    ..\FWLIB\src\stm32f4xx_gpio.c            0x00000000   Number         0  stm32f4xx_gpio.o ABSOLUTE
    ..\FWLIB\src\stm32f4xx_rcc.c             0x00000000   Number         0  stm32f4xx_rcc.o ABSOLUTE
    ..\FWLIB\src\stm32f4xx_syscfg.c          0x00000000   Number         0  stm32f4xx_syscfg.o ABSOLUTE
    ..\FWLIB\src\stm32f4xx_usart.c           0x00000000   Number         0  stm32f4xx_usart.o ABSOLUTE
    ..\HARDWARE\KEY\key.c                    0x00000000   Number         0  key.o ABSOLUTE
    ..\HARDWARE\LCD\lcd.c                    0x00000000   Number         0  lcd.o ABSOLUTE
    ..\HARDWARE\LED\led.c                    0x00000000   Number         0  led.o ABSOLUTE
    ..\HARDWARE\SNAKE\snake.c                0x00000000   Number         0  snake.o ABSOLUTE
    ..\SYSTEM\delay\delay.c                  0x00000000   Number         0  delay.o ABSOLUTE
    ..\SYSTEM\sys\sys.c                      0x00000000   Number         0  sys.o ABSOLUTE
    ..\SYSTEM\usart\usart.c                  0x00000000   Number         0  usart.o ABSOLUTE
    ..\\FWLIB\\src\\misc.c                   0x00000000   Number         0  misc.o ABSOLUTE
    ..\\FWLIB\\src\\stm32f4xx_fsmc.c         0x00000000   Number         0  stm32f4xx_fsmc.o ABSOLUTE
    ..\\FWLIB\\src\\stm32f4xx_gpio.c         0x00000000   Number         0  stm32f4xx_gpio.o ABSOLUTE
    ..\\FWLIB\\src\\stm32f4xx_rcc.c          0x00000000   Number         0  stm32f4xx_rcc.o ABSOLUTE
    ..\\FWLIB\\src\\stm32f4xx_syscfg.c       0x00000000   Number         0  stm32f4xx_syscfg.o ABSOLUTE
    ..\\FWLIB\\src\\stm32f4xx_usart.c        0x00000000   Number         0  stm32f4xx_usart.o ABSOLUTE
    ..\\HARDWARE\\KEY\\key.c                 0x00000000   Number         0  key.o ABSOLUTE
    ..\\HARDWARE\\LCD\\lcd.c                 0x00000000   Number         0  lcd.o ABSOLUTE
    ..\\HARDWARE\\LED\\led.c                 0x00000000   Number         0  led.o ABSOLUTE
    ..\\HARDWARE\\SNAKE\\snake.c             0x00000000   Number         0  snake.o ABSOLUTE
    ..\\SYSTEM\\delay\\delay.c               0x00000000   Number         0  delay.o ABSOLUTE
    ..\\SYSTEM\\sys\\sys.c                   0x00000000   Number         0  sys.o ABSOLUTE
    ..\\SYSTEM\\usart\\usart.c               0x00000000   Number         0  usart.o ABSOLUTE
    cdrcmple.s                               0x00000000   Number         0  cdrcmple.o ABSOLUTE
    dc.s                                     0x00000000   Number         0  dc.o ABSOLUTE
    handlers.s                               0x00000000   Number         0  handlers.o ABSOLUTE
    init.s                                   0x00000000   Number         0  init.o ABSOLUTE
    main.c                                   0x00000000   Number         0  main.o ABSOLUTE
    main.c                                   0x00000000   Number         0  main.o ABSOLUTE
    stm32f4xx_it.c                           0x00000000   Number         0  stm32f4xx_it.o ABSOLUTE
    stm32f4xx_it.c                           0x00000000   Number         0  stm32f4xx_it.o ABSOLUTE
    system_stm32f4xx.c                       0x00000000   Number         0  system_stm32f4xx.o ABSOLUTE
    system_stm32f4xx.c                       0x00000000   Number         0  system_stm32f4xx.o ABSOLUTE
    RESET                                    0x08000000   Section      392  startup_stm32f40_41xxx.o(RESET)
    .ARM.Collect$$$$00000000                 0x08000188   Section        0  entry.o(.ARM.Collect$$$$00000000)
    .ARM.Collect$$$$00000001                 0x08000188   Section        4  entry2.o(.ARM.Collect$$$$00000001)
    .ARM.Collect$$$$00000004                 0x0800018c   Section        4  entry5.o(.ARM.Collect$$$$00000004)
    .ARM.Collect$$$$00000008                 0x08000190   Section        0  entry7b.o(.ARM.Collect$$$$00000008)
    .ARM.Collect$$$$0000000A                 0x08000190   Section        0  entry8b.o(.ARM.Collect$$$$0000000A)
    .ARM.Collect$$$$0000000B                 0x08000190   Section        8  entry9a.o(.ARM.Collect$$$$0000000B)
    .ARM.Collect$$$$0000000D                 0x08000198   Section        0  entry10a.o(.ARM.Collect$$$$0000000D)
    .ARM.Collect$$$$0000000F                 0x08000198   Section        0  entry11a.o(.ARM.Collect$$$$0000000F)
    .ARM.Collect$$$$00002712                 0x08000198   Section        4  entry2.o(.ARM.Collect$$$$00002712)
    __lit__00000000                          0x08000198   Data           4  entry2.o(.ARM.Collect$$$$00002712)
    .text                                    0x0800019c   Section        0  main.o(.text)
    .text                                    0x0800020c   Section        0  stm32f4xx_it.o(.text)
    .text                                    0x08000228   Section        0  system_stm32f4xx.o(.text)
    SetSysClock                              0x08000229   Thumb Code   220  system_stm32f4xx.o(.text)
    .text                                    0x08000438   Section        0  led.o(.text)
    .text                                    0x08000478   Section        0  lcd.o(.text)
    .text                                    0x0800510c   Section        0  snake.o(.text)
    .text                                    0x0800551c   Section        0  key.o(.text)
    .text                                    0x08005620   Section        0  delay.o(.text)
    .text                                    0x08005724   Section        0  usart.o(.text)
    .text                                    0x0800586c   Section       36  startup_stm32f40_41xxx.o(.text)
    $v0                                      0x0800586c   Number         0  startup_stm32f40_41xxx.o(.text)
    .text                                    0x08005890   Section        0  misc.o(.text)
    .text                                    0x08005970   Section        0  stm32f4xx_gpio.o(.text)
    .text                                    0x08005c04   Section        0  stm32f4xx_fsmc.o(.text)
    .text                                    0x080061cc   Section        0  stm32f4xx_rcc.o(.text)
    .text                                    0x08006828   Section        0  stm32f4xx_usart.o(.text)
    .text                                    0x08006c7c   Section        0  rand.o(.text)
    .text                                    0x08006ca0   Section        0  dmul.o(.text)
    .text                                    0x08006d84   Section        0  dfltui.o(.text)
    .text                                    0x08006d9e   Section        0  dfixui.o(.text)
    .text                                    0x08006dd0   Section        0  uldiv.o(.text)
    .text                                    0x08006e32   Section        0  llushr.o(.text)
    .text                                    0x08006e52   Section        0  depilogue.o(.text)
    .text                                    0x08006e52   Section        0  iusefp.o(.text)
    .text                                    0x08006f0c   Section       36  init.o(.text)
    .text                                    0x08006f30   Section        0  llshl.o(.text)
    i.__0printf$5                            0x08006f50   Section        0  printf5.o(i.__0printf$5)
    i.__scatterload_copy                     0x08006f70   Section       14  handlers.o(i.__scatterload_copy)
    i.__scatterload_null                     0x08006f7e   Section        2  handlers.o(i.__scatterload_null)
    i.__scatterload_zeroinit                 0x08006f80   Section       14  handlers.o(i.__scatterload_zeroinit)
    i._printf_core                           0x08006f90   Section        0  printf5.o(i._printf_core)
    _printf_core                             0x08006f91   Thumb Code   658  printf5.o(i._printf_core)
    i.free                                   0x08007250   Section        0  malloc.o(i.free)
    i.malloc                                 0x080072a0   Section        0  malloc.o(i.malloc)
    .constdata                               0x0800730c   Section     6080  lcd.o(.constdata)
    .constdata                               0x08008acc   Section       28  stm32f4xx_fsmc.o(.constdata)
    .data                                    0x20000000   Section       20  system_stm32f4xx.o(.data)
    .data                                    0x20000014   Section        4  lcd.o(.data)
    .data                                    0x20000018   Section       64  snake.o(.data)
    .data                                    0x20000058   Section        1  key.o(.data)
    key_up                                   0x20000058   Data           1  key.o(.data)
    .data                                    0x2000005a   Section        4  delay.o(.data)
    fac_us                                   0x2000005a   Data           1  delay.o(.data)
    fac_ms                                   0x2000005c   Data           2  delay.o(.data)
    .data                                    0x20000060   Section        6  usart.o(.data)
    .data                                    0x20000066   Section       16  stm32f4xx_rcc.o(.data)
    APBAHBPrescTable                         0x20000066   Data          16  stm32f4xx_rcc.o(.data)
    .data                                    0x20000078   Section        4  rand.o(.data)
    _rand_state                              0x20000078   Data           4  rand.o(.data)
    .data                                    0x2000007c   Section        4  mvars.o(.data)
    .data                                    0x20000080   Section        4  mvars.o(.data)
    .bss                                     0x20000084   Section       14  lcd.o(.bss)
    .bss                                     0x20000092   Section      200  usart.o(.bss)
    HEAP                                     0x20000160   Section      512  startup_stm32f40_41xxx.o(HEAP)
    STACK                                    0x20000360   Section     1024  startup_stm32f40_41xxx.o(STACK)

    Global Symbols

    Symbol Name                              Value     Ov Type        Size  Object(Section)

    BuildAttributes$$THM_ISAv4$E$P$D$K$B$S$7EM$VFPi3$EXTD16$VFPS$VFMA$PE$A:L22UL41UL21$X:L11$S22US41US21$IEEE1$IW$USESV6$~STKCKD$USESV7$~SHL$OSPACE$ROPI$EBA8$MICROLIB$REQ8$PRES8$EABIv2 0x00000000   Number         0  anon$$obj.o ABSOLUTE
    __ARM_use_no_argv                        0x00000000   Number         0  main.o ABSOLUTE
    __use_no_errno                           0x00000000   Number         0  useno.o ABSOLUTE
    __use_no_exception_handling              0x00000000   Number         0  useno.o ABSOLUTE
    __use_no_fp                              0x00000000   Number         0  useno.o ABSOLUTE
    __use_no_heap                            0x00000000   Number         0  useno.o ABSOLUTE
    __use_no_heap_region                     0x00000000   Number         0  useno.o ABSOLUTE
    __use_no_semihosting                     0x00000000   Number         0  useno.o ABSOLUTE
    __use_no_semihosting_swi                 0x00000000   Number         0  useno.o ABSOLUTE
    __use_no_signal_handling                 0x00000000   Number         0  useno.o ABSOLUTE
    _printf_a                                0x00000000   Number         0  stubs.o ABSOLUTE
    _printf_c                                0x00000000   Number         0  stubs.o ABSOLUTE
    _printf_charcount                        0x00000000   Number         0  stubs.o ABSOLUTE
    _printf_d                                0x00000000   Number         0  stubs.o ABSOLUTE
    _printf_e                                0x00000000   Number         0  stubs.o ABSOLUTE
    _printf_f                                0x00000000   Number         0  stubs.o ABSOLUTE
    _printf_flags                            0x00000000   Number         0  stubs.o ABSOLUTE
    _printf_fp_dec                           0x00000000   Number         0  stubs.o ABSOLUTE
    _printf_fp_hex                           0x00000000   Number         0  stubs.o ABSOLUTE
    _printf_g                                0x00000000   Number         0  stubs.o ABSOLUTE
    _printf_i                                0x00000000   Number         0  stubs.o ABSOLUTE
    _printf_int_dec                          0x00000000   Number         0  stubs.o ABSOLUTE
    _printf_l                                0x00000000   Number         0  stubs.o ABSOLUTE
    _printf_lc                               0x00000000   Number         0  stubs.o ABSOLUTE
    _printf_ll                               0x00000000   Number         0  stubs.o ABSOLUTE
    _printf_lld                              0x00000000   Number         0  stubs.o ABSOLUTE
    _printf_lli                              0x00000000   Number         0  stubs.o ABSOLUTE
    _printf_llo                              0x00000000   Number         0  stubs.o ABSOLUTE
    _printf_llu                              0x00000000   Number         0  stubs.o ABSOLUTE
    _printf_llx                              0x00000000   Number         0  stubs.o ABSOLUTE
    _printf_longlong_dec                     0x00000000   Number         0  stubs.o ABSOLUTE
    _printf_longlong_hex                     0x00000000   Number         0  stubs.o ABSOLUTE
    _printf_longlong_oct                     0x00000000   Number         0  stubs.o ABSOLUTE
    _printf_ls                               0x00000000   Number         0  stubs.o ABSOLUTE
    _printf_mbtowc                           0x00000000   Number         0  stubs.o ABSOLUTE
    _printf_n                                0x00000000   Number         0  stubs.o ABSOLUTE
    _printf_o                                0x00000000   Number         0  stubs.o ABSOLUTE
    _printf_p                                0x00000000   Number         0  stubs.o ABSOLUTE
    _printf_percent                          0x00000000   Number         0  stubs.o ABSOLUTE
    _printf_pre_padding                      0x00000000   Number         0  stubs.o ABSOLUTE
    _printf_return_value                     0x00000000   Number         0  stubs.o ABSOLUTE
    _printf_s                                0x00000000   Number         0  stubs.o ABSOLUTE
    _printf_sizespec                         0x00000000   Number         0  stubs.o ABSOLUTE
    _printf_str                              0x00000000   Number         0  stubs.o ABSOLUTE
    _printf_truncate_signed                  0x00000000   Number         0  stubs.o ABSOLUTE
    _printf_truncate_unsigned                0x00000000   Number         0  stubs.o ABSOLUTE
    _printf_u                                0x00000000   Number         0  stubs.o ABSOLUTE
    _printf_wc                               0x00000000   Number         0  stubs.o ABSOLUTE
    _printf_wctomb                           0x00000000   Number         0  stubs.o ABSOLUTE
    _printf_widthprec                        0x00000000   Number         0  stubs.o ABSOLUTE
    _printf_x                                0x00000000   Number         0  stubs.o ABSOLUTE
    __cpp_initialize__aeabi_                  - Undefined Weak Reference
    __cxa_finalize                            - Undefined Weak Reference
    __decompress                              - Undefined Weak Reference
    _clock_init                               - Undefined Weak Reference
    _microlib_exit                            - Undefined Weak Reference
    __Vectors_Size                           0x00000188   Number         0  startup_stm32f40_41xxx.o ABSOLUTE
    __Vectors                                0x08000000   Data           4  startup_stm32f40_41xxx.o(RESET)
    __Vectors_End                            0x08000188   Data           0  startup_stm32f40_41xxx.o(RESET)
    __main                                   0x08000189   Thumb Code     0  entry.o(.ARM.Collect$$$$00000000)
    _main_stk                                0x08000189   Thumb Code     0  entry2.o(.ARM.Collect$$$$00000001)
    _main_scatterload                        0x0800018d   Thumb Code     0  entry5.o(.ARM.Collect$$$$00000004)
    __main_after_scatterload                 0x08000191   Thumb Code     0  entry5.o(.ARM.Collect$$$$00000004)
    _main_clock                              0x08000191   Thumb Code     0  entry7b.o(.ARM.Collect$$$$00000008)
    _main_cpp_init                           0x08000191   Thumb Code     0  entry8b.o(.ARM.Collect$$$$0000000A)
    _main_init                               0x08000191   Thumb Code     0  entry9a.o(.ARM.Collect$$$$0000000B)
    __rt_final_cpp                           0x08000199   Thumb Code     0  entry10a.o(.ARM.Collect$$$$0000000D)
    __rt_final_exit                          0x08000199   Thumb Code     0  entry11a.o(.ARM.Collect$$$$0000000F)
    main                                     0x0800019d   Thumb Code   108  main.o(.text)
    NMI_Handler                              0x0800020d   Thumb Code     2  stm32f4xx_it.o(.text)
    HardFault_Handler                        0x0800020f   Thumb Code     4  stm32f4xx_it.o(.text)
    MemManage_Handler                        0x08000213   Thumb Code     4  stm32f4xx_it.o(.text)
    BusFault_Handler                         0x08000217   Thumb Code     4  stm32f4xx_it.o(.text)
    UsageFault_Handler                       0x0800021b   Thumb Code     4  stm32f4xx_it.o(.text)
    SVC_Handler                              0x0800021f   Thumb Code     2  stm32f4xx_it.o(.text)
    DebugMon_Handler                         0x08000221   Thumb Code     2  stm32f4xx_it.o(.text)
    PendSV_Handler                           0x08000223   Thumb Code     2  stm32f4xx_it.o(.text)
    SysTick_Handler                          0x08000225   Thumb Code     2  stm32f4xx_it.o(.text)
    SystemInit                               0x08000305   Thumb Code    88  system_stm32f4xx.o(.text)
    SystemCoreClockUpdate                    0x0800035d   Thumb Code   174  system_stm32f4xx.o(.text)
    LED_Init                                 0x08000439   Thumb Code    60  led.o(.text)
    LCD_WR_REG                               0x08000479   Thumb Code    18  lcd.o(.text)
    LCD_WR_DATA                              0x0800048b   Thumb Code    20  lcd.o(.text)
    LCD_RD_DATA                              0x0800049f   Thumb Code    16  lcd.o(.text)
    LCD_WriteReg                             0x080004af   Thumb Code    14  lcd.o(.text)
    LCD_ReadReg                              0x080004bd   Thumb Code    22  lcd.o(.text)
    LCD_WriteRAM_Prepare                     0x080004d3   Thumb Code    10  lcd.o(.text)
    LCD_WriteRAM                             0x080004dd   Thumb Code     8  lcd.o(.text)
    LCD_BGR2RGB                              0x080004e5   Thumb Code    26  lcd.o(.text)
    opt_delay                                0x080004ff   Thumb Code    14  lcd.o(.text)
    LCD_SetCursor                            0x0800050d   Thumb Code   418  lcd.o(.text)
    LCD_ReadPoint                            0x080006af   Thumb Code   360  lcd.o(.text)
    LCD_DisplayOn                            0x08000817   Thumb Code   102  lcd.o(.text)
    LCD_DisplayOff                           0x0800087d   Thumb Code    90  lcd.o(.text)
    LCD_Scan_Dir                             0x080008d7   Thumb Code   744  lcd.o(.text)
    LCD_DrawPoint                            0x08000bbf   Thumb Code    28  lcd.o(.text)
    LCD_Fast_DrawPoint                       0x08000bdb   Thumb Code   388  lcd.o(.text)
    LCD_SSD_BackLightSet                     0x08000d5f   Thumb Code    88  lcd.o(.text)
    LCD_Display_Dir                          0x08000db7   Thumb Code   444  lcd.o(.text)
    LCD_Set_Window                           0x08000f73   Thumb Code   546  lcd.o(.text)
    LCD_Clear                                0x08001195   Thumb Code   100  lcd.o(.text)
    LCD_Init                                 0x080011f9   Thumb Code 14696  lcd.o(.text)
    LCD_Fill                                 0x08004b61   Thumb Code   180  lcd.o(.text)
    LCD_Color_Fill                           0x08004c15   Thumb Code   100  lcd.o(.text)
    LCD_DrawLine                             0x08004c79   Thumb Code   176  lcd.o(.text)
    LCD_DrawRectangle                        0x08004d29   Thumb Code    60  lcd.o(.text)
    LCD_Draw_Circle                          0x08004d65   Thumb Code   170  lcd.o(.text)
    LCD_ShowChar                             0x08004e0f   Thumb Code   272  lcd.o(.text)
    LCD_Pow                                  0x08004f1f   Thumb Code    22  lcd.o(.text)
    LCD_ShowNum                              0x08004f35   Thumb Code   148  lcd.o(.text)
    LCD_ShowxNum                             0x08004fc9   Thumb Code   220  lcd.o(.text)
    LCD_ShowString                           0x080050a5   Thumb Code   102  lcd.o(.text)
    showTitle                                0x0800510d   Thumb Code    98  snake.o(.text)
    snakeTurn                                0x0800516f   Thumb Code    90  snake.o(.text)
    foodPrint                                0x080051c9   Thumb Code   198  snake.o(.text)
    createFood                               0x0800528f   Thumb Code    88  snake.o(.text)
    snakeErase                               0x080052e7   Thumb Code    84  snake.o(.text)
    snakePrint                               0x0800533b   Thumb Code   106  snake.o(.text)
    snakeMove                                0x080053a5   Thumb Code   198  snake.o(.text)
    initSnake                                0x0800546b   Thumb Code    84  snake.o(.text)
    KEY_Init                                 0x0800551d   Thumb Code    60  key.o(.text)
    KEY_Scan                                 0x08005559   Thumb Code   188  key.o(.text)
    delay_init                               0x08005621   Thumb Code    52  delay.o(.text)
    delay_us                                 0x08005655   Thumb Code    72  delay.o(.text)
    delay_xms                                0x0800569d   Thumb Code    72  delay.o(.text)
    delay_ms                                 0x080056e5   Thumb Code    56  delay.o(.text)
    _sys_exit                                0x08005725   Thumb Code     4  usart.o(.text)
    fputc                                    0x08005729   Thumb Code    22  usart.o(.text)
    uart_init                                0x0800573f   Thumb Code   164  usart.o(.text)
    USART1_IRQHandler                        0x080057e3   Thumb Code   122  usart.o(.text)
    Reset_Handler                            0x0800586d   Thumb Code     8  startup_stm32f40_41xxx.o(.text)
    ADC_IRQHandler                           0x08005887   Thumb Code     0  startup_stm32f40_41xxx.o(.text)
    CAN1_RX0_IRQHandler                      0x08005887   Thumb Code     0  startup_stm32f40_41xxx.o(.text)
    CAN1_RX1_IRQHandler                      0x08005887   Thumb Code     0  startup_stm32f40_41xxx.o(.text)
    CAN1_SCE_IRQHandler                      0x08005887   Thumb Code     0  startup_stm32f40_41xxx.o(.text)
    CAN1_TX_IRQHandler                       0x08005887   Thumb Code     0  startup_stm32f40_41xxx.o(.text)
    CAN2_RX0_IRQHandler                      0x08005887   Thumb Code     0  startup_stm32f40_41xxx.o(.text)
    CAN2_RX1_IRQHandler                      0x08005887   Thumb Code     0  startup_stm32f40_41xxx.o(.text)
    CAN2_SCE_IRQHandler                      0x08005887   Thumb Code     0  startup_stm32f40_41xxx.o(.text)
    CAN2_TX_IRQHandler                       0x08005887   Thumb Code     0  startup_stm32f40_41xxx.o(.text)
    CRYP_IRQHandler                          0x08005887   Thumb Code     0  startup_stm32f40_41xxx.o(.text)
    DCMI_IRQHandler                          0x08005887   Thumb Code     0  startup_stm32f40_41xxx.o(.text)
    DMA1_Stream0_IRQHandler                  0x08005887   Thumb Code     0  startup_stm32f40_41xxx.o(.text)
    DMA1_Stream1_IRQHandler                  0x08005887   Thumb Code     0  startup_stm32f40_41xxx.o(.text)
    DMA1_Stream2_IRQHandler                  0x08005887   Thumb Code     0  startup_stm32f40_41xxx.o(.text)
    DMA1_Stream3_IRQHandler                  0x08005887   Thumb Code     0  startup_stm32f40_41xxx.o(.text)
    DMA1_Stream4_IRQHandler                  0x08005887   Thumb Code     0  startup_stm32f40_41xxx.o(.text)
    DMA1_Stream5_IRQHandler                  0x08005887   Thumb Code     0  startup_stm32f40_41xxx.o(.text)
    DMA1_Stream6_IRQHandler                  0x08005887   Thumb Code     0  startup_stm32f40_41xxx.o(.text)
    DMA1_Stream7_IRQHandler                  0x08005887   Thumb Code     0  startup_stm32f40_41xxx.o(.text)
    DMA2_Stream0_IRQHandler                  0x08005887   Thumb Code     0  startup_stm32f40_41xxx.o(.text)
    DMA2_Stream1_IRQHandler                  0x08005887   Thumb Code     0  startup_stm32f40_41xxx.o(.text)
    DMA2_Stream2_IRQHandler                  0x08005887   Thumb Code     0  startup_stm32f40_41xxx.o(.text)
    DMA2_Stream3_IRQHandler                  0x08005887   Thumb Code     0  startup_stm32f40_41xxx.o(.text)
    DMA2_Stream4_IRQHandler                  0x08005887   Thumb Code     0  startup_stm32f40_41xxx.o(.text)
    DMA2_Stream5_IRQHandler                  0x08005887   Thumb Code     0  startup_stm32f40_41xxx.o(.text)
    DMA2_Stream6_IRQHandler                  0x08005887   Thumb Code     0  startup_stm32f40_41xxx.o(.text)
    DMA2_Stream7_IRQHandler                  0x08005887   Thumb Code     0  startup_stm32f40_41xxx.o(.text)
    ETH_IRQHandler                           0x08005887   Thumb Code     0  startup_stm32f40_41xxx.o(.text)
    ETH_WKUP_IRQHandler                      0x08005887   Thumb Code     0  startup_stm32f40_41xxx.o(.text)
    EXTI0_IRQHandler                         0x08005887   Thumb Code     0  startup_stm32f40_41xxx.o(.text)
    EXTI15_10_IRQHandler                     0x08005887   Thumb Code     0  startup_stm32f40_41xxx.o(.text)
    EXTI1_IRQHandler                         0x08005887   Thumb Code     0  startup_stm32f40_41xxx.o(.text)
    EXTI2_IRQHandler                         0x08005887   Thumb Code     0  startup_stm32f40_41xxx.o(.text)
    EXTI3_IRQHandler                         0x08005887   Thumb Code     0  startup_stm32f40_41xxx.o(.text)
    EXTI4_IRQHandler                         0x08005887   Thumb Code     0  startup_stm32f40_41xxx.o(.text)
    EXTI9_5_IRQHandler                       0x08005887   Thumb Code     0  startup_stm32f40_41xxx.o(.text)
    FLASH_IRQHandler                         0x08005887   Thumb Code     0  startup_stm32f40_41xxx.o(.text)
    FPU_IRQHandler                           0x08005887   Thumb Code     0  startup_stm32f40_41xxx.o(.text)
    FSMC_IRQHandler                          0x08005887   Thumb Code     0  startup_stm32f40_41xxx.o(.text)
    HASH_RNG_IRQHandler                      0x08005887   Thumb Code     0  startup_stm32f40_41xxx.o(.text)
    I2C1_ER_IRQHandler                       0x08005887   Thumb Code     0  startup_stm32f40_41xxx.o(.text)
    I2C1_EV_IRQHandler                       0x08005887   Thumb Code     0  startup_stm32f40_41xxx.o(.text)
    I2C2_ER_IRQHandler                       0x08005887   Thumb Code     0  startup_stm32f40_41xxx.o(.text)
    I2C2_EV_IRQHandler                       0x08005887   Thumb Code     0  startup_stm32f40_41xxx.o(.text)
    I2C3_ER_IRQHandler                       0x08005887   Thumb Code     0  startup_stm32f40_41xxx.o(.text)
    I2C3_EV_IRQHandler                       0x08005887   Thumb Code     0  startup_stm32f40_41xxx.o(.text)
    OTG_FS_IRQHandler                        0x08005887   Thumb Code     0  startup_stm32f40_41xxx.o(.text)
    OTG_FS_WKUP_IRQHandler                   0x08005887   Thumb Code     0  startup_stm32f40_41xxx.o(.text)
    OTG_HS_EP1_IN_IRQHandler                 0x08005887   Thumb Code     0  startup_stm32f40_41xxx.o(.text)
    OTG_HS_EP1_OUT_IRQHandler                0x08005887   Thumb Code     0  startup_stm32f40_41xxx.o(.text)
    OTG_HS_IRQHandler                        0x08005887   Thumb Code     0  startup_stm32f40_41xxx.o(.text)
    OTG_HS_WKUP_IRQHandler                   0x08005887   Thumb Code     0  startup_stm32f40_41xxx.o(.text)
    PVD_IRQHandler                           0x08005887   Thumb Code     0  startup_stm32f40_41xxx.o(.text)
    RCC_IRQHandler                           0x08005887   Thumb Code     0  startup_stm32f40_41xxx.o(.text)
    RTC_Alarm_IRQHandler                     0x08005887   Thumb Code     0  startup_stm32f40_41xxx.o(.text)
    RTC_WKUP_IRQHandler                      0x08005887   Thumb Code     0  startup_stm32f40_41xxx.o(.text)
    SDIO_IRQHandler                          0x08005887   Thumb Code     0  startup_stm32f40_41xxx.o(.text)
    SPI1_IRQHandler                          0x08005887   Thumb Code     0  startup_stm32f40_41xxx.o(.text)
    SPI2_IRQHandler                          0x08005887   Thumb Code     0  startup_stm32f40_41xxx.o(.text)
    SPI3_IRQHandler                          0x08005887   Thumb Code     0  startup_stm32f40_41xxx.o(.text)
    TAMP_STAMP_IRQHandler                    0x08005887   Thumb Code     0  startup_stm32f40_41xxx.o(.text)
    TIM1_BRK_TIM9_IRQHandler                 0x08005887   Thumb Code     0  startup_stm32f40_41xxx.o(.text)
    TIM1_CC_IRQHandler                       0x08005887   Thumb Code     0  startup_stm32f40_41xxx.o(.text)
    TIM1_TRG_COM_TIM11_IRQHandler            0x08005887   Thumb Code     0  startup_stm32f40_41xxx.o(.text)
    TIM1_UP_TIM10_IRQHandler                 0x08005887   Thumb Code     0  startup_stm32f40_41xxx.o(.text)
    TIM2_IRQHandler                          0x08005887   Thumb Code     0  startup_stm32f40_41xxx.o(.text)
    TIM3_IRQHandler                          0x08005887   Thumb Code     0  startup_stm32f40_41xxx.o(.text)
    TIM4_IRQHandler                          0x08005887   Thumb Code     0  startup_stm32f40_41xxx.o(.text)
    TIM5_IRQHandler                          0x08005887   Thumb Code     0  startup_stm32f40_41xxx.o(.text)
    TIM6_DAC_IRQHandler                      0x08005887   Thumb Code     0  startup_stm32f40_41xxx.o(.text)
    TIM7_IRQHandler                          0x08005887   Thumb Code     0  startup_stm32f40_41xxx.o(.text)
    TIM8_BRK_TIM12_IRQHandler                0x08005887   Thumb Code     0  startup_stm32f40_41xxx.o(.text)
    TIM8_CC_IRQHandler                       0x08005887   Thumb Code     0  startup_stm32f40_41xxx.o(.text)
    TIM8_TRG_COM_TIM14_IRQHandler            0x08005887   Thumb Code     0  startup_stm32f40_41xxx.o(.text)
    TIM8_UP_TIM13_IRQHandler                 0x08005887   Thumb Code     0  startup_stm32f40_41xxx.o(.text)
    UART4_IRQHandler                         0x08005887   Thumb Code     0  startup_stm32f40_41xxx.o(.text)
    UART5_IRQHandler                         0x08005887   Thumb Code     0  startup_stm32f40_41xxx.o(.text)
    USART2_IRQHandler                        0x08005887   Thumb Code     0  startup_stm32f40_41xxx.o(.text)
    USART3_IRQHandler                        0x08005887   Thumb Code     0  startup_stm32f40_41xxx.o(.text)
    USART6_IRQHandler                        0x08005887   Thumb Code     0  startup_stm32f40_41xxx.o(.text)
    WWDG_IRQHandler                          0x08005887   Thumb Code     0  startup_stm32f40_41xxx.o(.text)
    NVIC_PriorityGroupConfig                 0x08005891   Thumb Code    10  misc.o(.text)
    NVIC_Init                                0x0800589b   Thumb Code   106  misc.o(.text)
    NVIC_SetVectorTable                      0x08005905   Thumb Code    14  misc.o(.text)
    NVIC_SystemLPConfig                      0x08005913   Thumb Code    34  misc.o(.text)
    SysTick_CLKSourceConfig                  0x08005935   Thumb Code    40  misc.o(.text)
    GPIO_DeInit                              0x08005971   Thumb Code   268  stm32f4xx_gpio.o(.text)
    GPIO_Init                                0x08005a7d   Thumb Code   144  stm32f4xx_gpio.o(.text)
    GPIO_StructInit                          0x08005b0d   Thumb Code    18  stm32f4xx_gpio.o(.text)
    GPIO_PinLockConfig                       0x08005b1f   Thumb Code    34  stm32f4xx_gpio.o(.text)
    GPIO_ReadInputDataBit                    0x08005b41   Thumb Code    18  stm32f4xx_gpio.o(.text)
    GPIO_ReadInputData                       0x08005b53   Thumb Code     8  stm32f4xx_gpio.o(.text)
    GPIO_ReadOutputDataBit                   0x08005b5b   Thumb Code    18  stm32f4xx_gpio.o(.text)
    GPIO_ReadOutputData                      0x08005b6d   Thumb Code     8  stm32f4xx_gpio.o(.text)
    GPIO_SetBits                             0x08005b75   Thumb Code     4  stm32f4xx_gpio.o(.text)
    GPIO_ResetBits                           0x08005b79   Thumb Code     4  stm32f4xx_gpio.o(.text)
    GPIO_WriteBit                            0x08005b7d   Thumb Code    10  stm32f4xx_gpio.o(.text)
    GPIO_Write                               0x08005b87   Thumb Code     4  stm32f4xx_gpio.o(.text)
    GPIO_ToggleBits                          0x08005b8b   Thumb Code     8  stm32f4xx_gpio.o(.text)
    GPIO_PinAFConfig                         0x08005b93   Thumb Code    70  stm32f4xx_gpio.o(.text)
    FSMC_NORSRAMDeInit                       0x08005c05   Thumb Code    54  stm32f4xx_fsmc.o(.text)
    FSMC_NORSRAMInit                         0x08005c3b   Thumb Code   230  stm32f4xx_fsmc.o(.text)
    FSMC_NORSRAMStructInit                   0x08005d21   Thumb Code    48  stm32f4xx_fsmc.o(.text)
    FSMC_NORSRAMCmd                          0x08005d51   Thumb Code    46  stm32f4xx_fsmc.o(.text)
    FSMC_NANDDeInit                          0x08005d7f   Thumb Code    62  stm32f4xx_fsmc.o(.text)
    FSMC_NANDInit                            0x08005dbd   Thumb Code   132  stm32f4xx_fsmc.o(.text)
    FSMC_NANDStructInit                      0x08005e41   Thumb Code    54  stm32f4xx_fsmc.o(.text)
    FSMC_NANDCmd                             0x08005e77   Thumb Code    86  stm32f4xx_fsmc.o(.text)
    FSMC_NANDECCCmd                          0x08005ecd   Thumb Code    86  stm32f4xx_fsmc.o(.text)
    FSMC_GetECC                              0x08005f23   Thumb Code    24  stm32f4xx_fsmc.o(.text)
    FSMC_PCCARDDeInit                        0x08005f3b   Thumb Code    36  stm32f4xx_fsmc.o(.text)
    FSMC_PCCARDInit                          0x08005f5f   Thumb Code   130  stm32f4xx_fsmc.o(.text)
    FSMC_PCCARDStructInit                    0x08005fe1   Thumb Code    60  stm32f4xx_fsmc.o(.text)
    FSMC_PCCARDCmd                           0x0800601d   Thumb Code    44  stm32f4xx_fsmc.o(.text)
    FSMC_ITConfig                            0x08006049   Thumb Code   128  stm32f4xx_fsmc.o(.text)
    FSMC_GetFlagStatus                       0x080060c9   Thumb Code    54  stm32f4xx_fsmc.o(.text)
    FSMC_ClearFlag                           0x080060ff   Thumb Code    74  stm32f4xx_fsmc.o(.text)
    FSMC_GetITStatus                         0x08006149   Thumb Code    62  stm32f4xx_fsmc.o(.text)
    FSMC_ClearITPendingBit                   0x08006187   Thumb Code    66  stm32f4xx_fsmc.o(.text)
    RCC_DeInit                               0x080061cd   Thumb Code    82  stm32f4xx_rcc.o(.text)
    RCC_HSEConfig                            0x0800621f   Thumb Code    14  stm32f4xx_rcc.o(.text)
    RCC_GetFlagStatus                        0x0800622d   Thumb Code    60  stm32f4xx_rcc.o(.text)
    RCC_WaitForHSEStartUp                    0x08006269   Thumb Code    56  stm32f4xx_rcc.o(.text)
    RCC_AdjustHSICalibrationValue            0x080062a1   Thumb Code    20  stm32f4xx_rcc.o(.text)
    RCC_HSICmd                               0x080062b5   Thumb Code     6  stm32f4xx_rcc.o(.text)
    RCC_LSEConfig                            0x080062bb   Thumb Code    46  stm32f4xx_rcc.o(.text)
    RCC_LSICmd                               0x080062e9   Thumb Code     6  stm32f4xx_rcc.o(.text)
    RCC_PLLConfig                            0x080062ef   Thumb Code    32  stm32f4xx_rcc.o(.text)
    RCC_PLLCmd                               0x0800630f   Thumb Code     6  stm32f4xx_rcc.o(.text)
    RCC_PLLI2SConfig                         0x08006315   Thumb Code    14  stm32f4xx_rcc.o(.text)
    RCC_PLLI2SCmd                            0x08006323   Thumb Code     6  stm32f4xx_rcc.o(.text)
    RCC_PLLSAIConfig                         0x08006329   Thumb Code    20  stm32f4xx_rcc.o(.text)
    RCC_PLLSAICmd                            0x0800633d   Thumb Code     6  stm32f4xx_rcc.o(.text)
    RCC_ClockSecuritySystemCmd               0x08006343   Thumb Code     6  stm32f4xx_rcc.o(.text)
    RCC_MCO1Config                           0x08006349   Thumb Code    28  stm32f4xx_rcc.o(.text)
    RCC_MCO2Config                           0x08006365   Thumb Code    28  stm32f4xx_rcc.o(.text)
    RCC_SYSCLKConfig                         0x08006381   Thumb Code    20  stm32f4xx_rcc.o(.text)
    RCC_GetSYSCLKSource                      0x08006395   Thumb Code    12  stm32f4xx_rcc.o(.text)
    RCC_HCLKConfig                           0x080063a1   Thumb Code    20  stm32f4xx_rcc.o(.text)
    RCC_PCLK1Config                          0x080063b5   Thumb Code    20  stm32f4xx_rcc.o(.text)
    RCC_PCLK2Config                          0x080063c9   Thumb Code    22  stm32f4xx_rcc.o(.text)
    RCC_GetClocksFreq                        0x080063df   Thumb Code   222  stm32f4xx_rcc.o(.text)
    RCC_RTCCLKConfig                         0x080064bd   Thumb Code    54  stm32f4xx_rcc.o(.text)
    RCC_RTCCLKCmd                            0x080064f3   Thumb Code     8  stm32f4xx_rcc.o(.text)
    RCC_BackupResetCmd                       0x080064fb   Thumb Code     8  stm32f4xx_rcc.o(.text)
    RCC_I2SCLKConfig                         0x08006503   Thumb Code     6  stm32f4xx_rcc.o(.text)
    RCC_SAIPLLI2SClkDivConfig                0x08006509   Thumb Code    26  stm32f4xx_rcc.o(.text)
    RCC_SAIPLLSAIClkDivConfig                0x08006523   Thumb Code    28  stm32f4xx_rcc.o(.text)
    RCC_SAIBlockACLKConfig                   0x0800653f   Thumb Code    20  stm32f4xx_rcc.o(.text)
    RCC_SAIBlockBCLKConfig                   0x08006553   Thumb Code    20  stm32f4xx_rcc.o(.text)
    RCC_LTDCCLKDivConfig                     0x08006567   Thumb Code    20  stm32f4xx_rcc.o(.text)
    RCC_TIMCLKPresConfig                     0x0800657b   Thumb Code     6  stm32f4xx_rcc.o(.text)
    RCC_AHB1PeriphClockCmd                   0x08006581   Thumb Code    34  stm32f4xx_rcc.o(.text)
    RCC_AHB2PeriphClockCmd                   0x080065a3   Thumb Code    78  stm32f4xx_rcc.o(.text)
    RCC_AHB3PeriphClockCmd                   0x080065f1   Thumb Code    34  stm32f4xx_rcc.o(.text)
    RCC_APB1PeriphClockCmd                   0x08006613   Thumb Code    34  stm32f4xx_rcc.o(.text)
    RCC_APB2PeriphClockCmd                   0x08006635   Thumb Code    34  stm32f4xx_rcc.o(.text)
    RCC_AHB1PeriphResetCmd                   0x08006657   Thumb Code    34  stm32f4xx_rcc.o(.text)
    RCC_AHB2PeriphResetCmd                   0x08006679   Thumb Code    34  stm32f4xx_rcc.o(.text)
    RCC_AHB3PeriphResetCmd                   0x0800669b   Thumb Code    34  stm32f4xx_rcc.o(.text)
    RCC_APB1PeriphResetCmd                   0x080066bd   Thumb Code    34  stm32f4xx_rcc.o(.text)
    RCC_APB2PeriphResetCmd                   0x080066df   Thumb Code    34  stm32f4xx_rcc.o(.text)
    RCC_AHB1PeriphClockLPModeCmd             0x08006701   Thumb Code    34  stm32f4xx_rcc.o(.text)
    RCC_AHB2PeriphClockLPModeCmd             0x08006723   Thumb Code    34  stm32f4xx_rcc.o(.text)
    RCC_AHB3PeriphClockLPModeCmd             0x08006745   Thumb Code    34  stm32f4xx_rcc.o(.text)
    RCC_APB1PeriphClockLPModeCmd             0x08006767   Thumb Code    34  stm32f4xx_rcc.o(.text)
    RCC_APB2PeriphClockLPModeCmd             0x08006789   Thumb Code    34  stm32f4xx_rcc.o(.text)
    RCC_LSEModeConfig                        0x080067ab   Thumb Code    40  stm32f4xx_rcc.o(.text)
    RCC_ITConfig                             0x080067d3   Thumb Code    34  stm32f4xx_rcc.o(.text)
    RCC_ClearFlag                            0x080067f5   Thumb Code    18  stm32f4xx_rcc.o(.text)
    RCC_GetITStatus                          0x08006807   Thumb Code    22  stm32f4xx_rcc.o(.text)
    RCC_ClearITPendingBit                    0x0800681d   Thumb Code     8  stm32f4xx_rcc.o(.text)
    USART_DeInit                             0x08006829   Thumb Code   206  stm32f4xx_usart.o(.text)
    USART_Init                               0x080068f7   Thumb Code   204  stm32f4xx_usart.o(.text)
    USART_StructInit                         0x080069c3   Thumb Code    24  stm32f4xx_usart.o(.text)
    USART_ClockInit                          0x080069db   Thumb Code    32  stm32f4xx_usart.o(.text)
    USART_ClockStructInit                    0x080069fb   Thumb Code    12  stm32f4xx_usart.o(.text)
    USART_Cmd                                0x08006a07   Thumb Code    24  stm32f4xx_usart.o(.text)
    USART_SetPrescaler                       0x08006a1f   Thumb Code    16  stm32f4xx_usart.o(.text)
    USART_OverSampling8Cmd                   0x08006a2f   Thumb Code    22  stm32f4xx_usart.o(.text)
    USART_OneBitMethodCmd                    0x08006a45   Thumb Code    24  stm32f4xx_usart.o(.text)
    USART_SendData                           0x08006a5d   Thumb Code     8  stm32f4xx_usart.o(.text)
    USART_ReceiveData                        0x08006a65   Thumb Code    10  stm32f4xx_usart.o(.text)
    USART_SetAddress                         0x08006a6f   Thumb Code    18  stm32f4xx_usart.o(.text)
    USART_ReceiverWakeUpCmd                  0x08006a81   Thumb Code    24  stm32f4xx_usart.o(.text)
    USART_WakeUpConfig                       0x08006a99   Thumb Code    18  stm32f4xx_usart.o(.text)
    USART_LINBreakDetectLengthConfig         0x08006aab   Thumb Code    18  stm32f4xx_usart.o(.text)
    USART_LINCmd                             0x08006abd   Thumb Code    24  stm32f4xx_usart.o(.text)
    USART_SendBreak                          0x08006ad5   Thumb Code    10  stm32f4xx_usart.o(.text)
    USART_HalfDuplexCmd                      0x08006adf   Thumb Code    24  stm32f4xx_usart.o(.text)
    USART_SetGuardTime                       0x08006af7   Thumb Code    16  stm32f4xx_usart.o(.text)
    USART_SmartCardCmd                       0x08006b07   Thumb Code    24  stm32f4xx_usart.o(.text)
    USART_SmartCardNACKCmd                   0x08006b1f   Thumb Code    24  stm32f4xx_usart.o(.text)
    USART_IrDAConfig                         0x08006b37   Thumb Code    18  stm32f4xx_usart.o(.text)
    USART_IrDACmd                            0x08006b49   Thumb Code    24  stm32f4xx_usart.o(.text)
    USART_DMACmd                             0x08006b61   Thumb Code    18  stm32f4xx_usart.o(.text)
    USART_ITConfig                           0x08006b73   Thumb Code    74  stm32f4xx_usart.o(.text)
    USART_GetFlagStatus                      0x08006bbd   Thumb Code    26  stm32f4xx_usart.o(.text)
    USART_ClearFlag                          0x08006bd7   Thumb Code    18  stm32f4xx_usart.o(.text)
    USART_GetITStatus                        0x08006be9   Thumb Code   118  stm32f4xx_usart.o(.text)
    USART_ClearITPendingBit                  0x08006c5f   Thumb Code    30  stm32f4xx_usart.o(.text)
    rand                                     0x08006c7d   Thumb Code    20  rand.o(.text)
    srand                                    0x08006c91   Thumb Code     6  rand.o(.text)
    __aeabi_dmul                             0x08006ca1   Thumb Code   228  dmul.o(.text)
    __aeabi_ui2d                             0x08006d85   Thumb Code    26  dfltui.o(.text)
    __aeabi_d2uiz                            0x08006d9f   Thumb Code    50  dfixui.o(.text)
    __aeabi_uldivmod                         0x08006dd1   Thumb Code    98  uldiv.o(.text)
    __aeabi_llsr                             0x08006e33   Thumb Code    32  llushr.o(.text)
    _ll_ushift_r                             0x08006e33   Thumb Code     0  llushr.o(.text)
    __I$use$fp                               0x08006e53   Thumb Code     0  iusefp.o(.text)
    _double_round                            0x08006e53   Thumb Code    30  depilogue.o(.text)
    _double_epilogue                         0x08006e71   Thumb Code   156  depilogue.o(.text)
    __scatterload                            0x08006f0d   Thumb Code    28  init.o(.text)
    __scatterload_rt2                        0x08006f0d   Thumb Code     0  init.o(.text)
    __aeabi_llsl                             0x08006f31   Thumb Code    30  llshl.o(.text)
    _ll_shift_l                              0x08006f31   Thumb Code     0  llshl.o(.text)
    __0printf$5                              0x08006f51   Thumb Code    22  printf5.o(i.__0printf$5)
    __1printf$5                              0x08006f51   Thumb Code     0  printf5.o(i.__0printf$5)
    __2printf                                0x08006f51   Thumb Code     0  printf5.o(i.__0printf$5)
    __scatterload_copy                       0x08006f71   Thumb Code    14  handlers.o(i.__scatterload_copy)
    __scatterload_null                       0x08006f7f   Thumb Code     2  handlers.o(i.__scatterload_null)
    __scatterload_zeroinit                   0x08006f81   Thumb Code    14  handlers.o(i.__scatterload_zeroinit)
    free                                     0x08007251   Thumb Code    76  malloc.o(i.free)
    malloc                                   0x080072a1   Thumb Code    92  malloc.o(i.malloc)
    asc2_1206                                0x0800730c   Data        1140  lcd.o(.constdata)
    asc2_1608                                0x08007780   Data        1520  lcd.o(.constdata)
    asc2_2412                                0x08007d70   Data        3420  lcd.o(.constdata)
    FSMC_DefaultTimingStruct                 0x08008acc   Data          28  stm32f4xx_fsmc.o(.constdata)
    Region$$Table$$Base                      0x08008ae8   Number         0  anon$$obj.o(Region$$Table)
    Region$$Table$$Limit                     0x08008b08   Number         0  anon$$obj.o(Region$$Table)
    SystemCoreClock                          0x20000000   Data           4  system_stm32f4xx.o(.data)
    AHBPrescTable                            0x20000004   Data          16  system_stm32f4xx.o(.data)
    POINT_COLOR                              0x20000014   Data           2  lcd.o(.data)
    BACK_COLOR                               0x20000016   Data           2  lcd.o(.data)
    colorTable                               0x20000018   Data          24  snake.o(.data)
    init_X                                   0x20000030   Data           2  snake.o(.data)
    init_Y                                   0x20000032   Data           2  snake.o(.data)
    horizonal                                0x20000034   Data           4  snake.o(.data)
    vertical                                 0x20000038   Data           4  snake.o(.data)
    title                                    0x2000003c   Data          14  snake.o(.data)
    titleLeng                                0x2000004a   Data           1  snake.o(.data)
    fontSize                                 0x2000004b   Data           1  snake.o(.data)
    score                                    0x2000004c   Data           2  snake.o(.data)
    food                                     0x20000050   Data           4  snake.o(.data)
    head                                     0x20000054   Data           4  snake.o(.data)
    __stdout                                 0x20000060   Data           4  usart.o(.data)
    USART_RX_STA                             0x20000064   Data           2  usart.o(.data)
    __microlib_freelist                      0x2000007c   Data           4  mvars.o(.data)
    __microlib_freelist_initialised          0x20000080   Data           4  mvars.o(.data)
    lcddev                                   0x20000084   Data          14  lcd.o(.bss)
    USART_RX_BUF                             0x20000092   Data         200  usart.o(.bss)
    __heap_base                              0x20000160   Data           0  startup_stm32f40_41xxx.o(HEAP)
    __heap_limit                             0x20000360   Data           0  startup_stm32f40_41xxx.o(HEAP)
    __initial_sp                             0x20000760   Data           0  startup_stm32f40_41xxx.o(STACK)



==============================================================================

Memory Map of the image

  Image Entry point : 0x08000189

  Load Region LR_IROM1 (Base: 0x08000000, Size: 0x00008b8c, Max: 0x00100000, ABSOLUTE)

    Execution Region ER_IROM1 (Base: 0x08000000, Size: 0x00008b08, Max: 0x00100000, ABSOLUTE)

    Base Addr    Size         Type   Attr      Idx    E Section Name        Object

    0x08000000   0x00000188   Data   RO          408    RESET               startup_stm32f40_41xxx.o
    0x08000188   0x00000000   Code   RO          538  * .ARM.Collect$$$$00000000  mc_w.l(entry.o)
    0x08000188   0x00000004   Code   RO          839    .ARM.Collect$$$$00000001  mc_w.l(entry2.o)
    0x0800018c   0x00000004   Code   RO          842    .ARM.Collect$$$$00000004  mc_w.l(entry5.o)
    0x08000190   0x00000000   Code   RO          844    .ARM.Collect$$$$00000008  mc_w.l(entry7b.o)
    0x08000190   0x00000000   Code   RO          846    .ARM.Collect$$$$0000000A  mc_w.l(entry8b.o)
    0x08000190   0x00000008   Code   RO          847    .ARM.Collect$$$$0000000B  mc_w.l(entry9a.o)
    0x08000198   0x00000000   Code   RO          849    .ARM.Collect$$$$0000000D  mc_w.l(entry10a.o)
    0x08000198   0x00000000   Code   RO          851    .ARM.Collect$$$$0000000F  mc_w.l(entry11a.o)
    0x08000198   0x00000004   Code   RO          840    .ARM.Collect$$$$00002712  mc_w.l(entry2.o)
    0x0800019c   0x00000070   Code   RO            3    .text               main.o
    0x0800020c   0x0000001a   Code   RO          160    .text               stm32f4xx_it.o
    0x08000226   0x00000002   PAD
    0x08000228   0x00000210   Code   RO          209    .text               system_stm32f4xx.o
    0x08000438   0x00000040   Code   RO          235    .text               led.o
    0x08000478   0x00004c92   Code   RO          255    .text               lcd.o
    0x0800510a   0x00000002   PAD
    0x0800510c   0x00000410   Code   RO          293    .text               snake.o
    0x0800551c   0x00000104   Code   RO          316    .text               key.o
    0x08005620   0x00000104   Code   RO          337    .text               delay.o
    0x08005724   0x00000148   Code   RO          377    .text               usart.o
    0x0800586c   0x00000024   Code   RO          409    .text               startup_stm32f40_41xxx.o
    0x08005890   0x000000e0   Code   RO          415    .text               misc.o
    0x08005970   0x00000294   Code   RO          435    .text               stm32f4xx_gpio.o
    0x08005c04   0x000005c8   Code   RO          455    .text               stm32f4xx_fsmc.o
    0x080061cc   0x0000065c   Code   RO          478    .text               stm32f4xx_rcc.o
    0x08006828   0x00000454   Code   RO          520    .text               stm32f4xx_usart.o
    0x08006c7c   0x00000024   Code   RO          541    .text               mc_w.l(rand.o)
    0x08006ca0   0x000000e4   Code   RO          833    .text               mf_w.l(dmul.o)
    0x08006d84   0x0000001a   Code   RO          835    .text               mf_w.l(dfltui.o)
    0x08006d9e   0x00000032   Code   RO          837    .text               mf_w.l(dfixui.o)
    0x08006dd0   0x00000062   Code   RO          855    .text               mc_w.l(uldiv.o)
    0x08006e32   0x00000020   Code   RO          857    .text               mc_w.l(llushr.o)
    0x08006e52   0x00000000   Code   RO          865    .text               mc_w.l(iusefp.o)
    0x08006e52   0x000000ba   Code   RO          866    .text               mf_w.l(depilogue.o)
    0x08006f0c   0x00000024   Code   RO          876    .text               mc_w.l(init.o)
    0x08006f30   0x0000001e   Code   RO          878    .text               mc_w.l(llshl.o)
    0x08006f4e   0x00000002   PAD
    0x08006f50   0x00000020   Code   RO          677    i.__0printf$5       mc_w.l(printf5.o)
    0x08006f70   0x0000000e   Code   RO          884    i.__scatterload_copy  mc_w.l(handlers.o)
    0x08006f7e   0x00000002   Code   RO          885    i.__scatterload_null  mc_w.l(handlers.o)
    0x08006f80   0x0000000e   Code   RO          886    i.__scatterload_zeroinit  mc_w.l(handlers.o)
    0x08006f8e   0x00000002   PAD
    0x08006f90   0x000002c0   Code   RO          684    i._printf_core      mc_w.l(printf5.o)
    0x08007250   0x00000050   Code   RO          805    i.free              mc_w.l(malloc.o)
    0x080072a0   0x0000006c   Code   RO          806    i.malloc            mc_w.l(malloc.o)
    0x0800730c   0x000017c0   Data   RO          257    .constdata          lcd.o
    0x08008acc   0x0000001c   Data   RO          456    .constdata          stm32f4xx_fsmc.o
    0x08008ae8   0x00000020   Data   RO          882    Region$$Table       anon$$obj.o


    Execution Region RW_IRAM1 (Base: 0x20000000, Size: 0x00000760, Max: 0x00020000, ABSOLUTE)

    Base Addr    Size         Type   Attr      Idx    E Section Name        Object

    0x20000000   0x00000014   Data   RW          210    .data               system_stm32f4xx.o
    0x20000014   0x00000004   Data   RW          258    .data               lcd.o
    0x20000018   0x00000040   Data   RW          294    .data               snake.o
    0x20000058   0x00000001   Data   RW          317    .data               key.o
    0x20000059   0x00000001   PAD
    0x2000005a   0x00000004   Data   RW          338    .data               delay.o
    0x2000005e   0x00000002   PAD
    0x20000060   0x00000006   Data   RW          379    .data               usart.o
    0x20000066   0x00000010   Data   RW          479    .data               stm32f4xx_rcc.o
    0x20000076   0x00000002   PAD
    0x20000078   0x00000004   Data   RW          542    .data               mc_w.l(rand.o)
    0x2000007c   0x00000004   Data   RW          863    .data               mc_w.l(mvars.o)
    0x20000080   0x00000004   Data   RW          864    .data               mc_w.l(mvars.o)
    0x20000084   0x0000000e   Zero   RW          256    .bss                lcd.o
    0x20000092   0x000000c8   Zero   RW          378    .bss                usart.o
    0x2000015a   0x00000006   PAD
    0x20000160   0x00000200   Zero   RW          407    HEAP                startup_stm32f40_41xxx.o
    0x20000360   0x00000400   Zero   RW          406    STACK               startup_stm32f40_41xxx.o


==============================================================================

Image component sizes


      Code (inc. data)   RO Data    RW Data    ZI Data      Debug   Object Name

       260          8          0          4          0       1465   delay.o
       260         12          0          1          0        880   key.o
     19602        174       6080          4         14      21950   lcd.o
        64          4          0          0          0        539   led.o
       112          4          0          0          0     271335   main.o
       224         20          0          0          0       1845   misc.o
      1040         94          0         64          0       2932   snake.o
        36          8        392          0       1536        840   startup_stm32f40_41xxx.o
      1480         18         28          0          0       5658   stm32f4xx_fsmc.o
       660         44          0          0          0       4121   stm32f4xx_gpio.o
        26          0          0          0          0       1234   stm32f4xx_it.o
      1628         52          0         16          0      12924   stm32f4xx_rcc.o
      1108         34          0          0          0       7820   stm32f4xx_usart.o
       528         46          0         20          0       1819   system_stm32f4xx.o
       328         16          0          6        200       3322   usart.o

    ----------------------------------------------------------------------
     27360        534       6532        120       1756     338684   Object Totals
         0          0         32          0          0          0   (incl. Generated)
         4          0          0          5          6          0   (incl. Padding)

    ----------------------------------------------------------------------

      Code (inc. data)   RO Data    RW Data    ZI Data      Debug   Library Member Name

         0          0          0          0          0          0   entry.o
         0          0          0          0          0          0   entry10a.o
         0          0          0          0          0          0   entry11a.o
         8          4          0          0          0          0   entry2.o
         4          0          0          0          0          0   entry5.o
         0          0          0          0          0          0   entry7b.o
         0          0          0          0          0          0   entry8b.o
         8          4          0          0          0          0   entry9a.o
        30          0          0          0          0          0   handlers.o
        36          8          0          0          0         68   init.o
         0          0          0          0          0          0   iusefp.o
        30          0          0          0          0         68   llshl.o
        32          0          0          0          0         68   llushr.o
       188         20          0          0          0        160   malloc.o
         0          0          0          8          0          0   mvars.o
       736         56          0          0          0        184   printf5.o
        36         10          0          4          0        136   rand.o
        98          0          0          0          0         92   uldiv.o
       186          0          0          0          0        176   depilogue.o
        50          0          0          0          0         76   dfixui.o
        26          0          0          0          0         76   dfltui.o
       228          0          0          0          0         96   dmul.o

    ----------------------------------------------------------------------
      1700        102          0         12          0       1200   Library Totals
         4          0          0          0          0          0   (incl. Padding)

    ----------------------------------------------------------------------

      Code (inc. data)   RO Data    RW Data    ZI Data      Debug   Library Name

      1206        102          0         12          0        776   mc_w.l
       490          0          0          0          0        424   mf_w.l

    ----------------------------------------------------------------------
      1700        102          0         12          0       1200   Library Totals

    ----------------------------------------------------------------------

==============================================================================


      Code (inc. data)   RO Data    RW Data    ZI Data      Debug   

     29060        636       6532        132       1756     336868   Grand Totals
     29060        636       6532        132       1756     336868   ELF Image Totals
     29060        636       6532        132          0          0   ROM Totals

==============================================================================

    Total RO  Size (Code + RO Data)                35592 (  34.76kB)
    Total RW  Size (RW Data + ZI Data)              1888 (   1.84kB)
    Total ROM Size (Code + RO Data + RW Data)      35724 (  34.89kB)

==============================================================================

